<!doctype html public "-//w3c//dtd html 4.0 transitional//en">
<html><head>
<title>Static Call Graph - [.\Objects\RB_Project.axf]</title></head>
<body><HR>
<H1>Static Call Graph for image .\Objects\RB_Project.axf</H1><HR>
<BR><P>#&#060CALLGRAPH&#062# ARM Linker, 6230001: Last Updated: Sun Feb  1 16:49:48 2026
<BR><P>
<H3>Maximum Stack Usage =        304 bytes + Unknown(Cycles, Untraceable Function Pointers)</H3><H3>
Call chain for Maximum Stack Depth:</H3>
debug_uart_func &rArr; debug_uart_entry &rArr; MPU6050_Init_Attitude &rArr; MPU6050_Read_SixAxis &rArr; MPU6050_ReadRegs &rArr; vTaskDelay &rArr; xTaskResumeAll &rArr; xTaskIncrementTick
<P>
<H3>
Mutually Recursive functions
</H3> <LI><a href="#[42]">bsp_prv_software_delay_loop</a>&nbsp;&nbsp;&nbsp;&rArr;&nbsp;&nbsp;&nbsp;<a href="#[42]">bsp_prv_software_delay_loop</a><BR>
</UL>
<P>
<H3>
Function Pointers
</H3><UL>
 <LI><a href="#[4]">BusFault_Handler</a> from startup.o(.text.Default_Handler) referenced from startup.o(.fixed_vectors)
 <LI><a href="#[8]">DebugMon_Handler</a> from startup.o(.text.Default_Handler) referenced from startup.o(.fixed_vectors)
 <LI><a href="#[2]">HardFault_Handler</a> from startup.o(.text.Default_Handler) referenced from startup.o(.fixed_vectors)
 <LI><a href="#[18]">MPU_6050_callback</a> from mpu6050.o(.text.MPU_6050_callback) referenced from hal_data.o(.rodata.MPU_6050_cfg)
 <LI><a href="#[3]">MemManage_Handler</a> from startup.o(.text.Default_Handler) referenced from startup.o(.fixed_vectors)
 <LI><a href="#[1]">NMI_Handler</a> from bsp_group_irq.o(.text.NMI_Handler) referenced from startup.o(.fixed_vectors)
 <LI><a href="#[9]">PendSV_Handler</a> from port.o(.text.PendSV_Handler) referenced from startup.o(.fixed_vectors)
 <LI><a href="#[0]">Reset_Handler</a> from startup.o(.text.Reset_Handler) referenced from startup.o(.fixed_vectors)
 <LI><a href="#[7]">SVC_Handler</a> from port.o(.text.SVC_Handler) referenced from startup.o(.fixed_vectors)
 <LI><a href="#[6]">SecureFault_Handler</a> from startup.o(.text.Default_Handler) referenced from startup.o(.fixed_vectors)
 <LI><a href="#[a]">SysTick_Handler</a> from port.o(.text.SysTick_Handler) referenced from startup.o(.fixed_vectors)
 <LI><a href="#[5]">UsageFault_Handler</a> from startup.o(.text.Default_Handler) referenced from startup.o(.fixed_vectors)
 <LI><a href="#[17]">debug_uart_callback</a> from bsp_debug_uart.o(.text.debug_uart_callback) referenced from hal_data.o(.rodata.Debug_UART_cfg)
 <LI><a href="#[12]">debug_uart_func</a> from debug_uart.o(.text.debug_uart_func) referenced 2 times from debug_uart.o(.text.debug_uart_create)
 <LI><a href="#[16]">fputc</a> from bsp_debug_uart.o(.text.fputc) referenced from printfa.o(i.__0printf)
 <LI><a href="#[14]">prvIdleTask</a> from tasks.o(.text.prvIdleTask) referenced 2 times from tasks.o(.text.vTaskStartScheduler)
 <LI><a href="#[13]">prvTaskExitError</a> from port.o(.text.prvTaskExitError) referenced 2 times from port.o(.text.pxPortInitialiseStack)
 <LI><a href="#[15]">prvTimerTask</a> from timers.o(.text.prvTimerTask) referenced 2 times from timers.o(.text.xTimerCreateTimerTask)
 <LI><a href="#[10]">sci_i2c_tei_isr</a> from r_sci_i2c.o(.text.sci_i2c_tei_isr) referenced from vector_data.o(.application_vectors)
 <LI><a href="#[f]">sci_i2c_txi_isr</a> from r_sci_i2c.o(.text.sci_i2c_txi_isr) referenced from vector_data.o(.application_vectors)
 <LI><a href="#[e]">sci_uart_eri_isr</a> from r_sci_uart.o(.text.sci_uart_eri_isr) referenced from vector_data.o(.application_vectors)
 <LI><a href="#[b]">sci_uart_rxi_isr</a> from r_sci_uart.o(.text.sci_uart_rxi_isr) referenced from vector_data.o(.application_vectors)
 <LI><a href="#[d]">sci_uart_tei_isr</a> from r_sci_uart.o(.text.sci_uart_tei_isr) referenced from vector_data.o(.application_vectors)
 <LI><a href="#[c]">sci_uart_txi_isr</a> from r_sci_uart.o(.text.sci_uart_txi_isr) referenced from vector_data.o(.application_vectors)
 <LI><a href="#[11]">vPortSVCHandler_C</a> from port.o(.text.vPortSVCHandler_C) referenced from port.o(.text.SVC_Handler)
</UL>
<P>
<H3>
Global Symbols
</H3>
<P><STRONG><a name="[69]"></a>__aeabi_memcpy</STRONG> (Thumb, 36 bytes, Stack size 0 bytes, memcpya.o(.text))
<BR><BR>[Called By]<UL><LI><a href="#[78]">&gt;&gt;</a>&nbsp;&nbsp;&nbsp;xQueueReceive
<LI><a href="#[68]">&gt;&gt;</a>&nbsp;&nbsp;&nbsp;prvCopyDataToQueue
<LI><a href="#[b]">&gt;&gt;</a>&nbsp;&nbsp;&nbsp;sci_uart_rxi_isr
</UL>

<P><STRONG><a name="[4c]"></a>__aeabi_memcpy4</STRONG> (Thumb, 0 bytes, Stack size 0 bytes, memcpya.o(.text))
<BR><BR>[Called By]<UL><LI><a href="#[46]">&gt;&gt;</a>&nbsp;&nbsp;&nbsp;SystemInit
</UL>

<P><STRONG><a name="[9a]"></a>__aeabi_memcpy8</STRONG> (Thumb, 0 bytes, Stack size 0 bytes, memcpya.o(.text), UNUSED)

<P><STRONG><a name="[1a]"></a>__aeabi_memset</STRONG> (Thumb, 14 bytes, Stack size 0 bytes, memseta.o(.text))
<BR><BR>[Called By]<UL><LI><a href="#[1b]">&gt;&gt;</a>&nbsp;&nbsp;&nbsp;_memset$wrapper
<LI><a href="#[19]">&gt;&gt;</a>&nbsp;&nbsp;&nbsp;__aeabi_memclr
</UL>

<P><STRONG><a name="[6e]"></a>__aeabi_memset4</STRONG> (Thumb, 0 bytes, Stack size 0 bytes, memseta.o(.text))
<BR><BR>[Called By]<UL><LI><a href="#[6d]">&gt;&gt;</a>&nbsp;&nbsp;&nbsp;prvInitialiseNewTask
</UL>

<P><STRONG><a name="[9b]"></a>__aeabi_memset8</STRONG> (Thumb, 0 bytes, Stack size 0 bytes, memseta.o(.text), UNUSED)

<P><STRONG><a name="[19]"></a>__aeabi_memclr</STRONG> (Thumb, 4 bytes, Stack size 0 bytes, memseta.o(.text))
<BR><BR>[Calls]<UL><LI><a href="#[1a]">&gt;&gt;</a>&nbsp;&nbsp;&nbsp;__aeabi_memset
</UL>
<BR>[Called By]<UL><LI><a href="#[54]">&gt;&gt;</a>&nbsp;&nbsp;&nbsp;xTaskCreate
<LI><a href="#[86]">&gt;&gt;</a>&nbsp;&nbsp;&nbsp;xTaskCreateStatic
</UL>

<P><STRONG><a name="[4b]"></a>__aeabi_memclr4</STRONG> (Thumb, 0 bytes, Stack size 0 bytes, memseta.o(.text))
<BR><BR>[Called By]<UL><LI><a href="#[46]">&gt;&gt;</a>&nbsp;&nbsp;&nbsp;SystemInit
</UL>

<P><STRONG><a name="[9c]"></a>__aeabi_memclr8</STRONG> (Thumb, 0 bytes, Stack size 0 bytes, memseta.o(.text), UNUSED)

<P><STRONG><a name="[1b]"></a>_memset$wrapper</STRONG> (Thumb, 18 bytes, Stack size 8 bytes, memseta.o(.text), UNUSED)
<BR><BR>[Calls]<UL><LI><a href="#[1a]">&gt;&gt;</a>&nbsp;&nbsp;&nbsp;__aeabi_memset
</UL>

<P><STRONG><a name="[37]"></a>__aeabi_f2d</STRONG> (Thumb, 38 bytes, Stack size 0 bytes, f2d.o(.text))
<BR><BR>[Called By]<UL><LI><a href="#[56]">&gt;&gt;</a>&nbsp;&nbsp;&nbsp;debug_uart_entry
<LI><a href="#[35]">&gt;&gt;</a>&nbsp;&nbsp;&nbsp;MPU6050_Init_Attitude
</UL>

<P><STRONG><a name="[9d]"></a>__aeabi_uidiv</STRONG> (Thumb, 0 bytes, Stack size 12 bytes, uidiv.o(.text), UNUSED)

<P><STRONG><a name="[99]"></a>__aeabi_uidivmod</STRONG> (Thumb, 44 bytes, Stack size 12 bytes, uidiv.o(.text), UNUSED)
<BR><BR>[Called By]<UL><LI><a href="#[90]">&gt;&gt;</a>&nbsp;&nbsp;&nbsp;_printf_core
</UL>

<P><STRONG><a name="[1c]"></a>__aeabi_uldivmod</STRONG> (Thumb, 98 bytes, Stack size 40 bytes, uldiv.o(.text), UNUSED)
<BR><BR>[Calls]<UL><LI><a href="#[1d]">&gt;&gt;</a>&nbsp;&nbsp;&nbsp;__aeabi_llsr
<LI><a href="#[1e]">&gt;&gt;</a>&nbsp;&nbsp;&nbsp;__aeabi_llsl
</UL>
<BR>[Called By]<UL><LI><a href="#[90]">&gt;&gt;</a>&nbsp;&nbsp;&nbsp;_printf_core
<LI><a href="#[95]">&gt;&gt;</a>&nbsp;&nbsp;&nbsp;_fp_digits
</UL>

<P><STRONG><a name="[9e]"></a>__I$use$fp</STRONG> (Thumb, 0 bytes, Stack size 48 bytes, iusefp.o(.text), UNUSED)

<P><STRONG><a name="[1f]"></a>__aeabi_dadd</STRONG> (Thumb, 322 bytes, Stack size 48 bytes, dadd.o(.text), UNUSED)
<BR><BR>[Calls]<UL><LI><a href="#[20]">&gt;&gt;</a>&nbsp;&nbsp;&nbsp;__aeabi_lasr
<LI><a href="#[1e]">&gt;&gt;</a>&nbsp;&nbsp;&nbsp;__aeabi_llsl
<LI><a href="#[22]">&gt;&gt;</a>&nbsp;&nbsp;&nbsp;_double_round
<LI><a href="#[21]">&gt;&gt;</a>&nbsp;&nbsp;&nbsp;_double_epilogue
</UL>
<BR>[Called By]<UL><LI><a href="#[24]">&gt;&gt;</a>&nbsp;&nbsp;&nbsp;__aeabi_drsub
<LI><a href="#[23]">&gt;&gt;</a>&nbsp;&nbsp;&nbsp;__aeabi_dsub
<LI><a href="#[95]">&gt;&gt;</a>&nbsp;&nbsp;&nbsp;_fp_digits
</UL>

<P><STRONG><a name="[23]"></a>__aeabi_dsub</STRONG> (Thumb, 6 bytes, Stack size 0 bytes, dadd.o(.text), UNUSED)
<BR><BR>[Calls]<UL><LI><a href="#[1f]">&gt;&gt;</a>&nbsp;&nbsp;&nbsp;__aeabi_dadd
</UL>

<P><STRONG><a name="[24]"></a>__aeabi_drsub</STRONG> (Thumb, 6 bytes, Stack size 0 bytes, dadd.o(.text), UNUSED)
<BR><BR>[Calls]<UL><LI><a href="#[1f]">&gt;&gt;</a>&nbsp;&nbsp;&nbsp;__aeabi_dadd
</UL>

<P><STRONG><a name="[25]"></a>__aeabi_dmul</STRONG> (Thumb, 228 bytes, Stack size 48 bytes, dmul.o(.text), UNUSED)
<BR><BR>[Calls]<UL><LI><a href="#[21]">&gt;&gt;</a>&nbsp;&nbsp;&nbsp;_double_epilogue
</UL>
<BR>[Called By]<UL><LI><a href="#[95]">&gt;&gt;</a>&nbsp;&nbsp;&nbsp;_fp_digits
</UL>

<P><STRONG><a name="[26]"></a>__aeabi_ddiv</STRONG> (Thumb, 222 bytes, Stack size 32 bytes, ddiv.o(.text), UNUSED)
<BR><BR>[Calls]<UL><LI><a href="#[22]">&gt;&gt;</a>&nbsp;&nbsp;&nbsp;_double_round
</UL>
<BR>[Called By]<UL><LI><a href="#[95]">&gt;&gt;</a>&nbsp;&nbsp;&nbsp;_fp_digits
</UL>

<P><STRONG><a name="[27]"></a>__aeabi_d2ulz</STRONG> (Thumb, 48 bytes, Stack size 0 bytes, dfixul.o(.text), UNUSED)
<BR><BR>[Calls]<UL><LI><a href="#[1d]">&gt;&gt;</a>&nbsp;&nbsp;&nbsp;__aeabi_llsr
<LI><a href="#[1e]">&gt;&gt;</a>&nbsp;&nbsp;&nbsp;__aeabi_llsl
</UL>
<BR>[Called By]<UL><LI><a href="#[95]">&gt;&gt;</a>&nbsp;&nbsp;&nbsp;_fp_digits
</UL>

<P><STRONG><a name="[96]"></a>__aeabi_cdrcmple</STRONG> (Thumb, 48 bytes, Stack size 0 bytes, cdrcmple.o(.text), UNUSED)
<BR><BR>[Called By]<UL><LI><a href="#[95]">&gt;&gt;</a>&nbsp;&nbsp;&nbsp;_fp_digits
</UL>

<P><STRONG><a name="[1e]"></a>__aeabi_llsl</STRONG> (Thumb, 30 bytes, Stack size 0 bytes, llshl.o(.text), UNUSED)
<BR><BR>[Called By]<UL><LI><a href="#[21]">&gt;&gt;</a>&nbsp;&nbsp;&nbsp;_double_epilogue
<LI><a href="#[1c]">&gt;&gt;</a>&nbsp;&nbsp;&nbsp;__aeabi_uldivmod
<LI><a href="#[1f]">&gt;&gt;</a>&nbsp;&nbsp;&nbsp;__aeabi_dadd
<LI><a href="#[27]">&gt;&gt;</a>&nbsp;&nbsp;&nbsp;__aeabi_d2ulz
</UL>

<P><STRONG><a name="[9f]"></a>_ll_shift_l</STRONG> (Thumb, 0 bytes, Stack size 0 bytes, llshl.o(.text), UNUSED)

<P><STRONG><a name="[1d]"></a>__aeabi_llsr</STRONG> (Thumb, 32 bytes, Stack size 0 bytes, llushr.o(.text), UNUSED)
<BR><BR>[Called By]<UL><LI><a href="#[21]">&gt;&gt;</a>&nbsp;&nbsp;&nbsp;_double_epilogue
<LI><a href="#[1c]">&gt;&gt;</a>&nbsp;&nbsp;&nbsp;__aeabi_uldivmod
<LI><a href="#[27]">&gt;&gt;</a>&nbsp;&nbsp;&nbsp;__aeabi_d2ulz
</UL>

<P><STRONG><a name="[a0]"></a>_ll_ushift_r</STRONG> (Thumb, 0 bytes, Stack size 0 bytes, llushr.o(.text), UNUSED)

<P><STRONG><a name="[20]"></a>__aeabi_lasr</STRONG> (Thumb, 36 bytes, Stack size 0 bytes, llsshr.o(.text), UNUSED)
<BR><BR>[Called By]<UL><LI><a href="#[1f]">&gt;&gt;</a>&nbsp;&nbsp;&nbsp;__aeabi_dadd
</UL>

<P><STRONG><a name="[a1]"></a>_ll_sshift_r</STRONG> (Thumb, 0 bytes, Stack size 0 bytes, llsshr.o(.text), UNUSED)

<P><STRONG><a name="[22]"></a>_double_round</STRONG> (Thumb, 30 bytes, Stack size 8 bytes, depilogue.o(.text), UNUSED)
<BR><BR>[Called By]<UL><LI><a href="#[21]">&gt;&gt;</a>&nbsp;&nbsp;&nbsp;_double_epilogue
<LI><a href="#[26]">&gt;&gt;</a>&nbsp;&nbsp;&nbsp;__aeabi_ddiv
<LI><a href="#[1f]">&gt;&gt;</a>&nbsp;&nbsp;&nbsp;__aeabi_dadd
</UL>

<P><STRONG><a name="[21]"></a>_double_epilogue</STRONG> (Thumb, 156 bytes, Stack size 32 bytes, depilogue.o(.text), UNUSED)
<BR><BR>[Calls]<UL><LI><a href="#[1d]">&gt;&gt;</a>&nbsp;&nbsp;&nbsp;__aeabi_llsr
<LI><a href="#[1e]">&gt;&gt;</a>&nbsp;&nbsp;&nbsp;__aeabi_llsl
<LI><a href="#[22]">&gt;&gt;</a>&nbsp;&nbsp;&nbsp;_double_round
</UL>
<BR>[Called By]<UL><LI><a href="#[25]">&gt;&gt;</a>&nbsp;&nbsp;&nbsp;__aeabi_dmul
<LI><a href="#[1f]">&gt;&gt;</a>&nbsp;&nbsp;&nbsp;__aeabi_dadd
</UL>

<P><STRONG><a name="[28]"></a>Debug_UART_Init</STRONG> (Thumb, 36 bytes, Stack size 8 bytes, bsp_debug_uart.o(.text.Debug_UART_Init))
<BR><BR>[Stack]<UL><LI>Max Depth = 40<LI>Call Chain = Debug_UART_Init &rArr; R_SCI_UART_Open
</UL>
<BR>[Calls]<UL><LI><a href="#[2a]">&gt;&gt;</a>&nbsp;&nbsp;&nbsp;__aeabi_assert
<LI><a href="#[29]">&gt;&gt;</a>&nbsp;&nbsp;&nbsp;R_SCI_UART_Open
</UL>
<BR>[Called By]<UL><LI><a href="#[56]">&gt;&gt;</a>&nbsp;&nbsp;&nbsp;debug_uart_entry
</UL>

<P><STRONG><a name="[4]"></a>BusFault_Handler</STRONG> (Thumb, 4 bytes, Stack size 0 bytes, startup.o(.text.Default_Handler))
<BR>[Address Reference Count : 1]<UL><LI> startup.o(.fixed_vectors)
</UL>
<P><STRONG><a name="[8]"></a>DebugMon_Handler</STRONG> (Thumb, 4 bytes, Stack size 0 bytes, startup.o(.text.Default_Handler))
<BR>[Address Reference Count : 1]<UL><LI> startup.o(.fixed_vectors)
</UL>
<P><STRONG><a name="[a2]"></a>Default_Handler</STRONG> (Thumb, 4 bytes, Stack size 0 bytes, startup.o(.text.Default_Handler), UNUSED)

<P><STRONG><a name="[2]"></a>HardFault_Handler</STRONG> (Thumb, 4 bytes, Stack size 0 bytes, startup.o(.text.Default_Handler))
<BR>[Address Reference Count : 1]<UL><LI> startup.o(.fixed_vectors)
</UL>
<P><STRONG><a name="[3]"></a>MemManage_Handler</STRONG> (Thumb, 4 bytes, Stack size 0 bytes, startup.o(.text.Default_Handler))
<BR>[Address Reference Count : 1]<UL><LI> startup.o(.fixed_vectors)
</UL>
<P><STRONG><a name="[6]"></a>SecureFault_Handler</STRONG> (Thumb, 4 bytes, Stack size 0 bytes, startup.o(.text.Default_Handler))
<BR>[Address Reference Count : 1]<UL><LI> startup.o(.fixed_vectors)
</UL>
<P><STRONG><a name="[5]"></a>UsageFault_Handler</STRONG> (Thumb, 4 bytes, Stack size 0 bytes, startup.o(.text.Default_Handler))
<BR>[Address Reference Count : 1]<UL><LI> startup.o(.fixed_vectors)
</UL>
<P><STRONG><a name="[2b]"></a>Init_I2C_Driver</STRONG> (Thumb, 48 bytes, Stack size 8 bytes, mpu6050.o(.text.Init_I2C_Driver))
<BR><BR>[Stack]<UL><LI>Max Depth = 40<LI>Call Chain = Init_I2C_Driver &rArr; puts &rArr; fputc &rArr; R_SCI_UART_Write
</UL>
<BR>[Calls]<UL><LI><a href="#[2c]">&gt;&gt;</a>&nbsp;&nbsp;&nbsp;R_SCI_I2C_Open
<LI><a href="#[2d]">&gt;&gt;</a>&nbsp;&nbsp;&nbsp;__2printf
<LI><a href="#[2e]">&gt;&gt;</a>&nbsp;&nbsp;&nbsp;puts
</UL>
<BR>[Called By]<UL><LI><a href="#[56]">&gt;&gt;</a>&nbsp;&nbsp;&nbsp;debug_uart_entry
</UL>

<P><STRONG><a name="[2f]"></a>MPU6050_AHRS_Complementary</STRONG> (Thumb, 464 bytes, Stack size 72 bytes, mpu6050.o(.text.MPU6050_AHRS_Complementary))
<BR><BR>[Stack]<UL><LI>Max Depth = 104<LI>Call Chain = MPU6050_AHRS_Complementary &rArr; __hardfp_atan2f
</UL>
<BR>[Calls]<UL><LI><a href="#[30]">&gt;&gt;</a>&nbsp;&nbsp;&nbsp;xTaskGetTickCount
<LI><a href="#[31]">&gt;&gt;</a>&nbsp;&nbsp;&nbsp;__hardfp_atan2f
</UL>
<BR>[Called By]<UL><LI><a href="#[56]">&gt;&gt;</a>&nbsp;&nbsp;&nbsp;debug_uart_entry
</UL>

<P><STRONG><a name="[32]"></a>MPU6050_Calibrate</STRONG> (Thumb, 344 bytes, Stack size 56 bytes, mpu6050.o(.text.MPU6050_Calibrate))
<BR><BR>[Stack]<UL><LI>Max Depth = 192<LI>Call Chain = MPU6050_Calibrate &rArr; MPU6050_ReadRegs &rArr; vTaskDelay &rArr; xTaskResumeAll &rArr; xTaskIncrementTick
</UL>
<BR>[Calls]<UL><LI><a href="#[34]">&gt;&gt;</a>&nbsp;&nbsp;&nbsp;MPU6050_ReadRegs
<LI><a href="#[33]">&gt;&gt;</a>&nbsp;&nbsp;&nbsp;vTaskDelay
<LI><a href="#[2d]">&gt;&gt;</a>&nbsp;&nbsp;&nbsp;__2printf
<LI><a href="#[2e]">&gt;&gt;</a>&nbsp;&nbsp;&nbsp;puts
</UL>
<BR>[Called By]<UL><LI><a href="#[56]">&gt;&gt;</a>&nbsp;&nbsp;&nbsp;debug_uart_entry
</UL>

<P><STRONG><a name="[35]"></a>MPU6050_Init_Attitude</STRONG> (Thumb, 344 bytes, Stack size 104 bytes, mpu6050.o(.text.MPU6050_Init_Attitude))
<BR><BR>[Stack]<UL><LI>Max Depth = 280<LI>Call Chain = MPU6050_Init_Attitude &rArr; MPU6050_Read_SixAxis &rArr; MPU6050_ReadRegs &rArr; vTaskDelay &rArr; xTaskResumeAll &rArr; xTaskIncrementTick
</UL>
<BR>[Calls]<UL><LI><a href="#[37]">&gt;&gt;</a>&nbsp;&nbsp;&nbsp;__aeabi_f2d
<LI><a href="#[36]">&gt;&gt;</a>&nbsp;&nbsp;&nbsp;MPU6050_Read_SixAxis
<LI><a href="#[33]">&gt;&gt;</a>&nbsp;&nbsp;&nbsp;vTaskDelay
<LI><a href="#[2d]">&gt;&gt;</a>&nbsp;&nbsp;&nbsp;__2printf
<LI><a href="#[2e]">&gt;&gt;</a>&nbsp;&nbsp;&nbsp;puts
<LI><a href="#[31]">&gt;&gt;</a>&nbsp;&nbsp;&nbsp;__hardfp_atan2f
</UL>
<BR>[Called By]<UL><LI><a href="#[56]">&gt;&gt;</a>&nbsp;&nbsp;&nbsp;debug_uart_entry
</UL>

<P><STRONG><a name="[38]"></a>MPU6050_Init_Config</STRONG> (Thumb, 92 bytes, Stack size 8 bytes, mpu6050.o(.text.MPU6050_Init_Config))
<BR><BR>[Stack]<UL><LI>Max Depth = 136<LI>Call Chain = MPU6050_Init_Config &rArr; MPU6050_WriteReg &rArr; vTaskDelay &rArr; xTaskResumeAll &rArr; xTaskIncrementTick
</UL>
<BR>[Calls]<UL><LI><a href="#[33]">&gt;&gt;</a>&nbsp;&nbsp;&nbsp;vTaskDelay
<LI><a href="#[39]">&gt;&gt;</a>&nbsp;&nbsp;&nbsp;MPU6050_WriteReg
<LI><a href="#[2e]">&gt;&gt;</a>&nbsp;&nbsp;&nbsp;puts
</UL>
<BR>[Called By]<UL><LI><a href="#[56]">&gt;&gt;</a>&nbsp;&nbsp;&nbsp;debug_uart_entry
</UL>

<P><STRONG><a name="[34]"></a>MPU6050_ReadRegs</STRONG> (Thumb, 296 bytes, Stack size 48 bytes, mpu6050.o(.text.MPU6050_ReadRegs))
<BR><BR>[Stack]<UL><LI>Max Depth = 136<LI>Call Chain = MPU6050_ReadRegs &rArr; vTaskDelay &rArr; xTaskResumeAll &rArr; xTaskIncrementTick
</UL>
<BR>[Calls]<UL><LI><a href="#[3b]">&gt;&gt;</a>&nbsp;&nbsp;&nbsp;R_SCI_I2C_Read
<LI><a href="#[33]">&gt;&gt;</a>&nbsp;&nbsp;&nbsp;vTaskDelay
<LI><a href="#[3a]">&gt;&gt;</a>&nbsp;&nbsp;&nbsp;R_SCI_I2C_Write
<LI><a href="#[2d]">&gt;&gt;</a>&nbsp;&nbsp;&nbsp;__2printf
<LI><a href="#[2e]">&gt;&gt;</a>&nbsp;&nbsp;&nbsp;puts
</UL>
<BR>[Called By]<UL><LI><a href="#[36]">&gt;&gt;</a>&nbsp;&nbsp;&nbsp;MPU6050_Read_SixAxis
<LI><a href="#[32]">&gt;&gt;</a>&nbsp;&nbsp;&nbsp;MPU6050_Calibrate
</UL>

<P><STRONG><a name="[36]"></a>MPU6050_Read_SixAxis</STRONG> (Thumb, 424 bytes, Stack size 40 bytes, mpu6050.o(.text.MPU6050_Read_SixAxis))
<BR><BR>[Stack]<UL><LI>Max Depth = 176<LI>Call Chain = MPU6050_Read_SixAxis &rArr; MPU6050_ReadRegs &rArr; vTaskDelay &rArr; xTaskResumeAll &rArr; xTaskIncrementTick
</UL>
<BR>[Calls]<UL><LI><a href="#[34]">&gt;&gt;</a>&nbsp;&nbsp;&nbsp;MPU6050_ReadRegs
</UL>
<BR>[Called By]<UL><LI><a href="#[56]">&gt;&gt;</a>&nbsp;&nbsp;&nbsp;debug_uart_entry
<LI><a href="#[35]">&gt;&gt;</a>&nbsp;&nbsp;&nbsp;MPU6050_Init_Attitude
</UL>

<P><STRONG><a name="[39]"></a>MPU6050_WriteReg</STRONG> (Thumb, 144 bytes, Stack size 40 bytes, mpu6050.o(.text.MPU6050_WriteReg))
<BR><BR>[Stack]<UL><LI>Max Depth = 128<LI>Call Chain = MPU6050_WriteReg &rArr; vTaskDelay &rArr; xTaskResumeAll &rArr; xTaskIncrementTick
</UL>
<BR>[Calls]<UL><LI><a href="#[33]">&gt;&gt;</a>&nbsp;&nbsp;&nbsp;vTaskDelay
<LI><a href="#[3a]">&gt;&gt;</a>&nbsp;&nbsp;&nbsp;R_SCI_I2C_Write
<LI><a href="#[2d]">&gt;&gt;</a>&nbsp;&nbsp;&nbsp;__2printf
</UL>
<BR>[Called By]<UL><LI><a href="#[38]">&gt;&gt;</a>&nbsp;&nbsp;&nbsp;MPU6050_Init_Config
</UL>

<P><STRONG><a name="[18]"></a>MPU_6050_callback</STRONG> (Thumb, 16 bytes, Stack size 0 bytes, mpu6050.o(.text.MPU_6050_callback))
<BR>[Address Reference Count : 1]<UL><LI> hal_data.o(.rodata.MPU_6050_cfg)
</UL>
<P><STRONG><a name="[1]"></a>NMI_Handler</STRONG> (Thumb, 68 bytes, Stack size 24 bytes, bsp_group_irq.o(.text.NMI_Handler))
<BR><BR>[Stack]<UL><LI>Max Depth = 24<LI>Call Chain = NMI_Handler
</UL>
<BR>[Address Reference Count : 1]<UL><LI> startup.o(.fixed_vectors)
</UL>
<P><STRONG><a name="[9]"></a>PendSV_Handler</STRONG> (Thumb, 64 bytes, Stack size 0 bytes, port.o(.text.PendSV_Handler))
<BR><BR>[Stack]<UL><LI>Max Depth = 32<LI>Call Chain = PendSV_Handler &rArr; vTaskSwitchContext &rArr; vApplicationStackOverflowHook &rArr; __2printf
</UL>
<BR>[Calls]<UL><LI><a href="#[3c]">&gt;&gt;</a>&nbsp;&nbsp;&nbsp;vTaskSwitchContext
<LI><a href="#[3d]">&gt;&gt;</a>&nbsp;&nbsp;&nbsp;rm_freertos_port_restore_task_stackless
</UL>
<BR>[Address Reference Count : 1]<UL><LI> startup.o(.fixed_vectors)
</UL>
<P><STRONG><a name="[3e]"></a>R_BSP_Init_RTC</STRONG> (Thumb, 88 bytes, Stack size 16 bytes, bsp_clocks.o(.text.R_BSP_Init_RTC))
<BR><BR>[Stack]<UL><LI>Max Depth = 24<LI>Call Chain = R_BSP_Init_RTC &rArr; R_BSP_RegisterProtectDisable
</UL>
<BR>[Calls]<UL><LI><a href="#[41]">&gt;&gt;</a>&nbsp;&nbsp;&nbsp;R_BSP_RegisterProtectEnable
<LI><a href="#[40]">&gt;&gt;</a>&nbsp;&nbsp;&nbsp;R_BSP_RegisterProtectDisable
<LI><a href="#[3f]">&gt;&gt;</a>&nbsp;&nbsp;&nbsp;R_BSP_SoftwareDelay
</UL>
<BR>[Called By]<UL><LI><a href="#[46]">&gt;&gt;</a>&nbsp;&nbsp;&nbsp;SystemInit
</UL>

<P><STRONG><a name="[40]"></a>R_BSP_RegisterProtectDisable</STRONG> (Thumb, 78 bytes, Stack size 8 bytes, bsp_register_protection.o(.text.R_BSP_RegisterProtectDisable))
<BR><BR>[Stack]<UL><LI>Max Depth = 8<LI>Call Chain = R_BSP_RegisterProtectDisable
</UL>
<BR>[Called By]<UL><LI><a href="#[51]">&gt;&gt;</a>&nbsp;&nbsp;&nbsp;bsp_vbatt_init
<LI><a href="#[4e]">&gt;&gt;</a>&nbsp;&nbsp;&nbsp;bsp_irq_cfg
<LI><a href="#[3e]">&gt;&gt;</a>&nbsp;&nbsp;&nbsp;R_BSP_Init_RTC
<LI><a href="#[46]">&gt;&gt;</a>&nbsp;&nbsp;&nbsp;SystemInit
</UL>

<P><STRONG><a name="[41]"></a>R_BSP_RegisterProtectEnable</STRONG> (Thumb, 82 bytes, Stack size 0 bytes, bsp_register_protection.o(.text.R_BSP_RegisterProtectEnable))
<BR><BR>[Called By]<UL><LI><a href="#[51]">&gt;&gt;</a>&nbsp;&nbsp;&nbsp;bsp_vbatt_init
<LI><a href="#[4e]">&gt;&gt;</a>&nbsp;&nbsp;&nbsp;bsp_irq_cfg
<LI><a href="#[3e]">&gt;&gt;</a>&nbsp;&nbsp;&nbsp;R_BSP_Init_RTC
<LI><a href="#[46]">&gt;&gt;</a>&nbsp;&nbsp;&nbsp;SystemInit
</UL>

<P><STRONG><a name="[3f]"></a>R_BSP_SoftwareDelay</STRONG> (Thumb, 88 bytes, Stack size 0 bytes, bsp_delay.o(.text.R_BSP_SoftwareDelay))
<BR><BR>[Calls]<UL><LI><a href="#[42]">&gt;&gt;</a>&nbsp;&nbsp;&nbsp;bsp_prv_software_delay_loop
</UL>
<BR>[Called By]<UL><LI><a href="#[3e]">&gt;&gt;</a>&nbsp;&nbsp;&nbsp;R_BSP_Init_RTC
<LI><a href="#[4a]">&gt;&gt;</a>&nbsp;&nbsp;&nbsp;bsp_clock_init
<LI><a href="#[82]">&gt;&gt;</a>&nbsp;&nbsp;&nbsp;vApplicationStackOverflowHook
</UL>

<P><STRONG><a name="[50]"></a>R_BSP_SubClockStabilizeWaitAfterReset</STRONG> (Thumb, 2 bytes, Stack size 0 bytes, bsp_clocks.o(.text.R_BSP_SubClockStabilizeWaitAfterReset))
<BR><BR>[Called By]<UL><LI><a href="#[4a]">&gt;&gt;</a>&nbsp;&nbsp;&nbsp;bsp_clock_init
</UL>

<P><STRONG><a name="[49]"></a>R_BSP_WarmStart</STRONG> (Thumb, 26 bytes, Stack size 0 bytes, hal_entry.o(.text.R_BSP_WarmStart))
<BR><BR>[Called By]<UL><LI><a href="#[46]">&gt;&gt;</a>&nbsp;&nbsp;&nbsp;SystemInit
</UL>

<P><STRONG><a name="[43]"></a>R_IOPORT_Open</STRONG> (Thumb, 22 bytes, Stack size 8 bytes, r_ioport.o(.text.R_IOPORT_Open), UNUSED)
<BR><BR>[Calls]<UL><LI><a href="#[44]">&gt;&gt;</a>&nbsp;&nbsp;&nbsp;r_ioport_pins_config
</UL>

<P><STRONG><a name="[2c]"></a>R_SCI_I2C_Open</STRONG> (Thumb, 346 bytes, Stack size 24 bytes, r_sci_i2c.o(.text.R_SCI_I2C_Open))
<BR><BR>[Stack]<UL><LI>Max Depth = 24<LI>Call Chain = R_SCI_I2C_Open
</UL>
<BR>[Called By]<UL><LI><a href="#[2b]">&gt;&gt;</a>&nbsp;&nbsp;&nbsp;Init_I2C_Driver
</UL>

<P><STRONG><a name="[3b]"></a>R_SCI_I2C_Read</STRONG> (Thumb, 16 bytes, Stack size 8 bytes, r_sci_i2c.o(.text.R_SCI_I2C_Read))
<BR><BR>[Stack]<UL><LI>Max Depth = 8<LI>Call Chain = R_SCI_I2C_Read
</UL>
<BR>[Calls]<UL><LI><a href="#[45]">&gt;&gt;</a>&nbsp;&nbsp;&nbsp;sci_i2c_read_write
</UL>
<BR>[Called By]<UL><LI><a href="#[34]">&gt;&gt;</a>&nbsp;&nbsp;&nbsp;MPU6050_ReadRegs
</UL>

<P><STRONG><a name="[3a]"></a>R_SCI_I2C_Write</STRONG> (Thumb, 16 bytes, Stack size 8 bytes, r_sci_i2c.o(.text.R_SCI_I2C_Write))
<BR><BR>[Stack]<UL><LI>Max Depth = 8<LI>Call Chain = R_SCI_I2C_Write
</UL>
<BR>[Calls]<UL><LI><a href="#[45]">&gt;&gt;</a>&nbsp;&nbsp;&nbsp;sci_i2c_read_write
</UL>
<BR>[Called By]<UL><LI><a href="#[34]">&gt;&gt;</a>&nbsp;&nbsp;&nbsp;MPU6050_ReadRegs
<LI><a href="#[39]">&gt;&gt;</a>&nbsp;&nbsp;&nbsp;MPU6050_WriteReg
</UL>

<P><STRONG><a name="[29]"></a>R_SCI_UART_Open</STRONG> (Thumb, 828 bytes, Stack size 32 bytes, r_sci_uart.o(.text.R_SCI_UART_Open))
<BR><BR>[Stack]<UL><LI>Max Depth = 32<LI>Call Chain = R_SCI_UART_Open
</UL>
<BR>[Called By]<UL><LI><a href="#[28]">&gt;&gt;</a>&nbsp;&nbsp;&nbsp;Debug_UART_Init
</UL>

<P><STRONG><a name="[52]"></a>R_SCI_UART_Write</STRONG> (Thumb, 76 bytes, Stack size 8 bytes, r_sci_uart.o(.text.R_SCI_UART_Write))
<BR><BR>[Stack]<UL><LI>Max Depth = 8<LI>Call Chain = R_SCI_UART_Write
</UL>
<BR>[Called By]<UL><LI><a href="#[16]">&gt;&gt;</a>&nbsp;&nbsp;&nbsp;fputc
<LI><a href="#[17]">&gt;&gt;</a>&nbsp;&nbsp;&nbsp;debug_uart_callback
</UL>

<P><STRONG><a name="[0]"></a>Reset_Handler</STRONG> (Thumb, 10 bytes, Stack size 0 bytes, startup.o(.text.Reset_Handler))
<BR><BR>[Stack]<UL><LI>Max Depth = 176<LI>Call Chain = Reset_Handler &rArr; main &rArr; debug_uart_create &rArr; xTaskCreate &rArr; pvPortMalloc &rArr; xTaskResumeAll &rArr; xTaskIncrementTick
</UL>
<BR>[Calls]<UL><LI><a href="#[47]">&gt;&gt;</a>&nbsp;&nbsp;&nbsp;main
<LI><a href="#[46]">&gt;&gt;</a>&nbsp;&nbsp;&nbsp;SystemInit
</UL>
<BR>[Address Reference Count : 1]<UL><LI> startup.o(.fixed_vectors)
</UL>
<P><STRONG><a name="[7]"></a>SVC_Handler</STRONG> (Thumb, 18 bytes, Stack size 0 bytes, port.o(.text.SVC_Handler))
<BR>[Address Reference Count : 1]<UL><LI> startup.o(.fixed_vectors)
</UL>
<P><STRONG><a name="[a]"></a>SysTick_Handler</STRONG> (Thumb, 38 bytes, Stack size 8 bytes, port.o(.text.SysTick_Handler))
<BR><BR>[Stack]<UL><LI>Max Depth = 48<LI>Call Chain = SysTick_Handler &rArr; xTaskIncrementTick
</UL>
<BR>[Calls]<UL><LI><a href="#[48]">&gt;&gt;</a>&nbsp;&nbsp;&nbsp;xTaskIncrementTick
</UL>
<BR>[Address Reference Count : 1]<UL><LI> startup.o(.fixed_vectors)
</UL>
<P><STRONG><a name="[4d]"></a>SystemCoreClockUpdate</STRONG> (Thumb, 44 bytes, Stack size 0 bytes, bsp_clocks.o(.text.SystemCoreClockUpdate))
<BR><BR>[Called By]<UL><LI><a href="#[46]">&gt;&gt;</a>&nbsp;&nbsp;&nbsp;SystemInit
</UL>

<P><STRONG><a name="[46]"></a>SystemInit</STRONG> (Thumb, 232 bytes, Stack size 16 bytes, system.o(.text.SystemInit))
<BR><BR>[Stack]<UL><LI>Max Depth = 56<LI>Call Chain = SystemInit &rArr; bsp_irq_cfg &rArr; R_BSP_RegisterProtectDisable
</UL>
<BR>[Calls]<UL><LI><a href="#[4f]">&gt;&gt;</a>&nbsp;&nbsp;&nbsp;bsp_init
<LI><a href="#[4e]">&gt;&gt;</a>&nbsp;&nbsp;&nbsp;bsp_irq_cfg
<LI><a href="#[41]">&gt;&gt;</a>&nbsp;&nbsp;&nbsp;R_BSP_RegisterProtectEnable
<LI><a href="#[40]">&gt;&gt;</a>&nbsp;&nbsp;&nbsp;R_BSP_RegisterProtectDisable
<LI><a href="#[3e]">&gt;&gt;</a>&nbsp;&nbsp;&nbsp;R_BSP_Init_RTC
<LI><a href="#[4d]">&gt;&gt;</a>&nbsp;&nbsp;&nbsp;SystemCoreClockUpdate
<LI><a href="#[4a]">&gt;&gt;</a>&nbsp;&nbsp;&nbsp;bsp_clock_init
<LI><a href="#[49]">&gt;&gt;</a>&nbsp;&nbsp;&nbsp;R_BSP_WarmStart
<LI><a href="#[4b]">&gt;&gt;</a>&nbsp;&nbsp;&nbsp;__aeabi_memclr4
<LI><a href="#[4c]">&gt;&gt;</a>&nbsp;&nbsp;&nbsp;__aeabi_memcpy4
</UL>
<BR>[Called By]<UL><LI><a href="#[0]">&gt;&gt;</a>&nbsp;&nbsp;&nbsp;Reset_Handler
</UL>

<P><STRONG><a name="[2a]"></a>__aeabi_assert</STRONG> (Thumb, 6 bytes, Stack size 0 bytes, bsp_common.o(.text.__aeabi_assert))
<BR><BR>[Called By]<UL><LI><a href="#[15]">&gt;&gt;</a>&nbsp;&nbsp;&nbsp;prvTimerTask
<LI><a href="#[87]">&gt;&gt;</a>&nbsp;&nbsp;&nbsp;xTimerCreateTimerTask
<LI><a href="#[5d]">&gt;&gt;</a>&nbsp;&nbsp;&nbsp;vTaskStartScheduler
<LI><a href="#[3c]">&gt;&gt;</a>&nbsp;&nbsp;&nbsp;vTaskSwitchContext
<LI><a href="#[48]">&gt;&gt;</a>&nbsp;&nbsp;&nbsp;xTaskIncrementTick
<LI><a href="#[86]">&gt;&gt;</a>&nbsp;&nbsp;&nbsp;xTaskCreateStatic
<LI><a href="#[6a]">&gt;&gt;</a>&nbsp;&nbsp;&nbsp;prvDeleteTCB
<LI><a href="#[6d]">&gt;&gt;</a>&nbsp;&nbsp;&nbsp;prvInitialiseNewTask
<LI><a href="#[83]">&gt;&gt;</a>&nbsp;&nbsp;&nbsp;vTaskPlaceOnEventListRestricted
<LI><a href="#[67]">&gt;&gt;</a>&nbsp;&nbsp;&nbsp;vQueueAddToRegistry
<LI><a href="#[7e]">&gt;&gt;</a>&nbsp;&nbsp;&nbsp;xQueueSemaphoreTake
<LI><a href="#[78]">&gt;&gt;</a>&nbsp;&nbsp;&nbsp;xQueueReceive
<LI><a href="#[84]">&gt;&gt;</a>&nbsp;&nbsp;&nbsp;vTaskPlaceOnEventList
<LI><a href="#[8d]">&gt;&gt;</a>&nbsp;&nbsp;&nbsp;xTaskCheckForTimeOut
<LI><a href="#[7f]">&gt;&gt;</a>&nbsp;&nbsp;&nbsp;xQueueGenericSend
<LI><a href="#[5c]">&gt;&gt;</a>&nbsp;&nbsp;&nbsp;xQueueCreateCountingSemaphoreStatic
<LI><a href="#[66]">&gt;&gt;</a>&nbsp;&nbsp;&nbsp;xQueueGenericCreateStatic
<LI><a href="#[7a]">&gt;&gt;</a>&nbsp;&nbsp;&nbsp;xTaskRemoveFromEventList
<LI><a href="#[8a]">&gt;&gt;</a>&nbsp;&nbsp;&nbsp;xQueueGenericReset
<LI><a href="#[6b]">&gt;&gt;</a>&nbsp;&nbsp;&nbsp;vPortFree
<LI><a href="#[64]">&gt;&gt;</a>&nbsp;&nbsp;&nbsp;vPortExitCritical
<LI><a href="#[62]">&gt;&gt;</a>&nbsp;&nbsp;&nbsp;vPortEnterCritical
<LI><a href="#[76]">&gt;&gt;</a>&nbsp;&nbsp;&nbsp;xTaskResumeAll
<LI><a href="#[7c]">&gt;&gt;</a>&nbsp;&nbsp;&nbsp;pvPortMalloc
<LI><a href="#[57]">&gt;&gt;</a>&nbsp;&nbsp;&nbsp;xTaskDelayUntil
<LI><a href="#[33]">&gt;&gt;</a>&nbsp;&nbsp;&nbsp;vTaskDelay
<LI><a href="#[28]">&gt;&gt;</a>&nbsp;&nbsp;&nbsp;Debug_UART_Init
<LI><a href="#[11]">&gt;&gt;</a>&nbsp;&nbsp;&nbsp;vPortSVCHandler_C
</UL>

<P><STRONG><a name="[4a]"></a>bsp_clock_init</STRONG> (Thumb, 316 bytes, Stack size 24 bytes, bsp_clocks.o(.text.bsp_clock_init))
<BR><BR>[Stack]<UL><LI>Max Depth = 24<LI>Call Chain = bsp_clock_init
</UL>
<BR>[Calls]<UL><LI><a href="#[50]">&gt;&gt;</a>&nbsp;&nbsp;&nbsp;R_BSP_SubClockStabilizeWaitAfterReset
<LI><a href="#[3f]">&gt;&gt;</a>&nbsp;&nbsp;&nbsp;R_BSP_SoftwareDelay
</UL>
<BR>[Called By]<UL><LI><a href="#[46]">&gt;&gt;</a>&nbsp;&nbsp;&nbsp;SystemInit
</UL>

<P><STRONG><a name="[4f]"></a>bsp_init</STRONG> (Thumb, 2 bytes, Stack size 0 bytes, bsp_common.o(.text.bsp_init_internal))
<BR><BR>[Called By]<UL><LI><a href="#[46]">&gt;&gt;</a>&nbsp;&nbsp;&nbsp;SystemInit
</UL>

<P><STRONG><a name="[a3]"></a>bsp_init_internal</STRONG> (Thumb, 2 bytes, Stack size 0 bytes, bsp_common.o(.text.bsp_init_internal), UNUSED)

<P><STRONG><a name="[4e]"></a>bsp_irq_cfg</STRONG> (Thumb, 150 bytes, Stack size 32 bytes, bsp_irq.o(.text.bsp_irq_cfg))
<BR><BR>[Stack]<UL><LI>Max Depth = 40<LI>Call Chain = bsp_irq_cfg &rArr; R_BSP_RegisterProtectDisable
</UL>
<BR>[Calls]<UL><LI><a href="#[41]">&gt;&gt;</a>&nbsp;&nbsp;&nbsp;R_BSP_RegisterProtectEnable
<LI><a href="#[40]">&gt;&gt;</a>&nbsp;&nbsp;&nbsp;R_BSP_RegisterProtectDisable
</UL>
<BR>[Called By]<UL><LI><a href="#[46]">&gt;&gt;</a>&nbsp;&nbsp;&nbsp;SystemInit
</UL>

<P><STRONG><a name="[42]"></a>bsp_prv_software_delay_loop</STRONG> (Thumb, 8 bytes, Stack size 0 bytes, bsp_delay.o(.text.bsp_prv_software_delay_loop))
<BR><BR>[Calls]<UL><LI><a href="#[42]">&gt;&gt;</a>&nbsp;&nbsp;&nbsp;bsp_prv_software_delay_loop
</UL>
<BR>[Called By]<UL><LI><a href="#[42]">&gt;&gt;</a>&nbsp;&nbsp;&nbsp;bsp_prv_software_delay_loop
<LI><a href="#[3f]">&gt;&gt;</a>&nbsp;&nbsp;&nbsp;R_BSP_SoftwareDelay
</UL>

<P><STRONG><a name="[17]"></a>debug_uart_callback</STRONG> (Thumb, 56 bytes, Stack size 8 bytes, bsp_debug_uart.o(.text.debug_uart_callback))
<BR><BR>[Stack]<UL><LI>Max Depth = 16<LI>Call Chain = debug_uart_callback &rArr; R_SCI_UART_Write
</UL>
<BR>[Calls]<UL><LI><a href="#[52]">&gt;&gt;</a>&nbsp;&nbsp;&nbsp;R_SCI_UART_Write
</UL>
<BR>[Address Reference Count : 1]<UL><LI> hal_data.o(.rodata.Debug_UART_cfg)
</UL>
<P><STRONG><a name="[53]"></a>debug_uart_create</STRONG> (Thumb, 84 bytes, Stack size 16 bytes, debug_uart.o(.text.debug_uart_create))
<BR><BR>[Stack]<UL><LI>Max Depth = 168<LI>Call Chain = debug_uart_create &rArr; xTaskCreate &rArr; pvPortMalloc &rArr; xTaskResumeAll &rArr; xTaskIncrementTick
</UL>
<BR>[Calls]<UL><LI><a href="#[54]">&gt;&gt;</a>&nbsp;&nbsp;&nbsp;xTaskCreate
<LI><a href="#[55]">&gt;&gt;</a>&nbsp;&nbsp;&nbsp;rtos_startup_err_callback
</UL>
<BR>[Called By]<UL><LI><a href="#[47]">&gt;&gt;</a>&nbsp;&nbsp;&nbsp;main
</UL>

<P><STRONG><a name="[56]"></a>debug_uart_entry</STRONG> (Thumb, 252 bytes, Stack size 16 bytes, debug_uart_entry.o(.text.debug_uart_entry))
<BR><BR>[Stack]<UL><LI>Max Depth = 296<LI>Call Chain = debug_uart_entry &rArr; MPU6050_Init_Attitude &rArr; MPU6050_Read_SixAxis &rArr; MPU6050_ReadRegs &rArr; vTaskDelay &rArr; xTaskResumeAll &rArr; xTaskIncrementTick
</UL>
<BR>[Calls]<UL><LI><a href="#[58]">&gt;&gt;</a>&nbsp;&nbsp;&nbsp;uxTaskGetStackHighWaterMark
<LI><a href="#[57]">&gt;&gt;</a>&nbsp;&nbsp;&nbsp;xTaskDelayUntil
<LI><a href="#[37]">&gt;&gt;</a>&nbsp;&nbsp;&nbsp;__aeabi_f2d
<LI><a href="#[35]">&gt;&gt;</a>&nbsp;&nbsp;&nbsp;MPU6050_Init_Attitude
<LI><a href="#[30]">&gt;&gt;</a>&nbsp;&nbsp;&nbsp;xTaskGetTickCount
<LI><a href="#[2f]">&gt;&gt;</a>&nbsp;&nbsp;&nbsp;MPU6050_AHRS_Complementary
<LI><a href="#[36]">&gt;&gt;</a>&nbsp;&nbsp;&nbsp;MPU6050_Read_SixAxis
<LI><a href="#[32]">&gt;&gt;</a>&nbsp;&nbsp;&nbsp;MPU6050_Calibrate
<LI><a href="#[38]">&gt;&gt;</a>&nbsp;&nbsp;&nbsp;MPU6050_Init_Config
<LI><a href="#[2b]">&gt;&gt;</a>&nbsp;&nbsp;&nbsp;Init_I2C_Driver
<LI><a href="#[28]">&gt;&gt;</a>&nbsp;&nbsp;&nbsp;Debug_UART_Init
<LI><a href="#[2d]">&gt;&gt;</a>&nbsp;&nbsp;&nbsp;__2printf
<LI><a href="#[2e]">&gt;&gt;</a>&nbsp;&nbsp;&nbsp;puts
</UL>
<BR>[Called By]<UL><LI><a href="#[12]">&gt;&gt;</a>&nbsp;&nbsp;&nbsp;debug_uart_func
</UL>

<P><STRONG><a name="[16]"></a>fputc</STRONG> (Thumb, 48 bytes, Stack size 16 bytes, bsp_debug_uart.o(.text.fputc))
<BR><BR>[Stack]<UL><LI>Max Depth = 24<LI>Call Chain = fputc &rArr; R_SCI_UART_Write
</UL>
<BR>[Calls]<UL><LI><a href="#[52]">&gt;&gt;</a>&nbsp;&nbsp;&nbsp;R_SCI_UART_Write
</UL>
<BR>[Called By]<UL><LI><a href="#[2e]">&gt;&gt;</a>&nbsp;&nbsp;&nbsp;puts
</UL>
<BR>[Address Reference Count : 1]<UL><LI> printfa.o(i.__0printf)
</UL>
<P><STRONG><a name="[5b]"></a>g_common_init</STRONG> (Thumb, 2 bytes, Stack size 0 bytes, common_data.o(.text.g_common_init))
<BR><BR>[Called By]<UL><LI><a href="#[5a]">&gt;&gt;</a>&nbsp;&nbsp;&nbsp;g_hal_init
</UL>

<P><STRONG><a name="[5a]"></a>g_hal_init</STRONG> (Thumb, 4 bytes, Stack size 0 bytes, hal_data.o(.text.g_hal_init))
<BR><BR>[Calls]<UL><LI><a href="#[5b]">&gt;&gt;</a>&nbsp;&nbsp;&nbsp;g_common_init
</UL>
<BR>[Called By]<UL><LI><a href="#[59]">&gt;&gt;</a>&nbsp;&nbsp;&nbsp;rtos_startup_common_init
</UL>

<P><STRONG><a name="[47]"></a>main</STRONG> (Thumb, 74 bytes, Stack size 8 bytes, main.o(.text.main))
<BR><BR>[Stack]<UL><LI>Max Depth = 176<LI>Call Chain = main &rArr; debug_uart_create &rArr; xTaskCreate &rArr; pvPortMalloc &rArr; xTaskResumeAll &rArr; xTaskIncrementTick
</UL>
<BR>[Calls]<UL><LI><a href="#[5d]">&gt;&gt;</a>&nbsp;&nbsp;&nbsp;vTaskStartScheduler
<LI><a href="#[5c]">&gt;&gt;</a>&nbsp;&nbsp;&nbsp;xQueueCreateCountingSemaphoreStatic
<LI><a href="#[55]">&gt;&gt;</a>&nbsp;&nbsp;&nbsp;rtos_startup_err_callback
<LI><a href="#[53]">&gt;&gt;</a>&nbsp;&nbsp;&nbsp;debug_uart_create
</UL>
<BR>[Called By]<UL><LI><a href="#[0]">&gt;&gt;</a>&nbsp;&nbsp;&nbsp;Reset_Handler
</UL>

<P><STRONG><a name="[7c]"></a>pvPortMalloc</STRONG> (Thumb, 324 bytes, Stack size 24 bytes, heap_4.o(.text.pvPortMalloc))
<BR><BR>[Stack]<UL><LI>Max Depth = 104<LI>Call Chain = pvPortMalloc &rArr; xTaskResumeAll &rArr; xTaskIncrementTick
</UL>
<BR>[Calls]<UL><LI><a href="#[7d]">&gt;&gt;</a>&nbsp;&nbsp;&nbsp;prvInsertBlockIntoFreeList
<LI><a href="#[76]">&gt;&gt;</a>&nbsp;&nbsp;&nbsp;xTaskResumeAll
<LI><a href="#[75]">&gt;&gt;</a>&nbsp;&nbsp;&nbsp;vTaskSuspendAll
<LI><a href="#[2a]">&gt;&gt;</a>&nbsp;&nbsp;&nbsp;__aeabi_assert
</UL>
<BR>[Called By]<UL><LI><a href="#[54]">&gt;&gt;</a>&nbsp;&nbsp;&nbsp;xTaskCreate
</UL>

<P><STRONG><a name="[70]"></a>pxPortInitialiseStack</STRONG> (Thumb, 40 bytes, Stack size 0 bytes, port.o(.text.pxPortInitialiseStack))
<BR><BR>[Called By]<UL><LI><a href="#[6d]">&gt;&gt;</a>&nbsp;&nbsp;&nbsp;prvInitialiseNewTask
</UL>

<P><STRONG><a name="[3d]"></a>rm_freertos_port_restore_task_stackless</STRONG> (Thumb, 32 bytes, Stack size 0 bytes, port.o(.text.rm_freertos_port_restore_task_stackless))
<BR><BR>[Called By]<UL><LI><a href="#[11]">&gt;&gt;</a>&nbsp;&nbsp;&nbsp;vPortSVCHandler_C
<LI><a href="#[9]">&gt;&gt;</a>&nbsp;&nbsp;&nbsp;PendSV_Handler
</UL>

<P><STRONG><a name="[81]"></a>rm_freertos_port_sleep_preserving_lpm</STRONG> (Thumb, 110 bytes, Stack size 8 bytes, port.o(.text.rm_freertos_port_sleep_preserving_lpm))
<BR><BR>[Stack]<UL><LI>Max Depth = 8<LI>Call Chain = rm_freertos_port_sleep_preserving_lpm
</UL>
<BR>[Called By]<UL><LI><a href="#[6c]">&gt;&gt;</a>&nbsp;&nbsp;&nbsp;vApplicationIdleHook
</UL>

<P><STRONG><a name="[59]"></a>rtos_startup_common_init</STRONG> (Thumb, 98 bytes, Stack size 16 bytes, main.o(.text.rtos_startup_common_init))
<BR><BR>[Stack]<UL><LI>Max Depth = 152<LI>Call Chain = rtos_startup_common_init &rArr; xQueueGenericSend &rArr; xTaskResumeAll &rArr; xTaskIncrementTick
</UL>
<BR>[Calls]<UL><LI><a href="#[7e]">&gt;&gt;</a>&nbsp;&nbsp;&nbsp;xQueueSemaphoreTake
<LI><a href="#[7f]">&gt;&gt;</a>&nbsp;&nbsp;&nbsp;xQueueGenericSend
<LI><a href="#[5a]">&gt;&gt;</a>&nbsp;&nbsp;&nbsp;g_hal_init
<LI><a href="#[55]">&gt;&gt;</a>&nbsp;&nbsp;&nbsp;rtos_startup_err_callback
</UL>
<BR>[Called By]<UL><LI><a href="#[12]">&gt;&gt;</a>&nbsp;&nbsp;&nbsp;debug_uart_func
</UL>

<P><STRONG><a name="[55]"></a>rtos_startup_err_callback</STRONG> (Thumb, 4 bytes, Stack size 0 bytes, main.o(.text.rtos_startup_err_callback_internal))
<BR><BR>[Called By]<UL><LI><a href="#[47]">&gt;&gt;</a>&nbsp;&nbsp;&nbsp;main
<LI><a href="#[59]">&gt;&gt;</a>&nbsp;&nbsp;&nbsp;rtos_startup_common_init
<LI><a href="#[53]">&gt;&gt;</a>&nbsp;&nbsp;&nbsp;debug_uart_create
</UL>

<P><STRONG><a name="[a4]"></a>rtos_startup_err_callback_internal</STRONG> (Thumb, 4 bytes, Stack size 0 bytes, main.o(.text.rtos_startup_err_callback_internal), UNUSED)

<P><STRONG><a name="[10]"></a>sci_i2c_tei_isr</STRONG> (Thumb, 284 bytes, Stack size 16 bytes, r_sci_i2c.o(.text.sci_i2c_tei_isr))
<BR><BR>[Stack]<UL><LI>Max Depth = 16<LI>Call Chain = sci_i2c_tei_isr
</UL>
<BR>[Address Reference Count : 1]<UL><LI> vector_data.o(.application_vectors)
</UL>
<P><STRONG><a name="[f]"></a>sci_i2c_txi_isr</STRONG> (Thumb, 296 bytes, Stack size 0 bytes, r_sci_i2c.o(.text.sci_i2c_txi_isr))
<BR>[Address Reference Count : 1]<UL><LI> vector_data.o(.application_vectors)
</UL>
<P><STRONG><a name="[e]"></a>sci_uart_eri_isr</STRONG> (Thumb, 106 bytes, Stack size 16 bytes, r_sci_uart.o(.text.sci_uart_eri_isr))
<BR><BR>[Stack]<UL><LI>Max Depth = 48<LI>Call Chain = sci_uart_eri_isr &rArr; r_sci_uart_call_callback
</UL>
<BR>[Calls]<UL><LI><a href="#[80]">&gt;&gt;</a>&nbsp;&nbsp;&nbsp;r_sci_uart_call_callback
</UL>
<BR>[Address Reference Count : 1]<UL><LI> vector_data.o(.application_vectors)
</UL>
<P><STRONG><a name="[b]"></a>sci_uart_rxi_isr</STRONG> (Thumb, 136 bytes, Stack size 16 bytes, r_sci_uart.o(.text.sci_uart_rxi_isr))
<BR><BR>[Stack]<UL><LI>Max Depth = 48<LI>Call Chain = sci_uart_rxi_isr &rArr; r_sci_uart_call_callback
</UL>
<BR>[Calls]<UL><LI><a href="#[80]">&gt;&gt;</a>&nbsp;&nbsp;&nbsp;r_sci_uart_call_callback
<LI><a href="#[69]">&gt;&gt;</a>&nbsp;&nbsp;&nbsp;__aeabi_memcpy
</UL>
<BR>[Address Reference Count : 1]<UL><LI> vector_data.o(.application_vectors)
</UL>
<P><STRONG><a name="[d]"></a>sci_uart_tei_isr</STRONG> (Thumb, 74 bytes, Stack size 8 bytes, r_sci_uart.o(.text.sci_uart_tei_isr))
<BR><BR>[Stack]<UL><LI>Max Depth = 40<LI>Call Chain = sci_uart_tei_isr &rArr; r_sci_uart_call_callback
</UL>
<BR>[Calls]<UL><LI><a href="#[80]">&gt;&gt;</a>&nbsp;&nbsp;&nbsp;r_sci_uart_call_callback
</UL>
<BR>[Address Reference Count : 1]<UL><LI> vector_data.o(.application_vectors)
</UL>
<P><STRONG><a name="[c]"></a>sci_uart_txi_isr</STRONG> (Thumb, 136 bytes, Stack size 0 bytes, r_sci_uart.o(.text.sci_uart_txi_isr))
<BR><BR>[Stack]<UL><LI>Max Depth = 32<LI>Call Chain = sci_uart_txi_isr &rArr; r_sci_uart_call_callback
</UL>
<BR>[Calls]<UL><LI><a href="#[80]">&gt;&gt;</a>&nbsp;&nbsp;&nbsp;r_sci_uart_call_callback
</UL>
<BR>[Address Reference Count : 1]<UL><LI> vector_data.o(.application_vectors)
</UL>
<P><STRONG><a name="[5f]"></a>uxListRemove</STRONG> (Thumb, 34 bytes, Stack size 0 bytes, list.o(.text.uxListRemove))
<BR><BR>[Called By]<UL><LI><a href="#[72]">&gt;&gt;</a>&nbsp;&nbsp;&nbsp;prvProcessExpiredTimer
<LI><a href="#[15]">&gt;&gt;</a>&nbsp;&nbsp;&nbsp;prvTimerTask
<LI><a href="#[14]">&gt;&gt;</a>&nbsp;&nbsp;&nbsp;prvIdleTask
<LI><a href="#[5e]">&gt;&gt;</a>&nbsp;&nbsp;&nbsp;prvAddCurrentTaskToDelayedList
</UL>

<P><STRONG><a name="[58]"></a>uxTaskGetStackHighWaterMark</STRONG> (Thumb, 42 bytes, Stack size 0 bytes, tasks.o(.text.uxTaskGetStackHighWaterMark))
<BR><BR>[Called By]<UL><LI><a href="#[56]">&gt;&gt;</a>&nbsp;&nbsp;&nbsp;debug_uart_entry
</UL>

<P><STRONG><a name="[85]"></a>vApplicationGetIdleTaskMemory</STRONG> (Thumb, 26 bytes, Stack size 0 bytes, main.o(.text.vApplicationGetIdleTaskMemory))
<BR><BR>[Called By]<UL><LI><a href="#[5d]">&gt;&gt;</a>&nbsp;&nbsp;&nbsp;vTaskStartScheduler
</UL>

<P><STRONG><a name="[8e]"></a>vApplicationGetTimerTaskMemory</STRONG> (Thumb, 26 bytes, Stack size 0 bytes, main.o(.text.vApplicationGetTimerTaskMemory))
<BR><BR>[Called By]<UL><LI><a href="#[87]">&gt;&gt;</a>&nbsp;&nbsp;&nbsp;xTimerCreateTimerTask
</UL>

<P><STRONG><a name="[6c]"></a>vApplicationIdleHook</STRONG> (Thumb, 24 bytes, Stack size 8 bytes, port.o(.text.vApplicationIdleHook))
<BR><BR>[Stack]<UL><LI>Max Depth = 88<LI>Call Chain = vApplicationIdleHook &rArr; xTaskResumeAll &rArr; xTaskIncrementTick
</UL>
<BR>[Calls]<UL><LI><a href="#[76]">&gt;&gt;</a>&nbsp;&nbsp;&nbsp;xTaskResumeAll
<LI><a href="#[75]">&gt;&gt;</a>&nbsp;&nbsp;&nbsp;vTaskSuspendAll
<LI><a href="#[81]">&gt;&gt;</a>&nbsp;&nbsp;&nbsp;rm_freertos_port_sleep_preserving_lpm
</UL>
<BR>[Called By]<UL><LI><a href="#[14]">&gt;&gt;</a>&nbsp;&nbsp;&nbsp;prvIdleTask
</UL>

<P><STRONG><a name="[82]"></a>vApplicationStackOverflowHook</STRONG> (Thumb, 20 bytes, Stack size 0 bytes, debug_uart_entry.o(.text.vApplicationStackOverflowHook))
<BR><BR>[Stack]<UL><LI>Max Depth = 24<LI>Call Chain = vApplicationStackOverflowHook &rArr; __2printf
</UL>
<BR>[Calls]<UL><LI><a href="#[3f]">&gt;&gt;</a>&nbsp;&nbsp;&nbsp;R_BSP_SoftwareDelay
<LI><a href="#[2d]">&gt;&gt;</a>&nbsp;&nbsp;&nbsp;__2printf
</UL>
<BR>[Called By]<UL><LI><a href="#[3c]">&gt;&gt;</a>&nbsp;&nbsp;&nbsp;vTaskSwitchContext
</UL>

<P><STRONG><a name="[63]"></a>vListInitialise</STRONG> (Thumb, 22 bytes, Stack size 0 bytes, list.o(.text.vListInitialise))
<BR><BR>[Called By]<UL><LI><a href="#[65]">&gt;&gt;</a>&nbsp;&nbsp;&nbsp;prvCheckForValidListAndQueue
<LI><a href="#[61]">&gt;&gt;</a>&nbsp;&nbsp;&nbsp;prvAddNewTaskToReadyList
<LI><a href="#[8a]">&gt;&gt;</a>&nbsp;&nbsp;&nbsp;xQueueGenericReset
</UL>

<P><STRONG><a name="[6f]"></a>vListInitialiseItem</STRONG> (Thumb, 6 bytes, Stack size 0 bytes, list.o(.text.vListInitialiseItem))
<BR><BR>[Called By]<UL><LI><a href="#[6d]">&gt;&gt;</a>&nbsp;&nbsp;&nbsp;prvInitialiseNewTask
</UL>

<P><STRONG><a name="[60]"></a>vListInsert</STRONG> (Thumb, 58 bytes, Stack size 8 bytes, list.o(.text.vListInsert))
<BR><BR>[Stack]<UL><LI>Max Depth = 8<LI>Call Chain = vListInsert
</UL>
<BR>[Called By]<UL><LI><a href="#[71]">&gt;&gt;</a>&nbsp;&nbsp;&nbsp;prvInsertTimerInActiveList
<LI><a href="#[5e]">&gt;&gt;</a>&nbsp;&nbsp;&nbsp;prvAddCurrentTaskToDelayedList
<LI><a href="#[84]">&gt;&gt;</a>&nbsp;&nbsp;&nbsp;vTaskPlaceOnEventList
</UL>

<P><STRONG><a name="[62]"></a>vPortEnterCritical</STRONG> (Thumb, 76 bytes, Stack size 0 bytes, port.o(.text.vPortEnterCritical))
<BR><BR>[Calls]<UL><LI><a href="#[2a]">&gt;&gt;</a>&nbsp;&nbsp;&nbsp;__aeabi_assert
</UL>
<BR>[Called By]<UL><LI><a href="#[65]">&gt;&gt;</a>&nbsp;&nbsp;&nbsp;prvCheckForValidListAndQueue
<LI><a href="#[14]">&gt;&gt;</a>&nbsp;&nbsp;&nbsp;prvIdleTask
<LI><a href="#[61]">&gt;&gt;</a>&nbsp;&nbsp;&nbsp;prvAddNewTaskToReadyList
<LI><a href="#[77]">&gt;&gt;</a>&nbsp;&nbsp;&nbsp;vQueueWaitForMessageRestricted
<LI><a href="#[7e]">&gt;&gt;</a>&nbsp;&nbsp;&nbsp;xQueueSemaphoreTake
<LI><a href="#[78]">&gt;&gt;</a>&nbsp;&nbsp;&nbsp;xQueueReceive
<LI><a href="#[8d]">&gt;&gt;</a>&nbsp;&nbsp;&nbsp;xTaskCheckForTimeOut
<LI><a href="#[7f]">&gt;&gt;</a>&nbsp;&nbsp;&nbsp;xQueueGenericSend
<LI><a href="#[8a]">&gt;&gt;</a>&nbsp;&nbsp;&nbsp;xQueueGenericReset
<LI><a href="#[79]">&gt;&gt;</a>&nbsp;&nbsp;&nbsp;prvUnlockQueue
<LI><a href="#[76]">&gt;&gt;</a>&nbsp;&nbsp;&nbsp;xTaskResumeAll
</UL>

<P><STRONG><a name="[64]"></a>vPortExitCritical</STRONG> (Thumb, 56 bytes, Stack size 0 bytes, port.o(.text.vPortExitCritical))
<BR><BR>[Calls]<UL><LI><a href="#[2a]">&gt;&gt;</a>&nbsp;&nbsp;&nbsp;__aeabi_assert
</UL>
<BR>[Called By]<UL><LI><a href="#[65]">&gt;&gt;</a>&nbsp;&nbsp;&nbsp;prvCheckForValidListAndQueue
<LI><a href="#[14]">&gt;&gt;</a>&nbsp;&nbsp;&nbsp;prvIdleTask
<LI><a href="#[61]">&gt;&gt;</a>&nbsp;&nbsp;&nbsp;prvAddNewTaskToReadyList
<LI><a href="#[77]">&gt;&gt;</a>&nbsp;&nbsp;&nbsp;vQueueWaitForMessageRestricted
<LI><a href="#[7e]">&gt;&gt;</a>&nbsp;&nbsp;&nbsp;xQueueSemaphoreTake
<LI><a href="#[78]">&gt;&gt;</a>&nbsp;&nbsp;&nbsp;xQueueReceive
<LI><a href="#[8d]">&gt;&gt;</a>&nbsp;&nbsp;&nbsp;xTaskCheckForTimeOut
<LI><a href="#[7f]">&gt;&gt;</a>&nbsp;&nbsp;&nbsp;xQueueGenericSend
<LI><a href="#[8a]">&gt;&gt;</a>&nbsp;&nbsp;&nbsp;xQueueGenericReset
<LI><a href="#[79]">&gt;&gt;</a>&nbsp;&nbsp;&nbsp;prvUnlockQueue
<LI><a href="#[76]">&gt;&gt;</a>&nbsp;&nbsp;&nbsp;xTaskResumeAll
</UL>

<P><STRONG><a name="[6b]"></a>vPortFree</STRONG> (Thumb, 124 bytes, Stack size 16 bytes, heap_4.o(.text.vPortFree))
<BR><BR>[Stack]<UL><LI>Max Depth = 96<LI>Call Chain = vPortFree &rArr; xTaskResumeAll &rArr; xTaskIncrementTick
</UL>
<BR>[Calls]<UL><LI><a href="#[7d]">&gt;&gt;</a>&nbsp;&nbsp;&nbsp;prvInsertBlockIntoFreeList
<LI><a href="#[76]">&gt;&gt;</a>&nbsp;&nbsp;&nbsp;xTaskResumeAll
<LI><a href="#[75]">&gt;&gt;</a>&nbsp;&nbsp;&nbsp;vTaskSuspendAll
<LI><a href="#[2a]">&gt;&gt;</a>&nbsp;&nbsp;&nbsp;__aeabi_assert
</UL>
<BR>[Called By]<UL><LI><a href="#[15]">&gt;&gt;</a>&nbsp;&nbsp;&nbsp;prvTimerTask
<LI><a href="#[54]">&gt;&gt;</a>&nbsp;&nbsp;&nbsp;xTaskCreate
<LI><a href="#[6a]">&gt;&gt;</a>&nbsp;&nbsp;&nbsp;prvDeleteTCB
</UL>

<P><STRONG><a name="[11]"></a>vPortSVCHandler_C</STRONG> (Thumb, 40 bytes, Stack size 0 bytes, port.o(.text.vPortSVCHandler_C))
<BR><BR>[Calls]<UL><LI><a href="#[2a]">&gt;&gt;</a>&nbsp;&nbsp;&nbsp;__aeabi_assert
<LI><a href="#[3d]">&gt;&gt;</a>&nbsp;&nbsp;&nbsp;rm_freertos_port_restore_task_stackless
</UL>
<BR>[Address Reference Count : 1]<UL><LI> port.o(.text.SVC_Handler)
</UL>
<P><STRONG><a name="[89]"></a>vPortSetupTimerInterrupt</STRONG> (Thumb, 70 bytes, Stack size 0 bytes, port.o(.text.vPortSetupTimerInterrupt))
<BR><BR>[Called By]<UL><LI><a href="#[88]">&gt;&gt;</a>&nbsp;&nbsp;&nbsp;xPortStartScheduler
</UL>

<P><STRONG><a name="[67]"></a>vQueueAddToRegistry</STRONG> (Thumb, 94 bytes, Stack size 16 bytes, queue.o(.text.vQueueAddToRegistry))
<BR><BR>[Stack]<UL><LI>Max Depth = 16<LI>Call Chain = vQueueAddToRegistry
</UL>
<BR>[Calls]<UL><LI><a href="#[2a]">&gt;&gt;</a>&nbsp;&nbsp;&nbsp;__aeabi_assert
</UL>
<BR>[Called By]<UL><LI><a href="#[65]">&gt;&gt;</a>&nbsp;&nbsp;&nbsp;prvCheckForValidListAndQueue
</UL>

<P><STRONG><a name="[77]"></a>vQueueWaitForMessageRestricted</STRONG> (Thumb, 70 bytes, Stack size 16 bytes, queue.o(.text.vQueueWaitForMessageRestricted))
<BR><BR>[Stack]<UL><LI>Max Depth = 56<LI>Call Chain = vQueueWaitForMessageRestricted &rArr; vTaskPlaceOnEventListRestricted &rArr; prvAddCurrentTaskToDelayedList &rArr; vListInsert
</UL>
<BR>[Calls]<UL><LI><a href="#[83]">&gt;&gt;</a>&nbsp;&nbsp;&nbsp;vTaskPlaceOnEventListRestricted
<LI><a href="#[79]">&gt;&gt;</a>&nbsp;&nbsp;&nbsp;prvUnlockQueue
<LI><a href="#[64]">&gt;&gt;</a>&nbsp;&nbsp;&nbsp;vPortExitCritical
<LI><a href="#[62]">&gt;&gt;</a>&nbsp;&nbsp;&nbsp;vPortEnterCritical
</UL>
<BR>[Called By]<UL><LI><a href="#[15]">&gt;&gt;</a>&nbsp;&nbsp;&nbsp;prvTimerTask
</UL>

<P><STRONG><a name="[33]"></a>vTaskDelay</STRONG> (Thumb, 84 bytes, Stack size 8 bytes, tasks.o(.text.vTaskDelay))
<BR><BR>[Stack]<UL><LI>Max Depth = 88<LI>Call Chain = vTaskDelay &rArr; xTaskResumeAll &rArr; xTaskIncrementTick
</UL>
<BR>[Calls]<UL><LI><a href="#[5e]">&gt;&gt;</a>&nbsp;&nbsp;&nbsp;prvAddCurrentTaskToDelayedList
<LI><a href="#[76]">&gt;&gt;</a>&nbsp;&nbsp;&nbsp;xTaskResumeAll
<LI><a href="#[2a]">&gt;&gt;</a>&nbsp;&nbsp;&nbsp;__aeabi_assert
</UL>
<BR>[Called By]<UL><LI><a href="#[35]">&gt;&gt;</a>&nbsp;&nbsp;&nbsp;MPU6050_Init_Attitude
<LI><a href="#[32]">&gt;&gt;</a>&nbsp;&nbsp;&nbsp;MPU6050_Calibrate
<LI><a href="#[38]">&gt;&gt;</a>&nbsp;&nbsp;&nbsp;MPU6050_Init_Config
<LI><a href="#[34]">&gt;&gt;</a>&nbsp;&nbsp;&nbsp;MPU6050_ReadRegs
<LI><a href="#[39]">&gt;&gt;</a>&nbsp;&nbsp;&nbsp;MPU6050_WriteReg
</UL>

<P><STRONG><a name="[8c]"></a>vTaskInternalSetTimeOutState</STRONG> (Thumb, 26 bytes, Stack size 0 bytes, tasks.o(.text.vTaskInternalSetTimeOutState))
<BR><BR>[Called By]<UL><LI><a href="#[7e]">&gt;&gt;</a>&nbsp;&nbsp;&nbsp;xQueueSemaphoreTake
<LI><a href="#[78]">&gt;&gt;</a>&nbsp;&nbsp;&nbsp;xQueueReceive
<LI><a href="#[7f]">&gt;&gt;</a>&nbsp;&nbsp;&nbsp;xQueueGenericSend
</UL>

<P><STRONG><a name="[7b]"></a>vTaskMissedYield</STRONG> (Thumb, 14 bytes, Stack size 0 bytes, tasks.o(.text.vTaskMissedYield))
<BR><BR>[Called By]<UL><LI><a href="#[79]">&gt;&gt;</a>&nbsp;&nbsp;&nbsp;prvUnlockQueue
</UL>

<P><STRONG><a name="[84]"></a>vTaskPlaceOnEventList</STRONG> (Thumb, 58 bytes, Stack size 8 bytes, tasks.o(.text.vTaskPlaceOnEventList))
<BR><BR>[Stack]<UL><LI>Max Depth = 40<LI>Call Chain = vTaskPlaceOnEventList &rArr; prvAddCurrentTaskToDelayedList &rArr; vListInsert
</UL>
<BR>[Calls]<UL><LI><a href="#[5e]">&gt;&gt;</a>&nbsp;&nbsp;&nbsp;prvAddCurrentTaskToDelayedList
<LI><a href="#[60]">&gt;&gt;</a>&nbsp;&nbsp;&nbsp;vListInsert
<LI><a href="#[2a]">&gt;&gt;</a>&nbsp;&nbsp;&nbsp;__aeabi_assert
</UL>
<BR>[Called By]<UL><LI><a href="#[7e]">&gt;&gt;</a>&nbsp;&nbsp;&nbsp;xQueueSemaphoreTake
<LI><a href="#[78]">&gt;&gt;</a>&nbsp;&nbsp;&nbsp;xQueueReceive
<LI><a href="#[7f]">&gt;&gt;</a>&nbsp;&nbsp;&nbsp;xQueueGenericSend
</UL>

<P><STRONG><a name="[83]"></a>vTaskPlaceOnEventListRestricted</STRONG> (Thumb, 114 bytes, Stack size 8 bytes, tasks.o(.text.vTaskPlaceOnEventListRestricted))
<BR><BR>[Stack]<UL><LI>Max Depth = 40<LI>Call Chain = vTaskPlaceOnEventListRestricted &rArr; prvAddCurrentTaskToDelayedList &rArr; vListInsert
</UL>
<BR>[Calls]<UL><LI><a href="#[5e]">&gt;&gt;</a>&nbsp;&nbsp;&nbsp;prvAddCurrentTaskToDelayedList
<LI><a href="#[2a]">&gt;&gt;</a>&nbsp;&nbsp;&nbsp;__aeabi_assert
</UL>
<BR>[Called By]<UL><LI><a href="#[77]">&gt;&gt;</a>&nbsp;&nbsp;&nbsp;vQueueWaitForMessageRestricted
</UL>

<P><STRONG><a name="[5d]"></a>vTaskStartScheduler</STRONG> (Thumb, 152 bytes, Stack size 40 bytes, tasks.o(.text.vTaskStartScheduler))
<BR><BR>[Stack]<UL><LI>Max Depth = 160<LI>Call Chain = vTaskStartScheduler &rArr; xTimerCreateTimerTask &rArr; xTaskCreateStatic &rArr; prvAddNewTaskToReadyList
</UL>
<BR>[Calls]<UL><LI><a href="#[88]">&gt;&gt;</a>&nbsp;&nbsp;&nbsp;xPortStartScheduler
<LI><a href="#[87]">&gt;&gt;</a>&nbsp;&nbsp;&nbsp;xTimerCreateTimerTask
<LI><a href="#[85]">&gt;&gt;</a>&nbsp;&nbsp;&nbsp;vApplicationGetIdleTaskMemory
<LI><a href="#[86]">&gt;&gt;</a>&nbsp;&nbsp;&nbsp;xTaskCreateStatic
<LI><a href="#[2a]">&gt;&gt;</a>&nbsp;&nbsp;&nbsp;__aeabi_assert
</UL>
<BR>[Called By]<UL><LI><a href="#[47]">&gt;&gt;</a>&nbsp;&nbsp;&nbsp;main
</UL>

<P><STRONG><a name="[75]"></a>vTaskSuspendAll</STRONG> (Thumb, 16 bytes, Stack size 0 bytes, tasks.o(.text.vTaskSuspendAll))
<BR><BR>[Called By]<UL><LI><a href="#[15]">&gt;&gt;</a>&nbsp;&nbsp;&nbsp;prvTimerTask
<LI><a href="#[6c]">&gt;&gt;</a>&nbsp;&nbsp;&nbsp;vApplicationIdleHook
<LI><a href="#[7e]">&gt;&gt;</a>&nbsp;&nbsp;&nbsp;xQueueSemaphoreTake
<LI><a href="#[78]">&gt;&gt;</a>&nbsp;&nbsp;&nbsp;xQueueReceive
<LI><a href="#[7f]">&gt;&gt;</a>&nbsp;&nbsp;&nbsp;xQueueGenericSend
<LI><a href="#[6b]">&gt;&gt;</a>&nbsp;&nbsp;&nbsp;vPortFree
<LI><a href="#[7c]">&gt;&gt;</a>&nbsp;&nbsp;&nbsp;pvPortMalloc
</UL>

<P><STRONG><a name="[3c]"></a>vTaskSwitchContext</STRONG> (Thumb, 164 bytes, Stack size 8 bytes, tasks.o(.text.vTaskSwitchContext))
<BR><BR>[Stack]<UL><LI>Max Depth = 32<LI>Call Chain = vTaskSwitchContext &rArr; vApplicationStackOverflowHook &rArr; __2printf
</UL>
<BR>[Calls]<UL><LI><a href="#[82]">&gt;&gt;</a>&nbsp;&nbsp;&nbsp;vApplicationStackOverflowHook
<LI><a href="#[2a]">&gt;&gt;</a>&nbsp;&nbsp;&nbsp;__aeabi_assert
</UL>
<BR>[Called By]<UL><LI><a href="#[9]">&gt;&gt;</a>&nbsp;&nbsp;&nbsp;PendSV_Handler
</UL>

<P><STRONG><a name="[88]"></a>xPortStartScheduler</STRONG> (Thumb, 60 bytes, Stack size 0 bytes, port.o(.text.xPortStartScheduler))
<BR><BR>[Calls]<UL><LI><a href="#[89]">&gt;&gt;</a>&nbsp;&nbsp;&nbsp;vPortSetupTimerInterrupt
</UL>
<BR>[Called By]<UL><LI><a href="#[5d]">&gt;&gt;</a>&nbsp;&nbsp;&nbsp;vTaskStartScheduler
</UL>

<P><STRONG><a name="[5c]"></a>xQueueCreateCountingSemaphoreStatic</STRONG> (Thumb, 64 bytes, Stack size 24 bytes, queue.o(.text.xQueueCreateCountingSemaphoreStatic))
<BR><BR>[Stack]<UL><LI>Max Depth = 80<LI>Call Chain = xQueueCreateCountingSemaphoreStatic &rArr; xQueueGenericCreateStatic &rArr; xQueueGenericReset &rArr; xTaskRemoveFromEventList
</UL>
<BR>[Calls]<UL><LI><a href="#[66]">&gt;&gt;</a>&nbsp;&nbsp;&nbsp;xQueueGenericCreateStatic
<LI><a href="#[2a]">&gt;&gt;</a>&nbsp;&nbsp;&nbsp;__aeabi_assert
</UL>
<BR>[Called By]<UL><LI><a href="#[47]">&gt;&gt;</a>&nbsp;&nbsp;&nbsp;main
</UL>

<P><STRONG><a name="[66]"></a>xQueueGenericCreateStatic</STRONG> (Thumb, 128 bytes, Stack size 24 bytes, queue.o(.text.xQueueGenericCreateStatic))
<BR><BR>[Stack]<UL><LI>Max Depth = 56<LI>Call Chain = xQueueGenericCreateStatic &rArr; xQueueGenericReset &rArr; xTaskRemoveFromEventList
</UL>
<BR>[Calls]<UL><LI><a href="#[8a]">&gt;&gt;</a>&nbsp;&nbsp;&nbsp;xQueueGenericReset
<LI><a href="#[2a]">&gt;&gt;</a>&nbsp;&nbsp;&nbsp;__aeabi_assert
</UL>
<BR>[Called By]<UL><LI><a href="#[65]">&gt;&gt;</a>&nbsp;&nbsp;&nbsp;prvCheckForValidListAndQueue
<LI><a href="#[5c]">&gt;&gt;</a>&nbsp;&nbsp;&nbsp;xQueueCreateCountingSemaphoreStatic
</UL>

<P><STRONG><a name="[8a]"></a>xQueueGenericReset</STRONG> (Thumb, 168 bytes, Stack size 16 bytes, queue.o(.text.xQueueGenericReset))
<BR><BR>[Stack]<UL><LI>Max Depth = 32<LI>Call Chain = xQueueGenericReset &rArr; xTaskRemoveFromEventList
</UL>
<BR>[Calls]<UL><LI><a href="#[7a]">&gt;&gt;</a>&nbsp;&nbsp;&nbsp;xTaskRemoveFromEventList
<LI><a href="#[64]">&gt;&gt;</a>&nbsp;&nbsp;&nbsp;vPortExitCritical
<LI><a href="#[62]">&gt;&gt;</a>&nbsp;&nbsp;&nbsp;vPortEnterCritical
<LI><a href="#[63]">&gt;&gt;</a>&nbsp;&nbsp;&nbsp;vListInitialise
<LI><a href="#[2a]">&gt;&gt;</a>&nbsp;&nbsp;&nbsp;__aeabi_assert
</UL>
<BR>[Called By]<UL><LI><a href="#[66]">&gt;&gt;</a>&nbsp;&nbsp;&nbsp;xQueueGenericCreateStatic
</UL>

<P><STRONG><a name="[7f]"></a>xQueueGenericSend</STRONG> (Thumb, 424 bytes, Stack size 56 bytes, queue.o(.text.xQueueGenericSend))
<BR><BR>[Stack]<UL><LI>Max Depth = 136<LI>Call Chain = xQueueGenericSend &rArr; xTaskResumeAll &rArr; xTaskIncrementTick
</UL>
<BR>[Calls]<UL><LI><a href="#[84]">&gt;&gt;</a>&nbsp;&nbsp;&nbsp;vTaskPlaceOnEventList
<LI><a href="#[8d]">&gt;&gt;</a>&nbsp;&nbsp;&nbsp;xTaskCheckForTimeOut
<LI><a href="#[8c]">&gt;&gt;</a>&nbsp;&nbsp;&nbsp;vTaskInternalSetTimeOutState
<LI><a href="#[7a]">&gt;&gt;</a>&nbsp;&nbsp;&nbsp;xTaskRemoveFromEventList
<LI><a href="#[68]">&gt;&gt;</a>&nbsp;&nbsp;&nbsp;prvCopyDataToQueue
<LI><a href="#[79]">&gt;&gt;</a>&nbsp;&nbsp;&nbsp;prvUnlockQueue
<LI><a href="#[64]">&gt;&gt;</a>&nbsp;&nbsp;&nbsp;vPortExitCritical
<LI><a href="#[62]">&gt;&gt;</a>&nbsp;&nbsp;&nbsp;vPortEnterCritical
<LI><a href="#[76]">&gt;&gt;</a>&nbsp;&nbsp;&nbsp;xTaskResumeAll
<LI><a href="#[75]">&gt;&gt;</a>&nbsp;&nbsp;&nbsp;vTaskSuspendAll
<LI><a href="#[8b]">&gt;&gt;</a>&nbsp;&nbsp;&nbsp;xTaskGetSchedulerState
<LI><a href="#[2a]">&gt;&gt;</a>&nbsp;&nbsp;&nbsp;__aeabi_assert
</UL>
<BR>[Called By]<UL><LI><a href="#[59]">&gt;&gt;</a>&nbsp;&nbsp;&nbsp;rtos_startup_common_init
</UL>

<P><STRONG><a name="[78]"></a>xQueueReceive</STRONG> (Thumb, 410 bytes, Stack size 48 bytes, queue.o(.text.xQueueReceive))
<BR><BR>[Stack]<UL><LI>Max Depth = 128<LI>Call Chain = xQueueReceive &rArr; xTaskResumeAll &rArr; xTaskIncrementTick
</UL>
<BR>[Calls]<UL><LI><a href="#[84]">&gt;&gt;</a>&nbsp;&nbsp;&nbsp;vTaskPlaceOnEventList
<LI><a href="#[8d]">&gt;&gt;</a>&nbsp;&nbsp;&nbsp;xTaskCheckForTimeOut
<LI><a href="#[8c]">&gt;&gt;</a>&nbsp;&nbsp;&nbsp;vTaskInternalSetTimeOutState
<LI><a href="#[7a]">&gt;&gt;</a>&nbsp;&nbsp;&nbsp;xTaskRemoveFromEventList
<LI><a href="#[79]">&gt;&gt;</a>&nbsp;&nbsp;&nbsp;prvUnlockQueue
<LI><a href="#[64]">&gt;&gt;</a>&nbsp;&nbsp;&nbsp;vPortExitCritical
<LI><a href="#[62]">&gt;&gt;</a>&nbsp;&nbsp;&nbsp;vPortEnterCritical
<LI><a href="#[76]">&gt;&gt;</a>&nbsp;&nbsp;&nbsp;xTaskResumeAll
<LI><a href="#[75]">&gt;&gt;</a>&nbsp;&nbsp;&nbsp;vTaskSuspendAll
<LI><a href="#[8b]">&gt;&gt;</a>&nbsp;&nbsp;&nbsp;xTaskGetSchedulerState
<LI><a href="#[2a]">&gt;&gt;</a>&nbsp;&nbsp;&nbsp;__aeabi_assert
<LI><a href="#[69]">&gt;&gt;</a>&nbsp;&nbsp;&nbsp;__aeabi_memcpy
</UL>
<BR>[Called By]<UL><LI><a href="#[15]">&gt;&gt;</a>&nbsp;&nbsp;&nbsp;prvTimerTask
</UL>

<P><STRONG><a name="[7e]"></a>xQueueSemaphoreTake</STRONG> (Thumb, 370 bytes, Stack size 48 bytes, queue.o(.text.xQueueSemaphoreTake))
<BR><BR>[Stack]<UL><LI>Max Depth = 128<LI>Call Chain = xQueueSemaphoreTake &rArr; xTaskResumeAll &rArr; xTaskIncrementTick
</UL>
<BR>[Calls]<UL><LI><a href="#[84]">&gt;&gt;</a>&nbsp;&nbsp;&nbsp;vTaskPlaceOnEventList
<LI><a href="#[8d]">&gt;&gt;</a>&nbsp;&nbsp;&nbsp;xTaskCheckForTimeOut
<LI><a href="#[8c]">&gt;&gt;</a>&nbsp;&nbsp;&nbsp;vTaskInternalSetTimeOutState
<LI><a href="#[7a]">&gt;&gt;</a>&nbsp;&nbsp;&nbsp;xTaskRemoveFromEventList
<LI><a href="#[79]">&gt;&gt;</a>&nbsp;&nbsp;&nbsp;prvUnlockQueue
<LI><a href="#[64]">&gt;&gt;</a>&nbsp;&nbsp;&nbsp;vPortExitCritical
<LI><a href="#[62]">&gt;&gt;</a>&nbsp;&nbsp;&nbsp;vPortEnterCritical
<LI><a href="#[76]">&gt;&gt;</a>&nbsp;&nbsp;&nbsp;xTaskResumeAll
<LI><a href="#[75]">&gt;&gt;</a>&nbsp;&nbsp;&nbsp;vTaskSuspendAll
<LI><a href="#[8b]">&gt;&gt;</a>&nbsp;&nbsp;&nbsp;xTaskGetSchedulerState
<LI><a href="#[2a]">&gt;&gt;</a>&nbsp;&nbsp;&nbsp;__aeabi_assert
</UL>
<BR>[Called By]<UL><LI><a href="#[59]">&gt;&gt;</a>&nbsp;&nbsp;&nbsp;rtos_startup_common_init
</UL>

<P><STRONG><a name="[8d]"></a>xTaskCheckForTimeOut</STRONG> (Thumb, 140 bytes, Stack size 16 bytes, tasks.o(.text.xTaskCheckForTimeOut))
<BR><BR>[Stack]<UL><LI>Max Depth = 16<LI>Call Chain = xTaskCheckForTimeOut
</UL>
<BR>[Calls]<UL><LI><a href="#[64]">&gt;&gt;</a>&nbsp;&nbsp;&nbsp;vPortExitCritical
<LI><a href="#[62]">&gt;&gt;</a>&nbsp;&nbsp;&nbsp;vPortEnterCritical
<LI><a href="#[2a]">&gt;&gt;</a>&nbsp;&nbsp;&nbsp;__aeabi_assert
</UL>
<BR>[Called By]<UL><LI><a href="#[7e]">&gt;&gt;</a>&nbsp;&nbsp;&nbsp;xQueueSemaphoreTake
<LI><a href="#[78]">&gt;&gt;</a>&nbsp;&nbsp;&nbsp;xQueueReceive
<LI><a href="#[7f]">&gt;&gt;</a>&nbsp;&nbsp;&nbsp;xQueueGenericSend
</UL>

<P><STRONG><a name="[54]"></a>xTaskCreate</STRONG> (Thumb, 90 bytes, Stack size 48 bytes, tasks.o(.text.xTaskCreate))
<BR><BR>[Stack]<UL><LI>Max Depth = 152<LI>Call Chain = xTaskCreate &rArr; pvPortMalloc &rArr; xTaskResumeAll &rArr; xTaskIncrementTick
</UL>
<BR>[Calls]<UL><LI><a href="#[61]">&gt;&gt;</a>&nbsp;&nbsp;&nbsp;prvAddNewTaskToReadyList
<LI><a href="#[6d]">&gt;&gt;</a>&nbsp;&nbsp;&nbsp;prvInitialiseNewTask
<LI><a href="#[6b]">&gt;&gt;</a>&nbsp;&nbsp;&nbsp;vPortFree
<LI><a href="#[7c]">&gt;&gt;</a>&nbsp;&nbsp;&nbsp;pvPortMalloc
<LI><a href="#[19]">&gt;&gt;</a>&nbsp;&nbsp;&nbsp;__aeabi_memclr
</UL>
<BR>[Called By]<UL><LI><a href="#[53]">&gt;&gt;</a>&nbsp;&nbsp;&nbsp;debug_uart_create
</UL>

<P><STRONG><a name="[86]"></a>xTaskCreateStatic</STRONG> (Thumb, 152 bytes, Stack size 56 bytes, tasks.o(.text.xTaskCreateStatic))
<BR><BR>[Stack]<UL><LI>Max Depth = 88<LI>Call Chain = xTaskCreateStatic &rArr; prvAddNewTaskToReadyList
</UL>
<BR>[Calls]<UL><LI><a href="#[61]">&gt;&gt;</a>&nbsp;&nbsp;&nbsp;prvAddNewTaskToReadyList
<LI><a href="#[6d]">&gt;&gt;</a>&nbsp;&nbsp;&nbsp;prvInitialiseNewTask
<LI><a href="#[2a]">&gt;&gt;</a>&nbsp;&nbsp;&nbsp;__aeabi_assert
<LI><a href="#[19]">&gt;&gt;</a>&nbsp;&nbsp;&nbsp;__aeabi_memclr
</UL>
<BR>[Called By]<UL><LI><a href="#[87]">&gt;&gt;</a>&nbsp;&nbsp;&nbsp;xTimerCreateTimerTask
<LI><a href="#[5d]">&gt;&gt;</a>&nbsp;&nbsp;&nbsp;vTaskStartScheduler
</UL>

<P><STRONG><a name="[57]"></a>xTaskDelayUntil</STRONG> (Thumb, 176 bytes, Stack size 8 bytes, tasks.o(.text.xTaskDelayUntil))
<BR><BR>[Stack]<UL><LI>Max Depth = 88<LI>Call Chain = xTaskDelayUntil &rArr; xTaskResumeAll &rArr; xTaskIncrementTick
</UL>
<BR>[Calls]<UL><LI><a href="#[5e]">&gt;&gt;</a>&nbsp;&nbsp;&nbsp;prvAddCurrentTaskToDelayedList
<LI><a href="#[76]">&gt;&gt;</a>&nbsp;&nbsp;&nbsp;xTaskResumeAll
<LI><a href="#[2a]">&gt;&gt;</a>&nbsp;&nbsp;&nbsp;__aeabi_assert
</UL>
<BR>[Called By]<UL><LI><a href="#[56]">&gt;&gt;</a>&nbsp;&nbsp;&nbsp;debug_uart_entry
</UL>

<P><STRONG><a name="[8b]"></a>xTaskGetSchedulerState</STRONG> (Thumb, 36 bytes, Stack size 0 bytes, tasks.o(.text.xTaskGetSchedulerState))
<BR><BR>[Called By]<UL><LI><a href="#[7e]">&gt;&gt;</a>&nbsp;&nbsp;&nbsp;xQueueSemaphoreTake
<LI><a href="#[78]">&gt;&gt;</a>&nbsp;&nbsp;&nbsp;xQueueReceive
<LI><a href="#[7f]">&gt;&gt;</a>&nbsp;&nbsp;&nbsp;xQueueGenericSend
</UL>

<P><STRONG><a name="[30]"></a>xTaskGetTickCount</STRONG> (Thumb, 12 bytes, Stack size 0 bytes, tasks.o(.text.xTaskGetTickCount))
<BR><BR>[Called By]<UL><LI><a href="#[74]">&gt;&gt;</a>&nbsp;&nbsp;&nbsp;prvSampleTimeNow
<LI><a href="#[56]">&gt;&gt;</a>&nbsp;&nbsp;&nbsp;debug_uart_entry
<LI><a href="#[2f]">&gt;&gt;</a>&nbsp;&nbsp;&nbsp;MPU6050_AHRS_Complementary
</UL>

<P><STRONG><a name="[48]"></a>xTaskIncrementTick</STRONG> (Thumb, 422 bytes, Stack size 40 bytes, tasks.o(.text.xTaskIncrementTick))
<BR><BR>[Stack]<UL><LI>Max Depth = 40<LI>Call Chain = xTaskIncrementTick
</UL>
<BR>[Calls]<UL><LI><a href="#[2a]">&gt;&gt;</a>&nbsp;&nbsp;&nbsp;__aeabi_assert
</UL>
<BR>[Called By]<UL><LI><a href="#[76]">&gt;&gt;</a>&nbsp;&nbsp;&nbsp;xTaskResumeAll
<LI><a href="#[a]">&gt;&gt;</a>&nbsp;&nbsp;&nbsp;SysTick_Handler
</UL>

<P><STRONG><a name="[7a]"></a>xTaskRemoveFromEventList</STRONG> (Thumb, 242 bytes, Stack size 16 bytes, tasks.o(.text.xTaskRemoveFromEventList))
<BR><BR>[Stack]<UL><LI>Max Depth = 16<LI>Call Chain = xTaskRemoveFromEventList
</UL>
<BR>[Calls]<UL><LI><a href="#[2a]">&gt;&gt;</a>&nbsp;&nbsp;&nbsp;__aeabi_assert
</UL>
<BR>[Called By]<UL><LI><a href="#[7e]">&gt;&gt;</a>&nbsp;&nbsp;&nbsp;xQueueSemaphoreTake
<LI><a href="#[78]">&gt;&gt;</a>&nbsp;&nbsp;&nbsp;xQueueReceive
<LI><a href="#[7f]">&gt;&gt;</a>&nbsp;&nbsp;&nbsp;xQueueGenericSend
<LI><a href="#[8a]">&gt;&gt;</a>&nbsp;&nbsp;&nbsp;xQueueGenericReset
<LI><a href="#[79]">&gt;&gt;</a>&nbsp;&nbsp;&nbsp;prvUnlockQueue
</UL>

<P><STRONG><a name="[76]"></a>xTaskResumeAll</STRONG> (Thumb, 382 bytes, Stack size 40 bytes, tasks.o(.text.xTaskResumeAll))
<BR><BR>[Stack]<UL><LI>Max Depth = 80<LI>Call Chain = xTaskResumeAll &rArr; xTaskIncrementTick
</UL>
<BR>[Calls]<UL><LI><a href="#[48]">&gt;&gt;</a>&nbsp;&nbsp;&nbsp;xTaskIncrementTick
<LI><a href="#[64]">&gt;&gt;</a>&nbsp;&nbsp;&nbsp;vPortExitCritical
<LI><a href="#[62]">&gt;&gt;</a>&nbsp;&nbsp;&nbsp;vPortEnterCritical
<LI><a href="#[2a]">&gt;&gt;</a>&nbsp;&nbsp;&nbsp;__aeabi_assert
</UL>
<BR>[Called By]<UL><LI><a href="#[15]">&gt;&gt;</a>&nbsp;&nbsp;&nbsp;prvTimerTask
<LI><a href="#[6c]">&gt;&gt;</a>&nbsp;&nbsp;&nbsp;vApplicationIdleHook
<LI><a href="#[7e]">&gt;&gt;</a>&nbsp;&nbsp;&nbsp;xQueueSemaphoreTake
<LI><a href="#[78]">&gt;&gt;</a>&nbsp;&nbsp;&nbsp;xQueueReceive
<LI><a href="#[7f]">&gt;&gt;</a>&nbsp;&nbsp;&nbsp;xQueueGenericSend
<LI><a href="#[6b]">&gt;&gt;</a>&nbsp;&nbsp;&nbsp;vPortFree
<LI><a href="#[7c]">&gt;&gt;</a>&nbsp;&nbsp;&nbsp;pvPortMalloc
<LI><a href="#[57]">&gt;&gt;</a>&nbsp;&nbsp;&nbsp;xTaskDelayUntil
<LI><a href="#[33]">&gt;&gt;</a>&nbsp;&nbsp;&nbsp;vTaskDelay
</UL>

<P><STRONG><a name="[87]"></a>xTimerCreateTimerTask</STRONG> (Thumb, 108 bytes, Stack size 32 bytes, timers.o(.text.xTimerCreateTimerTask))
<BR><BR>[Stack]<UL><LI>Max Depth = 120<LI>Call Chain = xTimerCreateTimerTask &rArr; xTaskCreateStatic &rArr; prvAddNewTaskToReadyList
</UL>
<BR>[Calls]<UL><LI><a href="#[8e]">&gt;&gt;</a>&nbsp;&nbsp;&nbsp;vApplicationGetTimerTaskMemory
<LI><a href="#[65]">&gt;&gt;</a>&nbsp;&nbsp;&nbsp;prvCheckForValidListAndQueue
<LI><a href="#[86]">&gt;&gt;</a>&nbsp;&nbsp;&nbsp;xTaskCreateStatic
<LI><a href="#[2a]">&gt;&gt;</a>&nbsp;&nbsp;&nbsp;__aeabi_assert
</UL>
<BR>[Called By]<UL><LI><a href="#[5d]">&gt;&gt;</a>&nbsp;&nbsp;&nbsp;vTaskStartScheduler
</UL>

<P><STRONG><a name="[8f]"></a>__0printf</STRONG> (Thumb, 22 bytes, Stack size 24 bytes, printfa.o(i.__0printf), UNUSED)
<BR><BR>[Calls]<UL><LI><a href="#[90]">&gt;&gt;</a>&nbsp;&nbsp;&nbsp;_printf_core
</UL>

<P><STRONG><a name="[a5]"></a>__1printf</STRONG> (Thumb, 0 bytes, Stack size 24 bytes, printfa.o(i.__0printf), UNUSED)

<P><STRONG><a name="[2d]"></a>__2printf</STRONG> (Thumb, 0 bytes, Stack size 24 bytes, printfa.o(i.__0printf))
<BR><BR>[Stack]<UL><LI>Max Depth = 24<LI>Call Chain = __2printf
</UL>
<BR>[Called By]<UL><LI><a href="#[56]">&gt;&gt;</a>&nbsp;&nbsp;&nbsp;debug_uart_entry
<LI><a href="#[82]">&gt;&gt;</a>&nbsp;&nbsp;&nbsp;vApplicationStackOverflowHook
<LI><a href="#[35]">&gt;&gt;</a>&nbsp;&nbsp;&nbsp;MPU6050_Init_Attitude
<LI><a href="#[32]">&gt;&gt;</a>&nbsp;&nbsp;&nbsp;MPU6050_Calibrate
<LI><a href="#[34]">&gt;&gt;</a>&nbsp;&nbsp;&nbsp;MPU6050_ReadRegs
<LI><a href="#[39]">&gt;&gt;</a>&nbsp;&nbsp;&nbsp;MPU6050_WriteReg
<LI><a href="#[2b]">&gt;&gt;</a>&nbsp;&nbsp;&nbsp;Init_I2C_Driver
</UL>

<P><STRONG><a name="[a6]"></a>__c89printf</STRONG> (Thumb, 0 bytes, Stack size 24 bytes, printfa.o(i.__0printf), UNUSED)

<P><STRONG><a name="[a7]"></a>printf</STRONG> (Thumb, 0 bytes, Stack size 24 bytes, printfa.o(i.__0printf), UNUSED)

<P><STRONG><a name="[91]"></a>__ARM_fpclassifyf</STRONG> (Thumb, 38 bytes, Stack size 0 bytes, fpclassifyf.o(i.__ARM_fpclassifyf))
<BR><BR>[Called By]<UL><LI><a href="#[31]">&gt;&gt;</a>&nbsp;&nbsp;&nbsp;__hardfp_atan2f
</UL>

<P><STRONG><a name="[31]"></a>__hardfp_atan2f</STRONG> (Thumb, 594 bytes, Stack size 32 bytes, atan2f.o(i.__hardfp_atan2f))
<BR><BR>[Stack]<UL><LI>Max Depth = 32<LI>Call Chain = __hardfp_atan2f
</UL>
<BR>[Calls]<UL><LI><a href="#[93]">&gt;&gt;</a>&nbsp;&nbsp;&nbsp;__set_errno
<LI><a href="#[92]">&gt;&gt;</a>&nbsp;&nbsp;&nbsp;__mathlib_flt_underflow
<LI><a href="#[94]">&gt;&gt;</a>&nbsp;&nbsp;&nbsp;__mathlib_flt_infnan2
<LI><a href="#[91]">&gt;&gt;</a>&nbsp;&nbsp;&nbsp;__ARM_fpclassifyf
</UL>
<BR>[Called By]<UL><LI><a href="#[35]">&gt;&gt;</a>&nbsp;&nbsp;&nbsp;MPU6050_Init_Attitude
<LI><a href="#[2f]">&gt;&gt;</a>&nbsp;&nbsp;&nbsp;MPU6050_AHRS_Complementary
</UL>

<P><STRONG><a name="[94]"></a>__mathlib_flt_infnan2</STRONG> (Thumb, 6 bytes, Stack size 0 bytes, funder.o(i.__mathlib_flt_infnan2))
<BR><BR>[Called By]<UL><LI><a href="#[31]">&gt;&gt;</a>&nbsp;&nbsp;&nbsp;__hardfp_atan2f
</UL>

<P><STRONG><a name="[92]"></a>__mathlib_flt_underflow</STRONG> (Thumb, 10 bytes, Stack size 0 bytes, funder.o(i.__mathlib_flt_underflow))
<BR><BR>[Called By]<UL><LI><a href="#[31]">&gt;&gt;</a>&nbsp;&nbsp;&nbsp;__hardfp_atan2f
</UL>

<P><STRONG><a name="[93]"></a>__set_errno</STRONG> (Thumb, 6 bytes, Stack size 0 bytes, errno.o(i.__set_errno))
<BR><BR>[Called By]<UL><LI><a href="#[31]">&gt;&gt;</a>&nbsp;&nbsp;&nbsp;__hardfp_atan2f
</UL>

<P><STRONG><a name="[2e]"></a>puts</STRONG> (Thumb, 30 bytes, Stack size 8 bytes, puts.o(i.puts))
<BR><BR>[Stack]<UL><LI>Max Depth = 32<LI>Call Chain = puts &rArr; fputc &rArr; R_SCI_UART_Write
</UL>
<BR>[Calls]<UL><LI><a href="#[16]">&gt;&gt;</a>&nbsp;&nbsp;&nbsp;fputc
</UL>
<BR>[Called By]<UL><LI><a href="#[56]">&gt;&gt;</a>&nbsp;&nbsp;&nbsp;debug_uart_entry
<LI><a href="#[35]">&gt;&gt;</a>&nbsp;&nbsp;&nbsp;MPU6050_Init_Attitude
<LI><a href="#[32]">&gt;&gt;</a>&nbsp;&nbsp;&nbsp;MPU6050_Calibrate
<LI><a href="#[38]">&gt;&gt;</a>&nbsp;&nbsp;&nbsp;MPU6050_Init_Config
<LI><a href="#[34]">&gt;&gt;</a>&nbsp;&nbsp;&nbsp;MPU6050_ReadRegs
<LI><a href="#[2b]">&gt;&gt;</a>&nbsp;&nbsp;&nbsp;Init_I2C_Driver
</UL>
<P>
<H3>
Local Symbols
</H3>
<P><STRONG><a name="[7d]"></a>prvInsertBlockIntoFreeList</STRONG> (Thumb, 86 bytes, Stack size 8 bytes, heap_4.o(.text.prvInsertBlockIntoFreeList))
<BR><BR>[Stack]<UL><LI>Max Depth = 8<LI>Call Chain = prvInsertBlockIntoFreeList
</UL>
<BR>[Called By]<UL><LI><a href="#[6b]">&gt;&gt;</a>&nbsp;&nbsp;&nbsp;vPortFree
<LI><a href="#[7c]">&gt;&gt;</a>&nbsp;&nbsp;&nbsp;pvPortMalloc
</UL>

<P><STRONG><a name="[79]"></a>prvUnlockQueue</STRONG> (Thumb, 114 bytes, Stack size 24 bytes, queue.o(.text.prvUnlockQueue))
<BR><BR>[Stack]<UL><LI>Max Depth = 40<LI>Call Chain = prvUnlockQueue &rArr; xTaskRemoveFromEventList
</UL>
<BR>[Calls]<UL><LI><a href="#[7b]">&gt;&gt;</a>&nbsp;&nbsp;&nbsp;vTaskMissedYield
<LI><a href="#[7a]">&gt;&gt;</a>&nbsp;&nbsp;&nbsp;xTaskRemoveFromEventList
<LI><a href="#[64]">&gt;&gt;</a>&nbsp;&nbsp;&nbsp;vPortExitCritical
<LI><a href="#[62]">&gt;&gt;</a>&nbsp;&nbsp;&nbsp;vPortEnterCritical
</UL>
<BR>[Called By]<UL><LI><a href="#[77]">&gt;&gt;</a>&nbsp;&nbsp;&nbsp;vQueueWaitForMessageRestricted
<LI><a href="#[7e]">&gt;&gt;</a>&nbsp;&nbsp;&nbsp;xQueueSemaphoreTake
<LI><a href="#[78]">&gt;&gt;</a>&nbsp;&nbsp;&nbsp;xQueueReceive
<LI><a href="#[7f]">&gt;&gt;</a>&nbsp;&nbsp;&nbsp;xQueueGenericSend
</UL>

<P><STRONG><a name="[68]"></a>prvCopyDataToQueue</STRONG> (Thumb, 98 bytes, Stack size 16 bytes, queue.o(.text.prvCopyDataToQueue))
<BR><BR>[Stack]<UL><LI>Max Depth = 16<LI>Call Chain = prvCopyDataToQueue
</UL>
<BR>[Calls]<UL><LI><a href="#[69]">&gt;&gt;</a>&nbsp;&nbsp;&nbsp;__aeabi_memcpy
</UL>
<BR>[Called By]<UL><LI><a href="#[7f]">&gt;&gt;</a>&nbsp;&nbsp;&nbsp;xQueueGenericSend
</UL>

<P><STRONG><a name="[6d]"></a>prvInitialiseNewTask</STRONG> (Thumb, 144 bytes, Stack size 32 bytes, tasks.o(.text.prvInitialiseNewTask))
<BR><BR>[Stack]<UL><LI>Max Depth = 32<LI>Call Chain = prvInitialiseNewTask
</UL>
<BR>[Calls]<UL><LI><a href="#[70]">&gt;&gt;</a>&nbsp;&nbsp;&nbsp;pxPortInitialiseStack
<LI><a href="#[6f]">&gt;&gt;</a>&nbsp;&nbsp;&nbsp;vListInitialiseItem
<LI><a href="#[2a]">&gt;&gt;</a>&nbsp;&nbsp;&nbsp;__aeabi_assert
<LI><a href="#[6e]">&gt;&gt;</a>&nbsp;&nbsp;&nbsp;__aeabi_memset4
</UL>
<BR>[Called By]<UL><LI><a href="#[54]">&gt;&gt;</a>&nbsp;&nbsp;&nbsp;xTaskCreate
<LI><a href="#[86]">&gt;&gt;</a>&nbsp;&nbsp;&nbsp;xTaskCreateStatic
</UL>

<P><STRONG><a name="[61]"></a>prvAddNewTaskToReadyList</STRONG> (Thumb, 298 bytes, Stack size 32 bytes, tasks.o(.text.prvAddNewTaskToReadyList))
<BR><BR>[Stack]<UL><LI>Max Depth = 32<LI>Call Chain = prvAddNewTaskToReadyList
</UL>
<BR>[Calls]<UL><LI><a href="#[64]">&gt;&gt;</a>&nbsp;&nbsp;&nbsp;vPortExitCritical
<LI><a href="#[62]">&gt;&gt;</a>&nbsp;&nbsp;&nbsp;vPortEnterCritical
<LI><a href="#[63]">&gt;&gt;</a>&nbsp;&nbsp;&nbsp;vListInitialise
</UL>
<BR>[Called By]<UL><LI><a href="#[54]">&gt;&gt;</a>&nbsp;&nbsp;&nbsp;xTaskCreate
<LI><a href="#[86]">&gt;&gt;</a>&nbsp;&nbsp;&nbsp;xTaskCreateStatic
</UL>

<P><STRONG><a name="[6a]"></a>prvDeleteTCB</STRONG> (Thumb, 56 bytes, Stack size 8 bytes, tasks.o(.text.prvDeleteTCB))
<BR><BR>[Stack]<UL><LI>Max Depth = 104<LI>Call Chain = prvDeleteTCB &rArr; vPortFree &rArr; xTaskResumeAll &rArr; xTaskIncrementTick
</UL>
<BR>[Calls]<UL><LI><a href="#[6b]">&gt;&gt;</a>&nbsp;&nbsp;&nbsp;vPortFree
<LI><a href="#[2a]">&gt;&gt;</a>&nbsp;&nbsp;&nbsp;__aeabi_assert
</UL>
<BR>[Called By]<UL><LI><a href="#[14]">&gt;&gt;</a>&nbsp;&nbsp;&nbsp;prvIdleTask
</UL>

<P><STRONG><a name="[5e]"></a>prvAddCurrentTaskToDelayedList</STRONG> (Thumb, 154 bytes, Stack size 24 bytes, tasks.o(.text.prvAddCurrentTaskToDelayedList))
<BR><BR>[Stack]<UL><LI>Max Depth = 32<LI>Call Chain = prvAddCurrentTaskToDelayedList &rArr; vListInsert
</UL>
<BR>[Calls]<UL><LI><a href="#[5f]">&gt;&gt;</a>&nbsp;&nbsp;&nbsp;uxListRemove
<LI><a href="#[60]">&gt;&gt;</a>&nbsp;&nbsp;&nbsp;vListInsert
</UL>
<BR>[Called By]<UL><LI><a href="#[83]">&gt;&gt;</a>&nbsp;&nbsp;&nbsp;vTaskPlaceOnEventListRestricted
<LI><a href="#[84]">&gt;&gt;</a>&nbsp;&nbsp;&nbsp;vTaskPlaceOnEventList
<LI><a href="#[57]">&gt;&gt;</a>&nbsp;&nbsp;&nbsp;xTaskDelayUntil
<LI><a href="#[33]">&gt;&gt;</a>&nbsp;&nbsp;&nbsp;vTaskDelay
</UL>

<P><STRONG><a name="[14]"></a>prvIdleTask</STRONG> (Thumb, 112 bytes, Stack size 0 bytes, tasks.o(.text.prvIdleTask))
<BR><BR>[Stack]<UL><LI>Max Depth = 104<LI>Call Chain = prvIdleTask &rArr; prvDeleteTCB &rArr; vPortFree &rArr; xTaskResumeAll &rArr; xTaskIncrementTick
</UL>
<BR>[Calls]<UL><LI><a href="#[6c]">&gt;&gt;</a>&nbsp;&nbsp;&nbsp;vApplicationIdleHook
<LI><a href="#[6a]">&gt;&gt;</a>&nbsp;&nbsp;&nbsp;prvDeleteTCB
<LI><a href="#[5f]">&gt;&gt;</a>&nbsp;&nbsp;&nbsp;uxListRemove
<LI><a href="#[64]">&gt;&gt;</a>&nbsp;&nbsp;&nbsp;vPortExitCritical
<LI><a href="#[62]">&gt;&gt;</a>&nbsp;&nbsp;&nbsp;vPortEnterCritical
</UL>
<BR>[Address Reference Count : 1]<UL><LI> tasks.o(.text.vTaskStartScheduler)
</UL>
<P><STRONG><a name="[65]"></a>prvCheckForValidListAndQueue</STRONG> (Thumb, 116 bytes, Stack size 24 bytes, timers.o(.text.prvCheckForValidListAndQueue))
<BR><BR>[Stack]<UL><LI>Max Depth = 80<LI>Call Chain = prvCheckForValidListAndQueue &rArr; xQueueGenericCreateStatic &rArr; xQueueGenericReset &rArr; xTaskRemoveFromEventList
</UL>
<BR>[Calls]<UL><LI><a href="#[67]">&gt;&gt;</a>&nbsp;&nbsp;&nbsp;vQueueAddToRegistry
<LI><a href="#[66]">&gt;&gt;</a>&nbsp;&nbsp;&nbsp;xQueueGenericCreateStatic
<LI><a href="#[64]">&gt;&gt;</a>&nbsp;&nbsp;&nbsp;vPortExitCritical
<LI><a href="#[62]">&gt;&gt;</a>&nbsp;&nbsp;&nbsp;vPortEnterCritical
<LI><a href="#[63]">&gt;&gt;</a>&nbsp;&nbsp;&nbsp;vListInitialise
</UL>
<BR>[Called By]<UL><LI><a href="#[87]">&gt;&gt;</a>&nbsp;&nbsp;&nbsp;xTimerCreateTimerTask
</UL>

<P><STRONG><a name="[15]"></a>prvTimerTask</STRONG> (Thumb, 372 bytes, Stack size 16 bytes, timers.o(.text.prvTimerTask))
<BR><BR>[Stack]<UL><LI>Max Depth = 144<LI>Call Chain = prvTimerTask &rArr; xQueueReceive &rArr; xTaskResumeAll &rArr; xTaskIncrementTick
</UL>
<BR>[Calls]<UL><LI><a href="#[73]">&gt;&gt;</a>&nbsp;&nbsp;&nbsp;prvReloadTimer
<LI><a href="#[71]">&gt;&gt;</a>&nbsp;&nbsp;&nbsp;prvInsertTimerInActiveList
<LI><a href="#[72]">&gt;&gt;</a>&nbsp;&nbsp;&nbsp;prvProcessExpiredTimer
<LI><a href="#[74]">&gt;&gt;</a>&nbsp;&nbsp;&nbsp;prvSampleTimeNow
<LI><a href="#[77]">&gt;&gt;</a>&nbsp;&nbsp;&nbsp;vQueueWaitForMessageRestricted
<LI><a href="#[78]">&gt;&gt;</a>&nbsp;&nbsp;&nbsp;xQueueReceive
<LI><a href="#[5f]">&gt;&gt;</a>&nbsp;&nbsp;&nbsp;uxListRemove
<LI><a href="#[6b]">&gt;&gt;</a>&nbsp;&nbsp;&nbsp;vPortFree
<LI><a href="#[76]">&gt;&gt;</a>&nbsp;&nbsp;&nbsp;xTaskResumeAll
<LI><a href="#[75]">&gt;&gt;</a>&nbsp;&nbsp;&nbsp;vTaskSuspendAll
<LI><a href="#[2a]">&gt;&gt;</a>&nbsp;&nbsp;&nbsp;__aeabi_assert
</UL>
<BR>[Address Reference Count : 1]<UL><LI> timers.o(.text.xTimerCreateTimerTask)
</UL>
<P><STRONG><a name="[74]"></a>prvSampleTimeNow</STRONG> (Thumb, 86 bytes, Stack size 24 bytes, timers.o(.text.prvSampleTimeNow))
<BR><BR>[Stack]<UL><LI>Max Depth = 72<LI>Call Chain = prvSampleTimeNow &rArr; prvProcessExpiredTimer &rArr; prvReloadTimer &rArr; prvInsertTimerInActiveList &rArr; vListInsert
</UL>
<BR>[Calls]<UL><LI><a href="#[72]">&gt;&gt;</a>&nbsp;&nbsp;&nbsp;prvProcessExpiredTimer
<LI><a href="#[30]">&gt;&gt;</a>&nbsp;&nbsp;&nbsp;xTaskGetTickCount
</UL>
<BR>[Called By]<UL><LI><a href="#[15]">&gt;&gt;</a>&nbsp;&nbsp;&nbsp;prvTimerTask
</UL>

<P><STRONG><a name="[72]"></a>prvProcessExpiredTimer</STRONG> (Thumb, 64 bytes, Stack size 16 bytes, timers.o(.text.prvProcessExpiredTimer))
<BR><BR>[Stack]<UL><LI>Max Depth = 48<LI>Call Chain = prvProcessExpiredTimer &rArr; prvReloadTimer &rArr; prvInsertTimerInActiveList &rArr; vListInsert
</UL>
<BR>[Calls]<UL><LI><a href="#[73]">&gt;&gt;</a>&nbsp;&nbsp;&nbsp;prvReloadTimer
<LI><a href="#[5f]">&gt;&gt;</a>&nbsp;&nbsp;&nbsp;uxListRemove
</UL>
<BR>[Called By]<UL><LI><a href="#[74]">&gt;&gt;</a>&nbsp;&nbsp;&nbsp;prvSampleTimeNow
<LI><a href="#[15]">&gt;&gt;</a>&nbsp;&nbsp;&nbsp;prvTimerTask
</UL>

<P><STRONG><a name="[71]"></a>prvInsertTimerInActiveList</STRONG> (Thumb, 64 bytes, Stack size 8 bytes, timers.o(.text.prvInsertTimerInActiveList))
<BR><BR>[Stack]<UL><LI>Max Depth = 16<LI>Call Chain = prvInsertTimerInActiveList &rArr; vListInsert
</UL>
<BR>[Calls]<UL><LI><a href="#[60]">&gt;&gt;</a>&nbsp;&nbsp;&nbsp;vListInsert
</UL>
<BR>[Called By]<UL><LI><a href="#[73]">&gt;&gt;</a>&nbsp;&nbsp;&nbsp;prvReloadTimer
<LI><a href="#[15]">&gt;&gt;</a>&nbsp;&nbsp;&nbsp;prvTimerTask
</UL>

<P><STRONG><a name="[73]"></a>prvReloadTimer</STRONG> (Thumb, 46 bytes, Stack size 16 bytes, timers.o(.text.prvReloadTimer))
<BR><BR>[Stack]<UL><LI>Max Depth = 32<LI>Call Chain = prvReloadTimer &rArr; prvInsertTimerInActiveList &rArr; vListInsert
</UL>
<BR>[Calls]<UL><LI><a href="#[71]">&gt;&gt;</a>&nbsp;&nbsp;&nbsp;prvInsertTimerInActiveList
</UL>
<BR>[Called By]<UL><LI><a href="#[72]">&gt;&gt;</a>&nbsp;&nbsp;&nbsp;prvProcessExpiredTimer
<LI><a href="#[15]">&gt;&gt;</a>&nbsp;&nbsp;&nbsp;prvTimerTask
</UL>

<P><STRONG><a name="[44]"></a>r_ioport_pins_config</STRONG> (Thumb, 192 bytes, Stack size 16 bytes, r_ioport.o(.text.r_ioport_pins_config), UNUSED)
<BR><BR>[Calls]<UL><LI><a href="#[51]">&gt;&gt;</a>&nbsp;&nbsp;&nbsp;bsp_vbatt_init
</UL>
<BR>[Called By]<UL><LI><a href="#[43]">&gt;&gt;</a>&nbsp;&nbsp;&nbsp;R_IOPORT_Open
</UL>

<P><STRONG><a name="[51]"></a>bsp_vbatt_init</STRONG> (Thumb, 132 bytes, Stack size 32 bytes, r_ioport.o(.text.bsp_vbatt_init), UNUSED)
<BR><BR>[Calls]<UL><LI><a href="#[41]">&gt;&gt;</a>&nbsp;&nbsp;&nbsp;R_BSP_RegisterProtectEnable
<LI><a href="#[40]">&gt;&gt;</a>&nbsp;&nbsp;&nbsp;R_BSP_RegisterProtectDisable
</UL>
<BR>[Called By]<UL><LI><a href="#[44]">&gt;&gt;</a>&nbsp;&nbsp;&nbsp;r_ioport_pins_config
</UL>

<P><STRONG><a name="[45]"></a>sci_i2c_read_write</STRONG> (Thumb, 152 bytes, Stack size 0 bytes, r_sci_i2c.o(.text.sci_i2c_read_write))
<BR><BR>[Called By]<UL><LI><a href="#[3b]">&gt;&gt;</a>&nbsp;&nbsp;&nbsp;R_SCI_I2C_Read
<LI><a href="#[3a]">&gt;&gt;</a>&nbsp;&nbsp;&nbsp;R_SCI_I2C_Write
</UL>

<P><STRONG><a name="[80]"></a>r_sci_uart_call_callback</STRONG> (Thumb, 64 bytes, Stack size 32 bytes, r_sci_uart.o(.text.r_sci_uart_call_callback))
<BR><BR>[Stack]<UL><LI>Max Depth = 32<LI>Call Chain = r_sci_uart_call_callback
</UL>
<BR>[Called By]<UL><LI><a href="#[e]">&gt;&gt;</a>&nbsp;&nbsp;&nbsp;sci_uart_eri_isr
<LI><a href="#[d]">&gt;&gt;</a>&nbsp;&nbsp;&nbsp;sci_uart_tei_isr
<LI><a href="#[b]">&gt;&gt;</a>&nbsp;&nbsp;&nbsp;sci_uart_rxi_isr
<LI><a href="#[c]">&gt;&gt;</a>&nbsp;&nbsp;&nbsp;sci_uart_txi_isr
</UL>

<P><STRONG><a name="[13]"></a>prvTaskExitError</STRONG> (Thumb, 6 bytes, Stack size 0 bytes, port.o(.text.prvTaskExitError))
<BR>[Address Reference Count : 1]<UL><LI> port.o(.text.pxPortInitialiseStack)
</UL>
<P><STRONG><a name="[12]"></a>debug_uart_func</STRONG> (Thumb, 18 bytes, Stack size 8 bytes, debug_uart.o(.text.debug_uart_func))
<BR><BR>[Stack]<UL><LI>Max Depth = 304<LI>Call Chain = debug_uart_func &rArr; debug_uart_entry &rArr; MPU6050_Init_Attitude &rArr; MPU6050_Read_SixAxis &rArr; MPU6050_ReadRegs &rArr; vTaskDelay &rArr; xTaskResumeAll &rArr; xTaskIncrementTick
</UL>
<BR>[Calls]<UL><LI><a href="#[56]">&gt;&gt;</a>&nbsp;&nbsp;&nbsp;debug_uart_entry
<LI><a href="#[59]">&gt;&gt;</a>&nbsp;&nbsp;&nbsp;rtos_startup_common_init
</UL>
<BR>[Address Reference Count : 1]<UL><LI> debug_uart.o(.text.debug_uart_create)
</UL>
<P><STRONG><a name="[95]"></a>_fp_digits</STRONG> (Thumb, 366 bytes, Stack size 64 bytes, printfa.o(i._fp_digits), UNUSED)
<BR><BR>[Calls]<UL><LI><a href="#[1c]">&gt;&gt;</a>&nbsp;&nbsp;&nbsp;__aeabi_uldivmod
<LI><a href="#[25]">&gt;&gt;</a>&nbsp;&nbsp;&nbsp;__aeabi_dmul
<LI><a href="#[26]">&gt;&gt;</a>&nbsp;&nbsp;&nbsp;__aeabi_ddiv
<LI><a href="#[1f]">&gt;&gt;</a>&nbsp;&nbsp;&nbsp;__aeabi_dadd
<LI><a href="#[27]">&gt;&gt;</a>&nbsp;&nbsp;&nbsp;__aeabi_d2ulz
<LI><a href="#[96]">&gt;&gt;</a>&nbsp;&nbsp;&nbsp;__aeabi_cdrcmple
</UL>
<BR>[Called By]<UL><LI><a href="#[90]">&gt;&gt;</a>&nbsp;&nbsp;&nbsp;_printf_core
</UL>

<P><STRONG><a name="[90]"></a>_printf_core</STRONG> (Thumb, 1744 bytes, Stack size 136 bytes, printfa.o(i._printf_core), UNUSED)
<BR><BR>[Calls]<UL><LI><a href="#[1c]">&gt;&gt;</a>&nbsp;&nbsp;&nbsp;__aeabi_uldivmod
<LI><a href="#[99]">&gt;&gt;</a>&nbsp;&nbsp;&nbsp;__aeabi_uidivmod
<LI><a href="#[97]">&gt;&gt;</a>&nbsp;&nbsp;&nbsp;_printf_pre_padding
<LI><a href="#[98]">&gt;&gt;</a>&nbsp;&nbsp;&nbsp;_printf_post_padding
<LI><a href="#[95]">&gt;&gt;</a>&nbsp;&nbsp;&nbsp;_fp_digits
</UL>
<BR>[Called By]<UL><LI><a href="#[8f]">&gt;&gt;</a>&nbsp;&nbsp;&nbsp;__0printf
</UL>

<P><STRONG><a name="[98]"></a>_printf_post_padding</STRONG> (Thumb, 36 bytes, Stack size 24 bytes, printfa.o(i._printf_post_padding), UNUSED)
<BR><BR>[Called By]<UL><LI><a href="#[90]">&gt;&gt;</a>&nbsp;&nbsp;&nbsp;_printf_core
</UL>

<P><STRONG><a name="[97]"></a>_printf_pre_padding</STRONG> (Thumb, 46 bytes, Stack size 24 bytes, printfa.o(i._printf_pre_padding), UNUSED)
<BR><BR>[Called By]<UL><LI><a href="#[90]">&gt;&gt;</a>&nbsp;&nbsp;&nbsp;_printf_core
</UL>
<P>
<H3>
Undefined Global Symbols
</H3><HR></body></html>
