Component: Arm Compiler for Embedded 6.23 Tool: armlink [5f102400]

==============================================================================

Section Cross References

    bsp_debug_uart.o(.text._isatty) refers to bsp_debug_uart.o(.bss.errno) for errno
    bsp_debug_uart.o(.ARM.exidx.text._isatty) refers to bsp_debug_uart.o(.text._isatty) for [Anonymous Symbol]
    bsp_debug_uart.o(.text._close) refers to bsp_debug_uart.o(.bss.errno) for errno
    bsp_debug_uart.o(.ARM.exidx.text._close) refers to bsp_debug_uart.o(.text._close) for [Anonymous Symbol]
    bsp_debug_uart.o(.text._lseek) refers to bsp_debug_uart.o(.bss.errno) for errno
    bsp_debug_uart.o(.ARM.exidx.text._lseek) refers to bsp_debug_uart.o(.text._lseek) for [Anonymous Symbol]
    bsp_debug_uart.o(.text._fstat) refers to bsp_debug_uart.o(.bss.errno) for errno
    bsp_debug_uart.o(.ARM.exidx.text._fstat) refers to bsp_debug_uart.o(.text._fstat) for [Anonymous Symbol]
    bsp_debug_uart.o(.text.Debug_UART_Init) refers to hal_data.o(.bss.Debug_UART_ctrl) for Debug_UART_ctrl
    bsp_debug_uart.o(.text.Debug_UART_Init) refers to hal_data.o(.rodata.Debug_UART_cfg) for Debug_UART_cfg
    bsp_debug_uart.o(.text.Debug_UART_Init) refers to r_sci_uart.o(.text.R_SCI_UART_Open) for R_SCI_UART_Open
    bsp_debug_uart.o(.text.Debug_UART_Init) refers to bsp_common.o(.text.__aeabi_assert) for __aeabi_assert
    bsp_debug_uart.o(.ARM.exidx.text.Debug_UART_Init) refers to bsp_debug_uart.o(.text.Debug_UART_Init) for [Anonymous Symbol]
    bsp_debug_uart.o(.text.debug_uart_callback) refers to hal_data.o(.bss.Debug_UART_ctrl) for Debug_UART_ctrl
    bsp_debug_uart.o(.text.debug_uart_callback) refers to r_sci_uart.o(.text.R_SCI_UART_Write) for R_SCI_UART_Write
    bsp_debug_uart.o(.text.debug_uart_callback) refers to bsp_debug_uart.o(.bss.uart_receive_complete_flag) for uart_receive_complete_flag
    bsp_debug_uart.o(.text.debug_uart_callback) refers to bsp_debug_uart.o(.bss.uart_send_complete_flag) for uart_send_complete_flag
    bsp_debug_uart.o(.ARM.exidx.text.debug_uart_callback) refers to bsp_debug_uart.o(.text.debug_uart_callback) for [Anonymous Symbol]
    bsp_debug_uart.o(.text.fputc) refers to hal_data.o(.bss.Debug_UART_ctrl) for Debug_UART_ctrl
    bsp_debug_uart.o(.text.fputc) refers to r_sci_uart.o(.text.R_SCI_UART_Write) for R_SCI_UART_Write
    bsp_debug_uart.o(.text.fputc) refers to bsp_debug_uart.o(.bss.uart_send_complete_flag) for uart_send_complete_flag
    bsp_debug_uart.o(.ARM.exidx.text.fputc) refers to bsp_debug_uart.o(.text.fputc) for [Anonymous Symbol]
    mpu6050.o(.text.MPU_6050_callback) refers to mpu6050.o(.bss.MPU_6050_callback_event) for MPU_6050_callback_event
    mpu6050.o(.ARM.exidx.text.MPU_6050_callback) refers to mpu6050.o(.text.MPU_6050_callback) for [Anonymous Symbol]
    mpu6050.o(.text.Init_I2C_Driver) refers to hal_data.o(.bss.MPU_6050_ctrl) for MPU_6050_ctrl
    mpu6050.o(.text.Init_I2C_Driver) refers to hal_data.o(.rodata.MPU_6050_cfg) for MPU_6050_cfg
    mpu6050.o(.text.Init_I2C_Driver) refers to printfa.o(i.__0printf) for __2printf
    mpu6050.o(.text.Init_I2C_Driver) refers to puts.o(i.puts) for puts
    mpu6050.o(.ARM.exidx.text.Init_I2C_Driver) refers to mpu6050.o(.text.Init_I2C_Driver) for [Anonymous Symbol]
    mpu6050.o(.text.MPU6050_WriteReg) refers to mpu6050.o(.bss.tx_buf) for tx_buf
    mpu6050.o(.text.MPU6050_WriteReg) refers to hal_data.o(.bss.MPU_6050_ctrl) for MPU_6050_ctrl
    mpu6050.o(.text.MPU6050_WriteReg) refers to printfa.o(i.__0printf) for __2printf
    mpu6050.o(.text.MPU6050_WriteReg) refers to mpu6050.o(.bss.MPU_6050_callback_event) for MPU_6050_callback_event
    mpu6050.o(.text.MPU6050_WriteReg) refers to mpu6050.o(.data.timeout_ms) for timeout_ms
    mpu6050.o(.text.MPU6050_WriteReg) refers to bsp_delay.o(.text.R_BSP_SoftwareDelay) for R_BSP_SoftwareDelay
    mpu6050.o(.ARM.exidx.text.MPU6050_WriteReg) refers to mpu6050.o(.text.MPU6050_WriteReg) for [Anonymous Symbol]
    mpu6050.o(.text.MPU6050_ReadRegs) refers to mpu6050.o(.bss.tx_buf) for tx_buf
    mpu6050.o(.text.MPU6050_ReadRegs) refers to hal_data.o(.bss.MPU_6050_ctrl) for MPU_6050_ctrl
    mpu6050.o(.text.MPU6050_ReadRegs) refers to printfa.o(i.__0printf) for __2printf
    mpu6050.o(.text.MPU6050_ReadRegs) refers to mpu6050.o(.bss.MPU_6050_callback_event) for MPU_6050_callback_event
    mpu6050.o(.text.MPU6050_ReadRegs) refers to mpu6050.o(.data.timeout_ms) for timeout_ms
    mpu6050.o(.text.MPU6050_ReadRegs) refers to bsp_delay.o(.text.R_BSP_SoftwareDelay) for R_BSP_SoftwareDelay
    mpu6050.o(.text.MPU6050_ReadRegs) refers to mpu6050.o(.rodata.str1.1) for .L.str.5
    mpu6050.o(.ARM.exidx.text.MPU6050_ReadRegs) refers to mpu6050.o(.text.MPU6050_ReadRegs) for [Anonymous Symbol]
    mpu6050.o(.text.MPU6050_Init_Config) refers to mpu6050.o(.text.MPU6050_WriteReg) for MPU6050_WriteReg
    mpu6050.o(.text.MPU6050_Init_Config) refers to bsp_delay.o(.text.R_BSP_SoftwareDelay) for R_BSP_SoftwareDelay
[...]
    timers.o(.text.xTimerCreateTimerTask) refers to bsp_common.o(.text.__aeabi_assert) for __aeabi_assert
    timers.o(.ARM.exidx.text.xTimerCreateTimerTask) refers to timers.o(.text.xTimerCreateTimerTask) for [Anonymous Symbol]
    timers.o(.text.prvCheckForValidListAndQueue) refers to port.o(.text.vPortEnterCritical) for vPortEnterCritical
    timers.o(.text.prvCheckForValidListAndQueue) refers to timers.o(.bss.xTimerQueue) for xTimerQueue
    timers.o(.text.prvCheckForValidListAndQueue) refers to timers.o(.bss.xActiveTimerList1) for xActiveTimerList1
    timers.o(.text.prvCheckForValidListAndQueue) refers to list.o(.text.vListInitialise) for vListInitialise
    timers.o(.text.prvCheckForValidListAndQueue) refers to timers.o(.bss.xActiveTimerList2) for xActiveTimerList2
    timers.o(.text.prvCheckForValidListAndQueue) refers to timers.o(.bss.pxCurrentTimerList) for pxCurrentTimerList
    timers.o(.text.prvCheckForValidListAndQueue) refers to timers.o(.bss.pxOverflowTimerList) for pxOverflowTimerList
    timers.o(.text.prvCheckForValidListAndQueue) refers to timers.o(.bss.prvCheckForValidListAndQueue.ucStaticTimerQueueStorage) for prvCheckForValidListAndQueue.ucStaticTimerQueueStorage
    timers.o(.text.prvCheckForValidListAndQueue) refers to timers.o(.bss.prvCheckForValidListAndQueue.xStaticTimerQueue) for prvCheckForValidListAndQueue.xStaticTimerQueue
    timers.o(.text.prvCheckForValidListAndQueue) refers to queue.o(.text.xQueueGenericCreateStatic) for xQueueGenericCreateStatic
    timers.o(.text.prvCheckForValidListAndQueue) refers to queue.o(.text.vQueueAddToRegistry) for vQueueAddToRegistry
    timers.o(.text.prvCheckForValidListAndQueue) refers to port.o(.text.vPortExitCritical) for vPortExitCritical
    timers.o(.ARM.exidx.text.prvCheckForValidListAndQueue) refers to timers.o(.text.prvCheckForValidListAndQueue) for [Anonymous Symbol]
    timers.o(.text.prvTimerTask) refers to timers.o(.bss.pxCurrentTimerList) for pxCurrentTimerList
    timers.o(.text.prvTimerTask) refers to timers.o(.bss.xTimerQueue) for xTimerQueue
    timers.o(.text.prvTimerTask) refers to tasks.o(.text.vTaskSuspendAll) for vTaskSuspendAll
    timers.o(.text.prvTimerTask) refers to timers.o(.text.prvSampleTimeNow) for prvSampleTimeNow
    timers.o(.text.prvTimerTask) refers to tasks.o(.text.xTaskResumeAll) for xTaskResumeAll
    timers.o(.text.prvTimerTask) refers to timers.o(.text.prvProcessExpiredTimer) for prvProcessExpiredTimer
    timers.o(.text.prvTimerTask) refers to timers.o(.bss.pxOverflowTimerList) for pxOverflowTimerList
    timers.o(.text.prvTimerTask) refers to queue.o(.text.vQueueWaitForMessageRestricted) for vQueueWaitForMessageRestricted
    timers.o(.text.prvTimerTask) refers to list.o(.text.uxListRemove) for uxListRemove
    timers.o(.text.prvTimerTask) refers to timers.o(.text.prvInsertTimerInActiveList) for prvInsertTimerInActiveList
    timers.o(.text.prvTimerTask) refers to timers.o(.text.prvReloadTimer) for prvReloadTimer
    timers.o(.text.prvTimerTask) refers to heap_4.o(.text.vPortFree) for vPortFree
    timers.o(.text.prvTimerTask) refers to queue.o(.text.xQueueReceive) for xQueueReceive
    timers.o(.text.prvTimerTask) refers to timers.o(.rodata.str1.1) for .L.str.2
    timers.o(.text.prvTimerTask) refers to bsp_common.o(.text.__aeabi_assert) for __aeabi_assert
    timers.o(.ARM.exidx.text.prvTimerTask) refers to timers.o(.text.prvTimerTask) for [Anonymous Symbol]
    timers.o(.text.xTimerCreate) refers to heap_4.o(.text.pvPortMalloc) for pvPortMalloc
    timers.o(.text.xTimerCreate) refers to timers.o(.text.prvInitialiseNewTimer) for prvInitialiseNewTimer
    timers.o(.ARM.exidx.text.xTimerCreate) refers to timers.o(.text.xTimerCreate) for [Anonymous Symbol]
    timers.o(.text.prvInitialiseNewTimer) refers to timers.o(.text.prvCheckForValidListAndQueue) for prvCheckForValidListAndQueue
    timers.o(.text.prvInitialiseNewTimer) refers to list.o(.text.vListInitialiseItem) for vListInitialiseItem
    timers.o(.text.prvInitialiseNewTimer) refers to timers.o(.rodata.str1.1) for .L.str.2
    timers.o(.text.prvInitialiseNewTimer) refers to bsp_common.o(.text.__aeabi_assert) for __aeabi_assert
    timers.o(.ARM.exidx.text.prvInitialiseNewTimer) refers to timers.o(.text.prvInitialiseNewTimer) for [Anonymous Symbol]
    timers.o(.text.xTimerCreateStatic) refers to timers.o(.text.prvInitialiseNewTimer) for prvInitialiseNewTimer
    timers.o(.text.xTimerCreateStatic) refers to timers.o(.rodata.str1.1) for .L.str.2
    timers.o(.text.xTimerCreateStatic) refers to bsp_common.o(.text.__aeabi_assert) for __aeabi_assert
    timers.o(.ARM.exidx.text.xTimerCreateStatic) refers to timers.o(.text.xTimerCreateStatic) for [Anonymous Symbol]
    timers.o(.text.xTimerGenericCommand) refers to timers.o(.bss.xTimerQueue) for xTimerQueue
    timers.o(.text.xTimerGenericCommand) refers to tasks.o(.text.xTaskGetSchedulerState) for xTaskGetSchedulerState
    timers.o(.text.xTimerGenericCommand) refers to queue.o(.text.xQueueGenericSend) for xQueueGenericSend
    timers.o(.text.xTimerGenericCommand) refers to queue.o(.text.xQueueGenericSendFromISR) for xQueueGenericSendFromISR
    timers.o(.text.xTimerGenericCommand) refers to timers.o(.rodata.str1.1) for .L.str.5
    timers.o(.text.xTimerGenericCommand) refers to bsp_common.o(.text.__aeabi_assert) for __aeabi_assert
    timers.o(.ARM.exidx.text.xTimerGenericCommand) refers to timers.o(.text.xTimerGenericCommand) for [Anonymous Symbol]
    timers.o(.text.xTimerGetTimerDaemonTaskHandle) refers to timers.o(.bss.xTimerTaskHandle) for xTimerTaskHandle
    timers.o(.text.xTimerGetTimerDaemonTaskHandle) refers to timers.o(.rodata.str1.1) for .L.str.2
    timers.o(.text.xTimerGetTimerDaemonTaskHandle) refers to bsp_common.o(.text.__aeabi_assert) for __aeabi_assert
    timers.o(.ARM.exidx.text.xTimerGetTimerDaemonTaskHandle) refers to timers.o(.text.xTimerGetTimerDaemonTaskHandle) for [Anonymous Symbol]
    timers.o(.text.xTimerGetPeriod) refers to timers.o(.rodata.str1.1) for .L.str.5
    timers.o(.text.xTimerGetPeriod) refers to bsp_common.o(.text.__aeabi_assert) for __aeabi_assert
    timers.o(.ARM.exidx.text.xTimerGetPeriod) refers to timers.o(.text.xTimerGetPeriod) for [Anonymous Symbol]
    timers.o(.text.vTimerSetReloadMode) refers to port.o(.text.vPortEnterCritical) for vPortEnterCritical
    timers.o(.text.vTimerSetReloadMode) refers to port.o(.text.vPortExitCritical) for vPortExitCritical
    timers.o(.text.vTimerSetReloadMode) refers to timers.o(.rodata.str1.1) for .L.str.5
    timers.o(.text.vTimerSetReloadMode) refers to bsp_common.o(.text.__aeabi_assert) for __aeabi_assert
    timers.o(.ARM.exidx.text.vTimerSetReloadMode) refers to timers.o(.text.vTimerSetReloadMode) for [Anonymous Symbol]
    timers.o(.text.xTimerGetReloadMode) refers to port.o(.text.vPortEnterCritical) for vPortEnterCritical
    timers.o(.text.xTimerGetReloadMode) refers to port.o(.text.vPortExitCritical) for vPortExitCritical
    timers.o(.text.xTimerGetReloadMode) refers to timers.o(.rodata.str1.1) for .L.str.5
    timers.o(.text.xTimerGetReloadMode) refers to bsp_common.o(.text.__aeabi_assert) for __aeabi_assert
    timers.o(.ARM.exidx.text.xTimerGetReloadMode) refers to timers.o(.text.xTimerGetReloadMode) for [Anonymous Symbol]
    timers.o(.text.uxTimerGetReloadMode) refers to timers.o(.text.xTimerGetReloadMode) for xTimerGetReloadMode
    timers.o(.ARM.exidx.text.uxTimerGetReloadMode) refers to timers.o(.text.uxTimerGetReloadMode) for [Anonymous Symbol]
    timers.o(.text.xTimerGetExpiryTime) refers to timers.o(.rodata.str1.1) for .L.str.5
    timers.o(.text.xTimerGetExpiryTime) refers to bsp_common.o(.text.__aeabi_assert) for __aeabi_assert
    timers.o(.ARM.exidx.text.xTimerGetExpiryTime) refers to timers.o(.text.xTimerGetExpiryTime) for [Anonymous Symbol]
    timers.o(.text.xTimerGetStaticBuffer) refers to timers.o(.rodata.str1.1) for .L.str.2
    timers.o(.text.xTimerGetStaticBuffer) refers to bsp_common.o(.text.__aeabi_assert) for __aeabi_assert
    timers.o(.ARM.exidx.text.xTimerGetStaticBuffer) refers to timers.o(.text.xTimerGetStaticBuffer) for [Anonymous Symbol]
    timers.o(.text.pcTimerGetName) refers to timers.o(.rodata.str1.1) for .L.str.5
    timers.o(.text.pcTimerGetName) refers to bsp_common.o(.text.__aeabi_assert) for __aeabi_assert
    timers.o(.ARM.exidx.text.pcTimerGetName) refers to timers.o(.text.pcTimerGetName) for [Anonymous Symbol]
    timers.o(.text.xTimerIsTimerActive) refers to port.o(.text.vPortEnterCritical) for vPortEnterCritical
    timers.o(.text.xTimerIsTimerActive) refers to port.o(.text.vPortExitCritical) for vPortExitCritical
    timers.o(.text.xTimerIsTimerActive) refers to timers.o(.rodata.str1.1) for .L.str.5
    timers.o(.text.xTimerIsTimerActive) refers to bsp_common.o(.text.__aeabi_assert) for __aeabi_assert
    timers.o(.ARM.exidx.text.xTimerIsTimerActive) refers to timers.o(.text.xTimerIsTimerActive) for [Anonymous Symbol]
    timers.o(.text.pvTimerGetTimerID) refers to port.o(.text.vPortEnterCritical) for vPortEnterCritical
    timers.o(.text.pvTimerGetTimerID) refers to port.o(.text.vPortExitCritical) for vPortExitCritical
    timers.o(.text.pvTimerGetTimerID) refers to timers.o(.rodata.str1.1) for .L.str.5
    timers.o(.text.pvTimerGetTimerID) refers to bsp_common.o(.text.__aeabi_assert) for __aeabi_assert
    timers.o(.ARM.exidx.text.pvTimerGetTimerID) refers to timers.o(.text.pvTimerGetTimerID) for [Anonymous Symbol]
    timers.o(.text.vTimerSetTimerID) refers to port.o(.text.vPortEnterCritical) for vPortEnterCritical
    timers.o(.text.vTimerSetTimerID) refers to port.o(.text.vPortExitCritical) for vPortExitCritical
    timers.o(.text.vTimerSetTimerID) refers to timers.o(.rodata.str1.1) for .L.str.5
    timers.o(.text.vTimerSetTimerID) refers to bsp_common.o(.text.__aeabi_assert) for __aeabi_assert
    timers.o(.ARM.exidx.text.vTimerSetTimerID) refers to timers.o(.text.vTimerSetTimerID) for [Anonymous Symbol]
    timers.o(.text.prvSampleTimeNow) refers to tasks.o(.text.xTaskGetTickCount) for xTaskGetTickCount
    timers.o(.text.prvSampleTimeNow) refers to timers.o(.bss.prvSampleTimeNow.xLastTime) for prvSampleTimeNow.xLastTime
    timers.o(.text.prvSampleTimeNow) refers to timers.o(.bss.pxCurrentTimerList) for pxCurrentTimerList
    timers.o(.text.prvSampleTimeNow) refers to timers.o(.text.prvProcessExpiredTimer) for prvProcessExpiredTimer
    timers.o(.text.prvSampleTimeNow) refers to timers.o(.bss.pxOverflowTimerList) for pxOverflowTimerList
    timers.o(.ARM.exidx.text.prvSampleTimeNow) refers to timers.o(.text.prvSampleTimeNow) for [Anonymous Symbol]
    timers.o(.text.prvProcessExpiredTimer) refers to timers.o(.bss.pxCurrentTimerList) for pxCurrentTimerList
    timers.o(.text.prvProcessExpiredTimer) refers to list.o(.text.uxListRemove) for uxListRemove
    timers.o(.text.prvProcessExpiredTimer) refers to timers.o(.text.prvReloadTimer) for prvReloadTimer
    timers.o(.ARM.exidx.text.prvProcessExpiredTimer) refers to timers.o(.text.prvProcessExpiredTimer) for [Anonymous Symbol]
    timers.o(.text.prvReloadTimer) refers to timers.o(.text.prvInsertTimerInActiveList) for prvInsertTimerInActiveList
    timers.o(.ARM.exidx.text.prvReloadTimer) refers to timers.o(.text.prvReloadTimer) for [Anonymous Symbol]
    timers.o(.text.prvInsertTimerInActiveList) refers to timers.o(.bss.pxCurrentTimerList) for pxCurrentTimerList
    timers.o(.text.prvInsertTimerInActiveList) refers to timers.o(.bss.pxOverflowTimerList) for pxOverflowTimerList
    timers.o(.text.prvInsertTimerInActiveList) refers to list.o(.text.vListInsert) for vListInsert
    timers.o(.ARM.exidx.text.prvInsertTimerInActiveList) refers to timers.o(.text.prvInsertTimerInActiveList) for [Anonymous Symbol]
    startup.o(.text.Reset_Handler) refers to system.o(.text.SystemInit) for SystemInit
    startup.o(.text.Reset_Handler) refers to main.o(.text.main) for main
    startup.o(.ARM.exidx.text.Reset_Handler) refers to startup.o(.text.Reset_Handler) for [Anonymous Symbol]
    startup.o(.ARM.exidx.text.Default_Handler) refers to startup.o(.text.Default_Handler) for [Anonymous Symbol]
    startup.o(.fixed_vectors) refers to startup.o(.bss.stack) for [Anonymous Symbol]
    startup.o(.fixed_vectors) refers to startup.o(.text.Reset_Handler) for Reset_Handler
    startup.o(.fixed_vectors) refers to bsp_group_irq.o(.text.NMI_Handler) for NMI_Handler
    startup.o(.fixed_vectors) refers to startup.o(.text.Default_Handler) for HardFault_Handler
    startup.o(.fixed_vectors) refers to port.o(.text.SVC_Handler) for SVC_Handler
    startup.o(.fixed_vectors) refers to port.o(.text.PendSV_Handler) for PendSV_Handler
    startup.o(.fixed_vectors) refers to port.o(.text.SysTick_Handler) for SysTick_Handler
    system.o(.text.SystemInit) refers to startup.o(.fixed_vectors) for __Vectors
    system.o(.text.SystemInit) refers to hal_entry.o(.text.R_BSP_WarmStart) for R_BSP_WarmStart
    system.o(.text.SystemInit) refers to bsp_clocks.o(.text.bsp_clock_init) for bsp_clock_init
    system.o(.text.SystemInit) refers to memseta.o(.text) for __aeabi_memclr4
    system.o(.text.SystemInit) refers to memcpya.o(.text) for __aeabi_memcpy4
    system.o(.text.SystemInit) refers to bsp_clocks.o(.text.SystemCoreClockUpdate) for SystemCoreClockUpdate
    system.o(.text.SystemInit) refers to bsp_clocks.o(.text.R_BSP_Init_RTC) for R_BSP_Init_RTC
    system.o(.text.SystemInit) refers to bsp_register_protection.o(.text.R_BSP_RegisterProtectDisable) for R_BSP_RegisterProtectDisable
    system.o(.text.SystemInit) refers to bsp_register_protection.o(.text.R_BSP_RegisterProtectEnable) for R_BSP_RegisterProtectEnable
    system.o(.text.SystemInit) refers to bsp_irq.o(.text.bsp_irq_cfg) for bsp_irq_cfg
    system.o(.text.SystemInit) refers to bsp_common.o(.text.bsp_init_internal) for bsp_init
    system.o(.ARM.exidx.text.SystemInit) refers to system.o(.text.SystemInit) for [Anonymous Symbol]
    system.o(.ARM.exidx.text.R_BSP_WarmStart) refers to system.o(.text.R_BSP_WarmStart) for [Anonymous Symbol]
    bsp_clocks.o(.ARM.exidx.text.bsp_prv_operating_mode_set) refers to bsp_clocks.o(.text.bsp_prv_operating_mode_set) for [Anonymous Symbol]
    bsp_clocks.o(.text.bsp_prv_prepare_pll) refers to bsp_clocks.o(.bss.noinit) for g_clock_freq
    bsp_clocks.o(.ARM.exidx.text.bsp_prv_prepare_pll) refers to bsp_clocks.o(.text.bsp_prv_prepare_pll) for [Anonymous Symbol]
    bsp_clocks.o(.text.SystemCoreClockUpdate) refers to bsp_clocks.o(.bss.noinit) for g_clock_freq
    bsp_clocks.o(.text.SystemCoreClockUpdate) refers to system.o(.bss.SystemCoreClock) for SystemCoreClock
    bsp_clocks.o(.ARM.exidx.text.SystemCoreClockUpdate) refers to bsp_clocks.o(.text.SystemCoreClockUpdate) for [Anonymous Symbol]
    bsp_clocks.o(.ARM.exidx.text.prv_clock_dividers_set) refers to bsp_clocks.o(.text.prv_clock_dividers_set) for [Anonymous Symbol]
    bsp_clocks.o(.text.bsp_prv_clock_set) refers to bsp_clocks.o(.bss.noinit) for g_clock_freq
    bsp_clocks.o(.text.bsp_prv_clock_set) refers to system.o(.bss.SystemCoreClock) for SystemCoreClock
    bsp_clocks.o(.ARM.exidx.text.bsp_prv_clock_set) refers to bsp_clocks.o(.text.bsp_prv_clock_set) for [Anonymous Symbol]
    bsp_clocks.o(.text.bsp_clock_init) refers to bsp_clocks.o(.bss.noinit) for g_clock_freq
    bsp_clocks.o(.text.bsp_clock_init) refers to system.o(.bss.SystemCoreClock) for SystemCoreClock
    bsp_clocks.o(.text.bsp_clock_init) refers to bsp_delay.o(.text.R_BSP_SoftwareDelay) for R_BSP_SoftwareDelay
    bsp_clocks.o(.text.bsp_clock_init) refers to bsp_clocks.o(.text.R_BSP_SubClockStabilizeWaitAfterReset) for R_BSP_SubClockStabilizeWaitAfterReset
    bsp_clocks.o(.ARM.exidx.text.bsp_clock_init) refers to bsp_clocks.o(.text.bsp_clock_init) for [Anonymous Symbol]
    bsp_clocks.o(.text.R_BSP_SubClockStabilizeWait) refers to bsp_delay.o(.text.R_BSP_SoftwareDelay) for R_BSP_SoftwareDelay
    bsp_clocks.o(.ARM.exidx.text.R_BSP_SubClockStabilizeWait) refers to bsp_clocks.o(.text.R_BSP_SubClockStabilizeWait) for [Anonymous Symbol]
    bsp_clocks.o(.ARM.exidx.text.R_BSP_SubClockStabilizeWaitAfterReset) refers to bsp_clocks.o(.text.R_BSP_SubClockStabilizeWaitAfterReset) for [Anonymous Symbol]
    bsp_clocks.o(.ARM.exidx.text.R_BSP_OctaclkUpdate) refers to bsp_clocks.o(.text.R_BSP_OctaclkUpdate) for [Anonymous Symbol]
    bsp_clocks.o(.text.R_BSP_SourceClockHzGet) refers to bsp_clocks.o(.bss.noinit) for g_clock_freq
    bsp_clocks.o(.ARM.exidx.text.R_BSP_SourceClockHzGet) refers to bsp_clocks.o(.text.R_BSP_SourceClockHzGet) for [Anonymous Symbol]
    bsp_clocks.o(.text.R_BSP_Init_RTC) refers to bsp_delay.o(.text.R_BSP_SoftwareDelay) for R_BSP_SoftwareDelay
    bsp_clocks.o(.text.R_BSP_Init_RTC) refers to bsp_register_protection.o(.text.R_BSP_RegisterProtectDisable) for R_BSP_RegisterProtectDisable
    bsp_clocks.o(.text.R_BSP_Init_RTC) refers to bsp_register_protection.o(.text.R_BSP_RegisterProtectEnable) for R_BSP_RegisterProtectEnable
    bsp_clocks.o(.ARM.exidx.text.R_BSP_Init_RTC) refers to bsp_clocks.o(.text.R_BSP_Init_RTC) for [Anonymous Symbol]
    bsp_common.o(.ARM.exidx.text.bsp_init_internal) refers to bsp_common.o(.text.bsp_init_internal) for [Anonymous Symbol]
    bsp_common.o(.ARM.exidx.text.R_FSP_VersionGet) refers to bsp_common.o(.text.R_FSP_VersionGet) for [Anonymous Symbol]
    bsp_common.o(.ARM.exidx.text.__aeabi_assert) refers to bsp_common.o(.text.__aeabi_assert) for [Anonymous Symbol]
    bsp_delay.o(.text.R_BSP_SoftwareDelay) refers to system.o(.bss.SystemCoreClock) for SystemCoreClock
    bsp_delay.o(.text.R_BSP_SoftwareDelay) refers to bsp_delay.o(.text.bsp_prv_software_delay_loop) for bsp_prv_software_delay_loop
    bsp_delay.o(.ARM.exidx.text.R_BSP_SoftwareDelay) refers to bsp_delay.o(.text.R_BSP_SoftwareDelay) for [Anonymous Symbol]
    bsp_delay.o(.ARM.exidx.text.bsp_prv_software_delay_loop) refers to bsp_delay.o(.text.bsp_prv_software_delay_loop) for [Anonymous Symbol]
    bsp_group_irq.o(.text.R_BSP_GroupIrqWrite) refers to bsp_group_irq.o(.bss.g_bsp_group_irq_sources) for g_bsp_group_irq_sources
    bsp_group_irq.o(.ARM.exidx.text.R_BSP_GroupIrqWrite) refers to bsp_group_irq.o(.text.R_BSP_GroupIrqWrite) for [Anonymous Symbol]
    bsp_group_irq.o(.text.NMI_Handler) refers to bsp_group_irq.o(.bss.g_bsp_group_irq_sources) for g_bsp_group_irq_sources
    bsp_group_irq.o(.ARM.exidx.text.NMI_Handler) refers to bsp_group_irq.o(.text.NMI_Handler) for [Anonymous Symbol]
    bsp_irq.o(.text.bsp_irq_cfg) refers to bsp_register_protection.o(.text.R_BSP_RegisterProtectDisable) for R_BSP_RegisterProtectDisable
    bsp_irq.o(.text.bsp_irq_cfg) refers to vector_data.o(.rodata.g_interrupt_event_link_select) for g_interrupt_event_link_select
    bsp_irq.o(.text.bsp_irq_cfg) refers to bsp_register_protection.o(.text.R_BSP_RegisterProtectEnable) for R_BSP_RegisterProtectEnable
    bsp_irq.o(.ARM.exidx.text.bsp_irq_cfg) refers to bsp_irq.o(.text.bsp_irq_cfg) for [Anonymous Symbol]
    bsp_register_protection.o(.text.R_BSP_RegisterProtectEnable) refers to bsp_register_protection.o(.bss.g_protect_counters) for g_protect_counters
    bsp_register_protection.o(.text.R_BSP_RegisterProtectEnable) refers to bsp_register_protection.o(.rodata.cst8) for g_prcr_masks
    bsp_register_protection.o(.ARM.exidx.text.R_BSP_RegisterProtectEnable) refers to bsp_register_protection.o(.text.R_BSP_RegisterProtectEnable) for [Anonymous Symbol]
    bsp_register_protection.o(.text.R_BSP_RegisterProtectDisable) refers to bsp_register_protection.o(.bss.g_protect_counters) for g_protect_counters
    bsp_register_protection.o(.text.R_BSP_RegisterProtectDisable) refers to bsp_register_protection.o(.rodata.cst8) for g_prcr_masks
    bsp_register_protection.o(.ARM.exidx.text.R_BSP_RegisterProtectDisable) refers to bsp_register_protection.o(.text.R_BSP_RegisterProtectDisable) for [Anonymous Symbol]
    r_ioport.o(.text.R_IOPORT_Open) refers to r_ioport.o(.text.r_ioport_pins_config) for r_ioport_pins_config
    r_ioport.o(.ARM.exidx.text.R_IOPORT_Open) refers to r_ioport.o(.text.R_IOPORT_Open) for [Anonymous Symbol]
    r_ioport.o(.ARM.exidx.text.R_IOPORT_Close) refers to r_ioport.o(.text.R_IOPORT_Close) for [Anonymous Symbol]
    r_ioport.o(.text.R_IOPORT_PinsCfg) refers to r_ioport.o(.text.r_ioport_pins_config) for r_ioport_pins_config
    r_ioport.o(.ARM.exidx.text.R_IOPORT_PinsCfg) refers to r_ioport.o(.text.R_IOPORT_PinsCfg) for [Anonymous Symbol]
    r_ioport.o(.text.R_IOPORT_PinCfg) refers to r_ioport.o(.text.bsp_vbatt_init) for bsp_vbatt_init
    r_ioport.o(.text.R_IOPORT_PinCfg) refers to bsp_io.o(.bss.g_protect_pfswe_counter) for g_protect_pfswe_counter
    r_ioport.o(.ARM.exidx.text.R_IOPORT_PinCfg) refers to r_ioport.o(.text.R_IOPORT_PinCfg) for [Anonymous Symbol]
    r_ioport.o(.ARM.exidx.text.R_IOPORT_PinEventInputRead) refers to r_ioport.o(.text.R_IOPORT_PinEventInputRead) for [Anonymous Symbol]
    r_ioport.o(.ARM.exidx.text.R_IOPORT_PinEventOutputWrite) refers to r_ioport.o(.text.R_IOPORT_PinEventOutputWrite) for [Anonymous Symbol]
    r_ioport.o(.ARM.exidx.text.R_IOPORT_PinRead) refers to r_ioport.o(.text.R_IOPORT_PinRead) for [Anonymous Symbol]
    r_ioport.o(.ARM.exidx.text.R_IOPORT_PinWrite) refers to r_ioport.o(.text.R_IOPORT_PinWrite) for [Anonymous Symbol]
    r_ioport.o(.ARM.exidx.text.R_IOPORT_PortDirectionSet) refers to r_ioport.o(.text.R_IOPORT_PortDirectionSet) for [Anonymous Symbol]
    r_ioport.o(.ARM.exidx.text.R_IOPORT_PortEventInputRead) refers to r_ioport.o(.text.R_IOPORT_PortEventInputRead) for [Anonymous Symbol]
    r_ioport.o(.ARM.exidx.text.R_IOPORT_PortEventOutputWrite) refers to r_ioport.o(.text.R_IOPORT_PortEventOutputWrite) for [Anonymous Symbol]
    r_ioport.o(.ARM.exidx.text.R_IOPORT_PortRead) refers to r_ioport.o(.text.R_IOPORT_PortRead) for [Anonymous Symbol]
    r_ioport.o(.ARM.exidx.text.R_IOPORT_PortWrite) refers to r_ioport.o(.text.R_IOPORT_PortWrite) for [Anonymous Symbol]
    r_ioport.o(.text.r_ioport_pins_config) refers to r_ioport.o(.text.bsp_vbatt_init) for bsp_vbatt_init
    r_ioport.o(.text.r_ioport_pins_config) refers to bsp_io.o(.bss.g_protect_pfswe_counter) for g_protect_pfswe_counter
    r_ioport.o(.ARM.exidx.text.r_ioport_pins_config) refers to r_ioport.o(.text.r_ioport_pins_config) for [Anonymous Symbol]
    r_ioport.o(.text.bsp_vbatt_init) refers to bsp_register_protection.o(.text.R_BSP_RegisterProtectDisable) for R_BSP_RegisterProtectDisable
    r_ioport.o(.text.bsp_vbatt_init) refers to bsp_register_protection.o(.text.R_BSP_RegisterProtectEnable) for R_BSP_RegisterProtectEnable
    r_ioport.o(.ARM.exidx.text.bsp_vbatt_init) refers to r_ioport.o(.text.bsp_vbatt_init) for [Anonymous Symbol]
    r_ioport.o(.rodata.g_ioport_on_ioport) refers to r_ioport.o(.text.R_IOPORT_Open) for R_IOPORT_Open
    r_ioport.o(.rodata.g_ioport_on_ioport) refers to r_ioport.o(.text.R_IOPORT_Close) for R_IOPORT_Close
    r_ioport.o(.rodata.g_ioport_on_ioport) refers to r_ioport.o(.text.R_IOPORT_PinsCfg) for R_IOPORT_PinsCfg
    r_ioport.o(.rodata.g_ioport_on_ioport) refers to r_ioport.o(.text.R_IOPORT_PinCfg) for R_IOPORT_PinCfg
    r_ioport.o(.rodata.g_ioport_on_ioport) refers to r_ioport.o(.text.R_IOPORT_PinEventInputRead) for R_IOPORT_PinEventInputRead
    r_ioport.o(.rodata.g_ioport_on_ioport) refers to r_ioport.o(.text.R_IOPORT_PinEventOutputWrite) for R_IOPORT_PinEventOutputWrite
    r_ioport.o(.rodata.g_ioport_on_ioport) refers to r_ioport.o(.text.R_IOPORT_PinRead) for R_IOPORT_PinRead
    r_ioport.o(.rodata.g_ioport_on_ioport) refers to r_ioport.o(.text.R_IOPORT_PinWrite) for R_IOPORT_PinWrite
    r_ioport.o(.rodata.g_ioport_on_ioport) refers to r_ioport.o(.text.R_IOPORT_PortDirectionSet) for R_IOPORT_PortDirectionSet
    r_ioport.o(.rodata.g_ioport_on_ioport) refers to r_ioport.o(.text.R_IOPORT_PortEventInputRead) for R_IOPORT_PortEventInputRead
    r_ioport.o(.rodata.g_ioport_on_ioport) refers to r_ioport.o(.text.R_IOPORT_PortEventOutputWrite) for R_IOPORT_PortEventOutputWrite
    r_ioport.o(.rodata.g_ioport_on_ioport) refers to r_ioport.o(.text.R_IOPORT_PortRead) for R_IOPORT_PortRead
    r_ioport.o(.rodata.g_ioport_on_ioport) refers to r_ioport.o(.text.R_IOPORT_PortWrite) for R_IOPORT_PortWrite
    r_sci_uart.o(.text.R_SCI_UART_Open) refers to bsp_irq.o(.bss.gp_renesas_isr_context) for gp_renesas_isr_context
    r_sci_uart.o(.ARM.exidx.text.R_SCI_UART_Open) refers to r_sci_uart.o(.text.R_SCI_UART_Open) for [Anonymous Symbol]
    r_sci_uart.o(.ARM.exidx.text.R_SCI_UART_Read) refers to r_sci_uart.o(.text.R_SCI_UART_Read) for [Anonymous Symbol]
    r_sci_uart.o(.ARM.exidx.text.R_SCI_UART_Write) refers to r_sci_uart.o(.text.R_SCI_UART_Write) for [Anonymous Symbol]
    r_sci_uart.o(.ARM.exidx.text.R_SCI_UART_BaudSet) refers to r_sci_uart.o(.text.R_SCI_UART_BaudSet) for [Anonymous Symbol]
    r_sci_uart.o(.ARM.exidx.text.R_SCI_UART_InfoGet) refers to r_sci_uart.o(.text.R_SCI_UART_InfoGet) for [Anonymous Symbol]
    r_sci_uart.o(.ARM.exidx.text.R_SCI_UART_Abort) refers to r_sci_uart.o(.text.R_SCI_UART_Abort) for [Anonymous Symbol]
    r_sci_uart.o(.ARM.exidx.text.R_SCI_UART_CallbackSet) refers to r_sci_uart.o(.text.R_SCI_UART_CallbackSet) for [Anonymous Symbol]
    r_sci_uart.o(.ARM.exidx.text.R_SCI_UART_Close) refers to r_sci_uart.o(.text.R_SCI_UART_Close) for [Anonymous Symbol]
    r_sci_uart.o(.ARM.exidx.text.R_SCI_UART_ReadStop) refers to r_sci_uart.o(.text.R_SCI_UART_ReadStop) for [Anonymous Symbol]
    r_sci_uart.o(.text.R_SCI_UART_BaudCalculate) refers to system.o(.bss.SystemCoreClock) for SystemCoreClock
    r_sci_uart.o(.text.R_SCI_UART_BaudCalculate) refers to r_sci_uart.o(.rodata.g_async_baud) for g_async_baud
    r_sci_uart.o(.text.R_SCI_UART_BaudCalculate) refers to r_sci_uart.o(.rodata.g_div_coefficient) for g_div_coefficient
    r_sci_uart.o(.text.R_SCI_UART_BaudCalculate) refers to ldiv.o(.text) for __aeabi_ldivmod
    r_sci_uart.o(.ARM.exidx.text.R_SCI_UART_BaudCalculate) refers to r_sci_uart.o(.text.R_SCI_UART_BaudCalculate) for [Anonymous Symbol]
    r_sci_uart.o(.text.sci_uart_txi_isr) refers to bsp_irq.o(.bss.gp_renesas_isr_context) for gp_renesas_isr_context
    r_sci_uart.o(.text.sci_uart_txi_isr) refers to r_sci_uart.o(.text.r_sci_uart_call_callback) for r_sci_uart_call_callback
    r_sci_uart.o(.ARM.exidx.text.sci_uart_txi_isr) refers to r_sci_uart.o(.text.sci_uart_txi_isr) for [Anonymous Symbol]
    r_sci_uart.o(.ARM.exidx.text.r_sci_uart_call_callback) refers to r_sci_uart.o(.text.r_sci_uart_call_callback) for [Anonymous Symbol]
    r_sci_uart.o(.text.sci_uart_rxi_isr) refers to bsp_irq.o(.bss.gp_renesas_isr_context) for gp_renesas_isr_context
    r_sci_uart.o(.text.sci_uart_rxi_isr) refers to memcpya.o(.text) for __aeabi_memcpy
    r_sci_uart.o(.text.sci_uart_rxi_isr) refers to r_sci_uart.o(.text.r_sci_uart_call_callback) for r_sci_uart_call_callback
    r_sci_uart.o(.ARM.exidx.text.sci_uart_rxi_isr) refers to r_sci_uart.o(.text.sci_uart_rxi_isr) for [Anonymous Symbol]
    r_sci_uart.o(.text.sci_uart_tei_isr) refers to bsp_irq.o(.bss.gp_renesas_isr_context) for gp_renesas_isr_context
    r_sci_uart.o(.text.sci_uart_tei_isr) refers to r_sci_uart.o(.text.r_sci_uart_call_callback) for r_sci_uart_call_callback
    r_sci_uart.o(.ARM.exidx.text.sci_uart_tei_isr) refers to r_sci_uart.o(.text.sci_uart_tei_isr) for [Anonymous Symbol]
    r_sci_uart.o(.text.sci_uart_eri_isr) refers to bsp_irq.o(.bss.gp_renesas_isr_context) for gp_renesas_isr_context
    r_sci_uart.o(.text.sci_uart_eri_isr) refers to r_sci_uart.o(.text.r_sci_uart_call_callback) for r_sci_uart_call_callback
    r_sci_uart.o(.ARM.exidx.text.sci_uart_eri_isr) refers to r_sci_uart.o(.text.sci_uart_eri_isr) for [Anonymous Symbol]
    r_sci_uart.o(.rodata.g_uart_on_sci) refers to r_sci_uart.o(.text.R_SCI_UART_Open) for R_SCI_UART_Open
    r_sci_uart.o(.rodata.g_uart_on_sci) refers to r_sci_uart.o(.text.R_SCI_UART_Read) for R_SCI_UART_Read
    r_sci_uart.o(.rodata.g_uart_on_sci) refers to r_sci_uart.o(.text.R_SCI_UART_Write) for R_SCI_UART_Write
    r_sci_uart.o(.rodata.g_uart_on_sci) refers to r_sci_uart.o(.text.R_SCI_UART_BaudSet) for R_SCI_UART_BaudSet
    r_sci_uart.o(.rodata.g_uart_on_sci) refers to r_sci_uart.o(.text.R_SCI_UART_InfoGet) for R_SCI_UART_InfoGet
    r_sci_uart.o(.rodata.g_uart_on_sci) refers to r_sci_uart.o(.text.R_SCI_UART_Abort) for R_SCI_UART_Abort
    r_sci_uart.o(.rodata.g_uart_on_sci) refers to r_sci_uart.o(.text.R_SCI_UART_CallbackSet) for R_SCI_UART_CallbackSet
    r_sci_uart.o(.rodata.g_uart_on_sci) refers to r_sci_uart.o(.text.R_SCI_UART_Close) for R_SCI_UART_Close
    r_sci_uart.o(.rodata.g_uart_on_sci) refers to r_sci_uart.o(.text.R_SCI_UART_ReadStop) for R_SCI_UART_ReadStop
    port.o(.text.SVC_Handler) refers to port.o(.text.vPortSVCHandler_C) for vPortSVCHandler_C
    port.o(.ARM.exidx.text.SVC_Handler) refers to port.o(.text.SVC_Handler) for [Anonymous Symbol]
    port.o(.text.PendSV_Handler) refers to tasks.o(.text.vTaskSwitchContext) for vTaskSwitchContext
    port.o(.text.PendSV_Handler) refers to port.o(.text.rm_freertos_port_restore_task_stackless) for rm_freertos_port_restore_task_stackless
    port.o(.text.PendSV_Handler) refers to tasks.o(.bss.pxCurrentTCB) for pxCurrentTCB
    port.o(.ARM.exidx.text.PendSV_Handler) refers to port.o(.text.PendSV_Handler) for [Anonymous Symbol]
    port.o(.text.rm_freertos_port_restore_task_stackless) refers to tasks.o(.bss.pxCurrentTCB) for pxCurrentTCB
    port.o(.ARM.exidx.text.rm_freertos_port_restore_task_stackless) refers to port.o(.text.rm_freertos_port_restore_task_stackless) for [Anonymous Symbol]
    port.o(.text.SysTick_Handler) refers to tasks.o(.text.xTaskIncrementTick) for xTaskIncrementTick
    port.o(.ARM.exidx.text.SysTick_Handler) refers to port.o(.text.SysTick_Handler) for [Anonymous Symbol]
    port.o(.text.vPortSVCHandler_C) refers to port.o(.text.rm_freertos_port_restore_task_stackless) for rm_freertos_port_restore_task_stackless
    port.o(.text.vPortSVCHandler_C) refers to port.o(.rodata.str1.1) for .L.str.1
    port.o(.text.vPortSVCHandler_C) refers to bsp_common.o(.text.__aeabi_assert) for __aeabi_assert
    port.o(.ARM.exidx.text.vPortSVCHandler_C) refers to port.o(.text.vPortSVCHandler_C) for [Anonymous Symbol]
    port.o(.text.pxPortInitialiseStack) refers to port.o(.text.prvTaskExitError) for prvTaskExitError
    port.o(.ARM.exidx.text.pxPortInitialiseStack) refers to port.o(.text.pxPortInitialiseStack) for [Anonymous Symbol]
    port.o(.ARM.exidx.text.prvTaskExitError) refers to port.o(.text.prvTaskExitError) for [Anonymous Symbol]
    port.o(.text.xPortStartScheduler) refers to port.o(.text.vPortSetupTimerInterrupt) for vPortSetupTimerInterrupt
    port.o(.ARM.exidx.text.xPortStartScheduler) refers to port.o(.text.xPortStartScheduler) for [Anonymous Symbol]
    port.o(.text.vPortSetupTimerInterrupt) refers to system.o(.bss.SystemCoreClock) for SystemCoreClock
    port.o(.ARM.exidx.text.vPortSetupTimerInterrupt) refers to port.o(.text.vPortSetupTimerInterrupt) for [Anonymous Symbol]
    port.o(.ARM.exidx.text.vPortEndScheduler) refers to port.o(.text.vPortEndScheduler) for [Anonymous Symbol]
    port.o(.text.vPortEnterCritical) refers to port.o(.bss.uxCriticalNesting) for uxCriticalNesting
    port.o(.text.vPortEnterCritical) refers to port.o(.bss.g_mask_level_before_disable) for g_mask_level_before_disable
    port.o(.text.vPortEnterCritical) refers to port.o(.rodata.str1.1) for .L.str.2
    port.o(.text.vPortEnterCritical) refers to bsp_common.o(.text.__aeabi_assert) for __aeabi_assert
    port.o(.ARM.exidx.text.vPortEnterCritical) refers to port.o(.text.vPortEnterCritical) for [Anonymous Symbol]
    port.o(.text.vPortExitCritical) refers to port.o(.bss.uxCriticalNesting) for uxCriticalNesting
    port.o(.text.vPortExitCritical) refers to port.o(.bss.g_mask_level_before_disable) for g_mask_level_before_disable
    port.o(.text.vPortExitCritical) refers to port.o(.rodata.str1.1) for .L.str.1
    port.o(.text.vPortExitCritical) refers to bsp_common.o(.text.__aeabi_assert) for __aeabi_assert
    port.o(.ARM.exidx.text.vPortExitCritical) refers to port.o(.text.vPortExitCritical) for [Anonymous Symbol]
    port.o(.ARM.exidx.text.rm_freertos_port_sleep_preserving_lpm) refers to port.o(.text.rm_freertos_port_sleep_preserving_lpm) for [Anonymous Symbol]
    port.o(.text.vApplicationIdleHook) refers to tasks.o(.text.vTaskSuspendAll) for vTaskSuspendAll
    port.o(.text.vApplicationIdleHook) refers to port.o(.text.rm_freertos_port_sleep_preserving_lpm) for rm_freertos_port_sleep_preserving_lpm
    port.o(.text.vApplicationIdleHook) refers to tasks.o(.text.xTaskResumeAll) for xTaskResumeAll
    port.o(.ARM.exidx.text.vApplicationIdleHook) refers to port.o(.text.vApplicationIdleHook) for [Anonymous Symbol]
    port.o(.text.vPortValidateInterruptPriority) refers to port.o(.rodata.str1.1) for .L.str.1
    port.o(.text.vPortValidateInterruptPriority) refers to bsp_common.o(.text.__aeabi_assert) for __aeabi_assert
    port.o(.ARM.exidx.text.vPortValidateInterruptPriority) refers to port.o(.text.vPortValidateInterruptPriority) for [Anonymous Symbol]
    common_data.o(.ARM.exidx.text.g_common_init) refers to common_data.o(.text.g_common_init) for [Anonymous Symbol]
    common_data.o(.rodata.g_ioport) refers to common_data.o(.bss.g_ioport_ctrl) for g_ioport_ctrl
    common_data.o(.rodata.g_ioport) refers to pin_data.o(.rodata.g_bsp_pin_cfg) for g_bsp_pin_cfg
    common_data.o(.rodata.g_ioport) refers to r_ioport.o(.rodata.g_ioport_on_ioport) for g_ioport_on_ioport
    debug_uart.o(.text.debug_uart_create) refers to main.o(.bss.g_fsp_common_thread_count) for g_fsp_common_thread_count
    debug_uart.o(.text.debug_uart_create) refers to debug_uart.o(.rodata.debug_uart_parameters) for debug_uart_parameters
    debug_uart.o(.text.debug_uart_create) refers to debug_uart.o(.text.debug_uart_func) for debug_uart_func
    debug_uart.o(.text.debug_uart_create) refers to debug_uart.o(.bss.debug_uart) for debug_uart
    debug_uart.o(.text.debug_uart_create) refers to tasks.o(.text.xTaskCreate) for xTaskCreate
    debug_uart.o(.text.debug_uart_create) refers to main.o(.text.rtos_startup_err_callback_internal) for rtos_startup_err_callback
    debug_uart.o(.ARM.exidx.text.debug_uart_create) refers to debug_uart.o(.text.debug_uart_create) for [Anonymous Symbol]
    debug_uart.o(.text.debug_uart_func) refers to main.o(.text.rtos_startup_common_init) for rtos_startup_common_init
    debug_uart.o(.text.debug_uart_func) refers to debug_uart_entry.o(.text.debug_uart_entry) for debug_uart_entry
    debug_uart.o(.ARM.exidx.text.debug_uart_func) refers to debug_uart.o(.text.debug_uart_func) for [Anonymous Symbol]
    hal_data.o(.text.g_hal_init) refers to common_data.o(.text.g_common_init) for g_common_init
    hal_data.o(.ARM.exidx.text.g_hal_init) refers to hal_data.o(.text.g_hal_init) for [Anonymous Symbol]
    hal_data.o(.rodata.MPU_6050_cfg) refers to mpu6050.o(.text.MPU_6050_callback) for MPU_6050_callback
    hal_data.o(.rodata.MPU_6050_cfg) refers to hal_data.o(.rodata.MPU_6050_cfg_extend) for MPU_6050_cfg_extend
    hal_data.o(.rodata.MPU_6050) refers to hal_data.o(.bss.MPU_6050_ctrl) for MPU_6050_ctrl
    hal_data.o(.rodata.MPU_6050) refers to hal_data.o(.rodata.MPU_6050_cfg) for MPU_6050_cfg
    hal_data.o(.rodata.Debug_UART_cfg_extend) refers to hal_data.o(.data.Debug_UART_baud_setting) for Debug_UART_baud_setting
    hal_data.o(.rodata.Debug_UART_cfg) refers to bsp_debug_uart.o(.text.debug_uart_callback) for debug_uart_callback
    hal_data.o(.rodata.Debug_UART_cfg) refers to hal_data.o(.rodata.Debug_UART_cfg_extend) for Debug_UART_cfg_extend
    hal_data.o(.rodata.Debug_UART) refers to hal_data.o(.bss.Debug_UART_ctrl) for Debug_UART_ctrl
    hal_data.o(.rodata.Debug_UART) refers to hal_data.o(.rodata.Debug_UART_cfg) for Debug_UART_cfg
    hal_data.o(.rodata.Debug_UART) refers to r_sci_uart.o(.rodata.g_uart_on_sci) for g_uart_on_sci
    main.o(.ARM.exidx.text.rtos_startup_err_callback_internal) refers to main.o(.text.rtos_startup_err_callback_internal) for [Anonymous Symbol]
    main.o(.text.rtos_startup_common_init) refers to main.o(.bss.g_fsp_common_initialized_semaphore) for g_fsp_common_initialized_semaphore
    main.o(.text.rtos_startup_common_init) refers to queue.o(.text.xQueueSemaphoreTake) for xQueueSemaphoreTake
    main.o(.text.rtos_startup_common_init) refers to main.o(.text.rtos_startup_err_callback_internal) for rtos_startup_err_callback
    main.o(.text.rtos_startup_common_init) refers to main.o(.bss.g_fsp_common_initialized) for g_fsp_common_initialized
    main.o(.text.rtos_startup_common_init) refers to hal_data.o(.text.g_hal_init) for g_hal_init
    main.o(.text.rtos_startup_common_init) refers to main.o(.bss.g_fsp_common_thread_count) for g_fsp_common_thread_count
    main.o(.text.rtos_startup_common_init) refers to queue.o(.text.xQueueGenericSend) for xQueueGenericSend
    main.o(.ARM.exidx.text.rtos_startup_common_init) refers to main.o(.text.rtos_startup_common_init) for [Anonymous Symbol]
    main.o(.text.main) refers to main.o(.bss.g_fsp_common_thread_count) for g_fsp_common_thread_count
    main.o(.text.main) refers to main.o(.bss.g_fsp_common_initialized) for g_fsp_common_initialized
    main.o(.text.main) refers to main.o(.bss.g_fsp_common_initialized_semaphore_memory) for g_fsp_common_initialized_semaphore_memory
    main.o(.text.main) refers to queue.o(.text.xQueueCreateCountingSemaphoreStatic) for xQueueCreateCountingSemaphoreStatic
    main.o(.text.main) refers to main.o(.bss.g_fsp_common_initialized_semaphore) for g_fsp_common_initialized_semaphore
    main.o(.text.main) refers to main.o(.text.rtos_startup_err_callback_internal) for rtos_startup_err_callback
    main.o(.text.main) refers to debug_uart.o(.text.debug_uart_create) for debug_uart_create
    main.o(.text.main) refers to tasks.o(.text.vTaskStartScheduler) for vTaskStartScheduler
    main.o(.ARM.exidx.text.main) refers to main.o(.text.main) for [Anonymous Symbol]
    main.o(.text.vApplicationGetIdleTaskMemory) refers to main.o(.bss.vApplicationGetIdleTaskMemory.xIdleTaskTCB) for vApplicationGetIdleTaskMemory.xIdleTaskTCB
    main.o(.text.vApplicationGetIdleTaskMemory) refers to main.o(.bss.vApplicationGetIdleTaskMemory.uxIdleTaskStack) for vApplicationGetIdleTaskMemory.uxIdleTaskStack
    main.o(.ARM.exidx.text.vApplicationGetIdleTaskMemory) refers to main.o(.text.vApplicationGetIdleTaskMemory) for [Anonymous Symbol]
    main.o(.text.vApplicationGetTimerTaskMemory) refers to main.o(.bss.vApplicationGetTimerTaskMemory.xTimerTaskTCB) for vApplicationGetTimerTaskMemory.xTimerTaskTCB
    main.o(.text.vApplicationGetTimerTaskMemory) refers to main.o(.bss.vApplicationGetTimerTaskMemory.uxTimerTaskStack) for vApplicationGetTimerTaskMemory.uxTimerTaskStack
    main.o(.ARM.exidx.text.vApplicationGetTimerTaskMemory) refers to main.o(.text.vApplicationGetTimerTaskMemory) for [Anonymous Symbol]
    pin_data.o(.rodata.g_bsp_pin_cfg) refers to pin_data.o(.rodata.g_bsp_pin_cfg_data) for g_bsp_pin_cfg_data
    vector_data.o(.application_vectors) refers to r_sci_uart.o(.text.sci_uart_rxi_isr) for sci_uart_rxi_isr
    vector_data.o(.application_vectors) refers to r_sci_uart.o(.text.sci_uart_txi_isr) for sci_uart_txi_isr
    vector_data.o(.application_vectors) refers to r_sci_uart.o(.text.sci_uart_tei_isr) for sci_uart_tei_isr
    vector_data.o(.application_vectors) refers to r_sci_uart.o(.text.sci_uart_eri_isr) for sci_uart_eri_isr
    atan2.o(i.__hardfp_atan2) refers (Special) to iusefp.o(.text) for __I$use$fp
    atan2.o(i.__hardfp_atan2) refers to dunder.o(i.__mathlib_dbl_infnan2) for __mathlib_dbl_infnan2
    atan2.o(i.__hardfp_atan2) refers to atan.o(i.atan) for atan
    atan2.o(i.__hardfp_atan2) refers to ddiv.o(.text) for __aeabi_ddiv
    atan2.o(i.__hardfp_atan2) refers to fabs.o(i.fabs) for fabs
    atan2.o(i.__hardfp_atan2) refers to dadd.o(.text) for __aeabi_dsub
    atan2.o(i.__hardfp_atan2) refers to cdcmple.o(.text) for __aeabi_cdcmpeq
    atan2.o(i.__hardfp_atan2) refers to errno.o(i.__set_errno) for __set_errno
    atan2.o(i.__hardfp_atan2) refers to qnan.o(.constdata) for __mathlib_zero
    atan2.o(i.__softfp_atan2) refers (Special) to iusefp.o(.text) for __I$use$fp
    atan2.o(i.__softfp_atan2) refers to atan2.o(i.__hardfp_atan2) for __hardfp_atan2
    atan2.o(i.atan2) refers (Special) to iusefp.o(.text) for __I$use$fp
    atan2.o(i.atan2) refers to atan2.o(i.__hardfp_atan2) for __hardfp_atan2
    puts.o(i.puts) refers to bsp_debug_uart.o(.text.fputc) for fputc
    puts.o(i.puts) refers to stdout.o(.data) for __stdout
    puts_e.o(.text) refers to bsp_debug_uart.o(.text.fputc) for fputc
    puts_e.o(.text) refers to stdout.o(.data) for __stdout
    ldiv.o(.text) refers to uldiv.o(.text) for __aeabi_uldivmod
    printfb.o(i.__0fprintf$bare) refers to printfb.o(i._printf_core) for _printf_core
    printfb.o(i.__0fprintf$bare) refers to bsp_debug_uart.o(.text.fputc) for fputc
    printfb.o(i.__0printf$bare) refers to printfb.o(i._printf_core) for _printf_core
    printfb.o(i.__0printf$bare) refers to bsp_debug_uart.o(.text.fputc) for fputc
    printfb.o(i.__0printf$bare) refers to stdout.o(.data) for __stdout
    printfb.o(i.__0snprintf$bare) refers to printfb.o(i._printf_core) for _printf_core
    printfb.o(i.__0snprintf$bare) refers to printfb.o(i._snputc) for _snputc
    printfb.o(i.__0sprintf$bare) refers to printfb.o(i._printf_core) for _printf_core
    printfb.o(i.__0sprintf$bare) refers to printfb.o(i._sputc) for _sputc
    printfb.o(i.__0vfprintf$bare) refers to printfb.o(i._printf_core) for _printf_core
    printfb.o(i.__0vfprintf$bare) refers to bsp_debug_uart.o(.text.fputc) for fputc
    printfb.o(i.__0vprintf$bare) refers to printfb.o(i._printf_core) for _printf_core
    printfb.o(i.__0vprintf$bare) refers to bsp_debug_uart.o(.text.fputc) for fputc
    printfb.o(i.__0vprintf$bare) refers to stdout.o(.data) for __stdout
    printfb.o(i.__0vsnprintf$bare) refers to printfb.o(i._printf_core) for _printf_core
    printfb.o(i.__0vsnprintf$bare) refers to printfb.o(i._snputc) for _snputc
    printfb.o(i.__0vsprintf$bare) refers to printfb.o(i._printf_core) for _printf_core
    printfb.o(i.__0vsprintf$bare) refers to printfb.o(i._sputc) for _sputc
    printf0.o(i.__0fprintf$0) refers to printf0.o(i._printf_core) for _printf_core
    printf0.o(i.__0fprintf$0) refers to bsp_debug_uart.o(.text.fputc) for fputc
    printf0.o(i.__0printf$0) refers to printf0.o(i._printf_core) for _printf_core
    printf0.o(i.__0printf$0) refers to bsp_debug_uart.o(.text.fputc) for fputc
    printf0.o(i.__0printf$0) refers to stdout.o(.data) for __stdout
    printf0.o(i.__0snprintf$0) refers to printf0.o(i._printf_core) for _printf_core
    printf0.o(i.__0snprintf$0) refers to printf0.o(i._snputc) for _snputc
    printf0.o(i.__0sprintf$0) refers to printf0.o(i._printf_core) for _printf_core
    printf0.o(i.__0sprintf$0) refers to printf0.o(i._sputc) for _sputc
    printf0.o(i.__0vfprintf$0) refers to printf0.o(i._printf_core) for _printf_core
    printf0.o(i.__0vfprintf$0) refers to bsp_debug_uart.o(.text.fputc) for fputc
    printf0.o(i.__0vprintf$0) refers to printf0.o(i._printf_core) for _printf_core
    printf0.o(i.__0vprintf$0) refers to bsp_debug_uart.o(.text.fputc) for fputc
    printf0.o(i.__0vprintf$0) refers to stdout.o(.data) for __stdout
    printf0.o(i.__0vsnprintf$0) refers to printf0.o(i._printf_core) for _printf_core
    printf0.o(i.__0vsnprintf$0) refers to printf0.o(i._snputc) for _snputc
    printf0.o(i.__0vsprintf$0) refers to printf0.o(i._printf_core) for _printf_core
    printf0.o(i.__0vsprintf$0) refers to printf0.o(i._sputc) for _sputc
    printf1.o(i.__0fprintf$1) refers to printf1.o(i._printf_core) for _printf_core
    printf1.o(i.__0fprintf$1) refers to bsp_debug_uart.o(.text.fputc) for fputc
    printf1.o(i.__0printf$1) refers to printf1.o(i._printf_core) for _printf_core
    printf1.o(i.__0printf$1) refers to bsp_debug_uart.o(.text.fputc) for fputc
    printf1.o(i.__0printf$1) refers to stdout.o(.data) for __stdout
    printf1.o(i.__0snprintf$1) refers to printf1.o(i._printf_core) for _printf_core
    printf1.o(i.__0snprintf$1) refers to printf1.o(i._snputc) for _snputc
    printf1.o(i.__0sprintf$1) refers to printf1.o(i._printf_core) for _printf_core
    printf1.o(i.__0sprintf$1) refers to printf1.o(i._sputc) for _sputc
    printf1.o(i.__0vfprintf$1) refers to printf1.o(i._printf_core) for _printf_core
    printf1.o(i.__0vfprintf$1) refers to bsp_debug_uart.o(.text.fputc) for fputc
    printf1.o(i.__0vprintf$1) refers to printf1.o(i._printf_core) for _printf_core
    printf1.o(i.__0vprintf$1) refers to bsp_debug_uart.o(.text.fputc) for fputc
    printf1.o(i.__0vprintf$1) refers to stdout.o(.data) for __stdout
    printf1.o(i.__0vsnprintf$1) refers to printf1.o(i._printf_core) for _printf_core
    printf1.o(i.__0vsnprintf$1) refers to printf1.o(i._snputc) for _snputc
    printf1.o(i.__0vsprintf$1) refers to printf1.o(i._printf_core) for _printf_core
    printf1.o(i.__0vsprintf$1) refers to printf1.o(i._sputc) for _sputc
    printf1.o(i._printf_core) refers to uidiv.o(.text) for __aeabi_uidivmod
    printf2.o(i.__0fprintf$2) refers to printf2.o(i._printf_core) for _printf_core
    printf2.o(i.__0fprintf$2) refers to bsp_debug_uart.o(.text.fputc) for fputc
    printf2.o(i.__0printf$2) refers to printf2.o(i._printf_core) for _printf_core
    printf2.o(i.__0printf$2) refers to bsp_debug_uart.o(.text.fputc) for fputc
    printf2.o(i.__0printf$2) refers to stdout.o(.data) for __stdout
    printf2.o(i.__0snprintf$2) refers to printf2.o(i._printf_core) for _printf_core
    printf2.o(i.__0snprintf$2) refers to printf2.o(i._snputc) for _snputc
    printf2.o(i.__0sprintf$2) refers to printf2.o(i._printf_core) for _printf_core
    printf2.o(i.__0sprintf$2) refers to printf2.o(i._sputc) for _sputc
    printf2.o(i.__0vfprintf$2) refers to printf2.o(i._printf_core) for _printf_core
    printf2.o(i.__0vfprintf$2) refers to bsp_debug_uart.o(.text.fputc) for fputc
    printf2.o(i.__0vprintf$2) refers to printf2.o(i._printf_core) for _printf_core
    printf2.o(i.__0vprintf$2) refers to bsp_debug_uart.o(.text.fputc) for fputc
    printf2.o(i.__0vprintf$2) refers to stdout.o(.data) for __stdout
    printf2.o(i.__0vsnprintf$2) refers to printf2.o(i._printf_core) for _printf_core
    printf2.o(i.__0vsnprintf$2) refers to printf2.o(i._snputc) for _snputc
    printf2.o(i.__0vsprintf$2) refers to printf2.o(i._printf_core) for _printf_core
    printf2.o(i.__0vsprintf$2) refers to printf2.o(i._sputc) for _sputc
    printf3.o(i.__0fprintf$3) refers to printf3.o(i._printf_core) for _printf_core
    printf3.o(i.__0fprintf$3) refers to bsp_debug_uart.o(.text.fputc) for fputc
    printf3.o(i.__0printf$3) refers to printf3.o(i._printf_core) for _printf_core
    printf3.o(i.__0printf$3) refers to bsp_debug_uart.o(.text.fputc) for fputc
    printf3.o(i.__0printf$3) refers to stdout.o(.data) for __stdout
    printf3.o(i.__0snprintf$3) refers to printf3.o(i._printf_core) for _printf_core
    printf3.o(i.__0snprintf$3) refers to printf3.o(i._snputc) for _snputc
    printf3.o(i.__0sprintf$3) refers to printf3.o(i._printf_core) for _printf_core
    printf3.o(i.__0sprintf$3) refers to printf3.o(i._sputc) for _sputc
    printf3.o(i.__0vfprintf$3) refers to printf3.o(i._printf_core) for _printf_core
    printf3.o(i.__0vfprintf$3) refers to bsp_debug_uart.o(.text.fputc) for fputc
    printf3.o(i.__0vprintf$3) refers to printf3.o(i._printf_core) for _printf_core
    printf3.o(i.__0vprintf$3) refers to bsp_debug_uart.o(.text.fputc) for fputc
    printf3.o(i.__0vprintf$3) refers to stdout.o(.data) for __stdout
    printf3.o(i.__0vsnprintf$3) refers to printf3.o(i._printf_core) for _printf_core
    printf3.o(i.__0vsnprintf$3) refers to printf3.o(i._snputc) for _snputc
    printf3.o(i.__0vsprintf$3) refers to printf3.o(i._printf_core) for _printf_core
    printf3.o(i.__0vsprintf$3) refers to printf3.o(i._sputc) for _sputc
    printf3.o(i._printf_core) refers to uidiv.o(.text) for __aeabi_uidivmod
    printf4.o(i.__0fprintf$4) refers to printf4.o(i._printf_core) for _printf_core
    printf4.o(i.__0fprintf$4) refers to bsp_debug_uart.o(.text.fputc) for fputc
    printf4.o(i.__0printf$4) refers to printf4.o(i._printf_core) for _printf_core
    printf4.o(i.__0printf$4) refers to bsp_debug_uart.o(.text.fputc) for fputc
    printf4.o(i.__0printf$4) refers to stdout.o(.data) for __stdout
    printf4.o(i.__0snprintf$4) refers to printf4.o(i._printf_core) for _printf_core
    printf4.o(i.__0snprintf$4) refers to printf4.o(i._snputc) for _snputc
    printf4.o(i.__0sprintf$4) refers to printf4.o(i._printf_core) for _printf_core
    printf4.o(i.__0sprintf$4) refers to printf4.o(i._sputc) for _sputc
    printf4.o(i.__0vfprintf$4) refers to printf4.o(i._printf_core) for _printf_core
    printf4.o(i.__0vfprintf$4) refers to bsp_debug_uart.o(.text.fputc) for fputc
    printf4.o(i.__0vprintf$4) refers to printf4.o(i._printf_core) for _printf_core
    printf4.o(i.__0vprintf$4) refers to bsp_debug_uart.o(.text.fputc) for fputc
    printf4.o(i.__0vprintf$4) refers to stdout.o(.data) for __stdout
    printf4.o(i.__0vsnprintf$4) refers to printf4.o(i._printf_core) for _printf_core
    printf4.o(i.__0vsnprintf$4) refers to printf4.o(i._snputc) for _snputc
    printf4.o(i.__0vsprintf$4) refers to printf4.o(i._printf_core) for _printf_core
    printf4.o(i.__0vsprintf$4) refers to printf4.o(i._sputc) for _sputc
    printf4.o(i._printf_core) refers to uldiv.o(.text) for __aeabi_uldivmod
    printf5.o(i.__0fprintf$5) refers to printf5.o(i._printf_core) for _printf_core
    printf5.o(i.__0fprintf$5) refers to bsp_debug_uart.o(.text.fputc) for fputc
    printf5.o(i.__0printf$5) refers to printf5.o(i._printf_core) for _printf_core
    printf5.o(i.__0printf$5) refers to bsp_debug_uart.o(.text.fputc) for fputc
    printf5.o(i.__0printf$5) refers to stdout.o(.data) for __stdout
    printf5.o(i.__0snprintf$5) refers to printf5.o(i._printf_core) for _printf_core
    printf5.o(i.__0snprintf$5) refers to printf5.o(i._snputc) for _snputc
    printf5.o(i.__0sprintf$5) refers to printf5.o(i._printf_core) for _printf_core
    printf5.o(i.__0sprintf$5) refers to printf5.o(i._sputc) for _sputc
    printf5.o(i.__0vfprintf$5) refers to printf5.o(i._printf_core) for _printf_core
    printf5.o(i.__0vfprintf$5) refers to bsp_debug_uart.o(.text.fputc) for fputc
    printf5.o(i.__0vprintf$5) refers to printf5.o(i._printf_core) for _printf_core
    printf5.o(i.__0vprintf$5) refers to bsp_debug_uart.o(.text.fputc) for fputc
    printf5.o(i.__0vprintf$5) refers to stdout.o(.data) for __stdout
    printf5.o(i.__0vsnprintf$5) refers to printf5.o(i._printf_core) for _printf_core
    printf5.o(i.__0vsnprintf$5) refers to printf5.o(i._snputc) for _snputc
    printf5.o(i.__0vsprintf$5) refers to printf5.o(i._printf_core) for _printf_core
    printf5.o(i.__0vsprintf$5) refers to printf5.o(i._sputc) for _sputc
    printf5.o(i._printf_core) refers to uldiv.o(.text) for __aeabi_uldivmod
    printf6.o(i.__0fprintf$6) refers to printf6.o(i._printf_core) for _printf_core
    printf6.o(i.__0fprintf$6) refers to bsp_debug_uart.o(.text.fputc) for fputc
    printf6.o(i.__0printf$6) refers to printf6.o(i._printf_core) for _printf_core
    printf6.o(i.__0printf$6) refers to bsp_debug_uart.o(.text.fputc) for fputc
    printf6.o(i.__0printf$6) refers to stdout.o(.data) for __stdout
    printf6.o(i.__0snprintf$6) refers to printf6.o(i._printf_core) for _printf_core
    printf6.o(i.__0snprintf$6) refers to printf6.o(i._snputc) for _snputc
    printf6.o(i.__0sprintf$6) refers to printf6.o(i._printf_core) for _printf_core
    printf6.o(i.__0sprintf$6) refers to printf6.o(i._sputc) for _sputc
    printf6.o(i.__0vfprintf$6) refers to printf6.o(i._printf_core) for _printf_core
    printf6.o(i.__0vfprintf$6) refers to bsp_debug_uart.o(.text.fputc) for fputc
    printf6.o(i.__0vprintf$6) refers to printf6.o(i._printf_core) for _printf_core
    printf6.o(i.__0vprintf$6) refers to bsp_debug_uart.o(.text.fputc) for fputc
    printf6.o(i.__0vprintf$6) refers to stdout.o(.data) for __stdout
    printf6.o(i.__0vsnprintf$6) refers to printf6.o(i._printf_core) for _printf_core
    printf6.o(i.__0vsnprintf$6) refers to printf6.o(i._snputc) for _snputc
    printf6.o(i.__0vsprintf$6) refers to printf6.o(i._printf_core) for _printf_core
    printf6.o(i.__0vsprintf$6) refers to printf6.o(i._sputc) for _sputc
    printf6.o(i._printf_core) refers to printf6.o(i._printf_pre_padding) for _printf_pre_padding
    printf6.o(i._printf_core) refers to uidiv.o(.text) for __aeabi_uidivmod
    printf6.o(i._printf_core) refers to printf6.o(i._printf_post_padding) for _printf_post_padding
    printf7.o(i.__0fprintf$7) refers to printf7.o(i._printf_core) for _printf_core
    printf7.o(i.__0fprintf$7) refers to bsp_debug_uart.o(.text.fputc) for fputc
    printf7.o(i.__0printf$7) refers to printf7.o(i._printf_core) for _printf_core
    printf7.o(i.__0printf$7) refers to bsp_debug_uart.o(.text.fputc) for fputc
    printf7.o(i.__0printf$7) refers to stdout.o(.data) for __stdout
    printf7.o(i.__0snprintf$7) refers to printf7.o(i._printf_core) for _printf_core
    printf7.o(i.__0snprintf$7) refers to printf7.o(i._snputc) for _snputc
    printf7.o(i.__0sprintf$7) refers to printf7.o(i._printf_core) for _printf_core
    printf7.o(i.__0sprintf$7) refers to printf7.o(i._sputc) for _sputc
    printf7.o(i.__0vfprintf$7) refers to printf7.o(i._printf_core) for _printf_core
    printf7.o(i.__0vfprintf$7) refers to bsp_debug_uart.o(.text.fputc) for fputc
    printf7.o(i.__0vprintf$7) refers to printf7.o(i._printf_core) for _printf_core
    printf7.o(i.__0vprintf$7) refers to bsp_debug_uart.o(.text.fputc) for fputc
    printf7.o(i.__0vprintf$7) refers to stdout.o(.data) for __stdout
    printf7.o(i.__0vsnprintf$7) refers to printf7.o(i._printf_core) for _printf_core
    printf7.o(i.__0vsnprintf$7) refers to printf7.o(i._snputc) for _snputc
    printf7.o(i.__0vsprintf$7) refers to printf7.o(i._printf_core) for _printf_core
    printf7.o(i.__0vsprintf$7) refers to printf7.o(i._sputc) for _sputc
    printf7.o(i._printf_core) refers to printf7.o(i._printf_pre_padding) for _printf_pre_padding
    printf7.o(i._printf_core) refers to uldiv.o(.text) for __aeabi_uldivmod
    printf7.o(i._printf_core) refers to printf7.o(i._printf_post_padding) for _printf_post_padding
    printf8.o(i.__0fprintf$8) refers to printf8.o(i._printf_core) for _printf_core
    printf8.o(i.__0fprintf$8) refers to bsp_debug_uart.o(.text.fputc) for fputc
    printf8.o(i.__0printf$8) refers to printf8.o(i._printf_core) for _printf_core
    printf8.o(i.__0printf$8) refers to bsp_debug_uart.o(.text.fputc) for fputc
    printf8.o(i.__0printf$8) refers to stdout.o(.data) for __stdout
    printf8.o(i.__0snprintf$8) refers to printf8.o(i._printf_core) for _printf_core
    printf8.o(i.__0snprintf$8) refers to printf8.o(i._snputc) for _snputc
    printf8.o(i.__0sprintf$8) refers to printf8.o(i._printf_core) for _printf_core
    printf8.o(i.__0sprintf$8) refers to printf8.o(i._sputc) for _sputc
    printf8.o(i.__0vfprintf$8) refers to printf8.o(i._printf_core) for _printf_core
    printf8.o(i.__0vfprintf$8) refers to bsp_debug_uart.o(.text.fputc) for fputc
    printf8.o(i.__0vprintf$8) refers to printf8.o(i._printf_core) for _printf_core
    printf8.o(i.__0vprintf$8) refers to bsp_debug_uart.o(.text.fputc) for fputc
    printf8.o(i.__0vprintf$8) refers to stdout.o(.data) for __stdout
    printf8.o(i.__0vsnprintf$8) refers to printf8.o(i._printf_core) for _printf_core
    printf8.o(i.__0vsnprintf$8) refers to printf8.o(i._snputc) for _snputc
    printf8.o(i.__0vsprintf$8) refers to printf8.o(i._printf_core) for _printf_core
    printf8.o(i.__0vsprintf$8) refers to printf8.o(i._sputc) for _sputc
    printf8.o(i._printf_core) refers to printf8.o(i._printf_pre_padding) for _printf_pre_padding
    printf8.o(i._printf_core) refers to uldiv.o(.text) for __aeabi_uldivmod
    printf8.o(i._printf_core) refers to printf8.o(i._printf_post_padding) for _printf_post_padding
    printfa.o(i.__0fprintf) refers (Special) to iusefp.o(.text) for __I$use$fp
    printfa.o(i.__0fprintf) refers to printfa.o(i._printf_core) for _printf_core
    printfa.o(i.__0fprintf) refers to bsp_debug_uart.o(.text.fputc) for fputc
    printfa.o(i.__0printf) refers (Special) to iusefp.o(.text) for __I$use$fp
    printfa.o(i.__0printf) refers to printfa.o(i._printf_core) for _printf_core
    printfa.o(i.__0printf) refers to bsp_debug_uart.o(.text.fputc) for fputc
    printfa.o(i.__0printf) refers to stdout.o(.data) for __stdout
    printfa.o(i.__0snprintf) refers (Special) to iusefp.o(.text) for __I$use$fp
    printfa.o(i.__0snprintf) refers to printfa.o(i._printf_core) for _printf_core
    printfa.o(i.__0snprintf) refers to printfa.o(i._snputc) for _snputc
    printfa.o(i.__0sprintf) refers (Special) to iusefp.o(.text) for __I$use$fp
    printfa.o(i.__0sprintf) refers to printfa.o(i._printf_core) for _printf_core
    printfa.o(i.__0sprintf) refers to printfa.o(i._sputc) for _sputc
    printfa.o(i.__0vfprintf) refers (Special) to iusefp.o(.text) for __I$use$fp
    printfa.o(i.__0vfprintf) refers to printfa.o(i._printf_core) for _printf_core
    printfa.o(i.__0vfprintf) refers to bsp_debug_uart.o(.text.fputc) for fputc
    printfa.o(i.__0vprintf) refers (Special) to iusefp.o(.text) for __I$use$fp
    printfa.o(i.__0vprintf) refers to printfa.o(i._printf_core) for _printf_core
    printfa.o(i.__0vprintf) refers to bsp_debug_uart.o(.text.fputc) for fputc
    printfa.o(i.__0vprintf) refers to stdout.o(.data) for __stdout
    printfa.o(i.__0vsnprintf) refers (Special) to iusefp.o(.text) for __I$use$fp
    printfa.o(i.__0vsnprintf) refers to printfa.o(i._printf_core) for _printf_core
    printfa.o(i.__0vsnprintf) refers to printfa.o(i._snputc) for _snputc
    printfa.o(i.__0vsprintf) refers (Special) to iusefp.o(.text) for __I$use$fp
    printfa.o(i.__0vsprintf) refers to printfa.o(i._printf_core) for _printf_core
    printfa.o(i.__0vsprintf) refers to printfa.o(i._sputc) for _sputc
    printfa.o(i._fp_digits) refers (Special) to iusefp.o(.text) for __I$use$fp
    printfa.o(i._fp_digits) refers to dmul.o(.text) for __aeabi_dmul
    printfa.o(i._fp_digits) refers to ddiv.o(.text) for __aeabi_ddiv
    printfa.o(i._fp_digits) refers to cdrcmple.o(.text) for __aeabi_cdrcmple
    printfa.o(i._fp_digits) refers to dadd.o(.text) for __aeabi_dadd
    printfa.o(i._fp_digits) refers to dfixul.o(.text) for __aeabi_d2ulz
    printfa.o(i._fp_digits) refers to uldiv.o(.text) for __aeabi_uldivmod
    printfa.o(i._printf_core) refers (Special) to iusefp.o(.text) for __I$use$fp
    printfa.o(i._printf_core) refers to printfa.o(i._printf_pre_padding) for _printf_pre_padding
    printfa.o(i._printf_core) refers to uldiv.o(.text) for __aeabi_uldivmod
    printfa.o(i._printf_core) refers to printfa.o(i._printf_post_padding) for _printf_post_padding
    printfa.o(i._printf_core) refers to printfa.o(i._fp_digits) for _fp_digits
    printfa.o(i._printf_core) refers to uidiv.o(.text) for __aeabi_uidivmod
    printfa.o(i._printf_post_padding) refers (Special) to iusefp.o(.text) for __I$use$fp
    printfa.o(i._printf_pre_padding) refers (Special) to iusefp.o(.text) for __I$use$fp
    printfa.o(i._snputc) refers (Special) to iusefp.o(.text) for __I$use$fp
    printfa.o(i._sputc) refers (Special) to iusefp.o(.text) for __I$use$fp
    f2d.o(.text) refers (Special) to iusefp.o(.text) for __I$use$fp
    d2f.o(.text) refers (Special) to iusefp.o(.text) for __I$use$fp
    d2f.o(.text) refers to fepilogue.o(.text) for _float_round
    atan.o(i.__hardfp_atan) refers (Special) to iusefp.o(.text) for __I$use$fp
    atan.o(i.__hardfp_atan) refers to dunder.o(i.__mathlib_dbl_infnan) for __mathlib_dbl_infnan
    atan.o(i.__hardfp_atan) refers to fpclassify.o(i.__ARM_fpclassify) for __ARM_fpclassify
    atan.o(i.__hardfp_atan) refers to dunder.o(i.__mathlib_dbl_underflow) for __mathlib_dbl_underflow
    atan.o(i.__hardfp_atan) refers to fabs.o(i.fabs) for fabs
    atan.o(i.__hardfp_atan) refers to dadd.o(.text) for __aeabi_dadd
    atan.o(i.__hardfp_atan) refers to dmul.o(.text) for __aeabi_dmul
    atan.o(i.__hardfp_atan) refers to ddiv.o(.text) for __aeabi_ddiv
    atan.o(i.__hardfp_atan) refers to poly.o(i.__kernel_poly) for __kernel_poly
    atan.o(i.__hardfp_atan) refers to atan.o(.constdata) for .constdata
    atan.o(i.__softfp_atan) refers (Special) to iusefp.o(.text) for __I$use$fp
    atan.o(i.__softfp_atan) refers to atan.o(i.__hardfp_atan) for __hardfp_atan
    atan.o(i.atan) refers (Special) to iusefp.o(.text) for __I$use$fp
    atan.o(i.atan) refers to atan.o(i.__hardfp_atan) for __hardfp_atan
    atan.o(.constdata) refers (Special) to iusefp.o(.text) for __I$use$fp
    dunder.o(i.__mathlib_dbl_divzero) refers to ddiv.o(.text) for __aeabi_ddiv
    dunder.o(i.__mathlib_dbl_infnan) refers to dadd.o(.text) for __aeabi_dadd
    dunder.o(i.__mathlib_dbl_infnan2) refers to dadd.o(.text) for __aeabi_dadd
    dunder.o(i.__mathlib_dbl_invalid) refers to ddiv.o(.text) for __aeabi_ddiv
    dunder.o(i.__mathlib_dbl_overflow) refers to dmul.o(.text) for __aeabi_dmul
    dunder.o(i.__mathlib_dbl_posinfnan) refers to dmul.o(.text) for __aeabi_dmul
    dunder.o(i.__mathlib_dbl_underflow) refers to dmul.o(.text) for __aeabi_dmul
    fabs.o(i.__hardfp_fabs) refers (Special) to iusefp.o(.text) for __I$use$fp
    fabs.o(i.__softfp_fabs) refers (Special) to iusefp.o(.text) for __I$use$fp
    fabs.o(i.fabs) refers (Special) to iusefp.o(.text) for __I$use$fp
    qnan.o(.constdata) refers (Special) to iusefp.o(.text) for __I$use$fp
    uldiv.o(.text) refers to llushr.o(.text) for __aeabi_llsr
    uldiv.o(.text) refers to llshl.o(.text) for __aeabi_llsl
    errno.o(i.__aeabi_errno_addr) refers to errno.o(.data) for .data
    errno.o(i.__read_errno) refers to errno.o(.data) for .data
    errno.o(i.__set_errno) refers to errno.o(.data) for .data
    fepilogue.o(.text) refers (Special) to iusefp.o(.text) for __I$use$fp
    dadd.o(.text) refers (Special) to iusefp.o(.text) for __I$use$fp
    dadd.o(.text) refers to llshl.o(.text) for __aeabi_llsl
    dadd.o(.text) refers to llsshr.o(.text) for __aeabi_lasr
    dadd.o(.text) refers to depilogue.o(.text) for _double_epilogue
    dmul.o(.text) refers (Special) to iusefp.o(.text) for __I$use$fp
    dmul.o(.text) refers to depilogue.o(.text) for _double_epilogue
    ddiv.o(.text) refers (Special) to iusefp.o(.text) for __I$use$fp
    ddiv.o(.text) refers to depilogue.o(.text) for _double_round
    dneg.o(.text) refers (Special) to iusefp.o(.text) for __I$use$fp
    dfixul.o(.text) refers (Special) to iusefp.o(.text) for __I$use$fp
    dfixul.o(.text) refers to llushr.o(.text) for __aeabi_llsr
    dfixul.o(.text) refers to llshl.o(.text) for __aeabi_llsl
    cdcmple.o(.text) refers (Special) to iusefp.o(.text) for __I$use$fp
    cdrcmple.o(.text) refers (Special) to iusefp.o(.text) for __I$use$fp
    fpclassify.o(i.__ARM_fpclassify) refers (Special) to iusefp.o(.text) for __I$use$fp
    poly.o(i.__kernel_poly) refers (Special) to iusefp.o(.text) for __I$use$fp
    poly.o(i.__kernel_poly) refers to dmul.o(.text) for __aeabi_dmul
    poly.o(i.__kernel_poly) refers to dadd.o(.text) for __aeabi_dadd
    depilogue.o(.text) refers (Special) to iusefp.o(.text) for __I$use$fp
    depilogue.o(.text) refers to llshl.o(.text) for __aeabi_llsl
    depilogue.o(.text) refers to llushr.o(.text) for __aeabi_llsr


==============================================================================

Removing Unused input sections from the image.

    Removing bsp_debug_uart.o(.text), (0 bytes).
    Removing bsp_debug_uart.o(.text._isatty), (24 bytes).
    Removing bsp_debug_uart.o(.ARM.exidx.text._isatty), (8 bytes).
    Removing bsp_debug_uart.o(.text._close), (26 bytes).
    Removing bsp_debug_uart.o(.ARM.exidx.text._close), (8 bytes).
    Removing bsp_debug_uart.o(.text._lseek), (18 bytes).
    Removing bsp_debug_uart.o(.ARM.exidx.text._lseek), (8 bytes).
    Removing bsp_debug_uart.o(.text._fstat), (32 bytes).
    Removing bsp_debug_uart.o(.ARM.exidx.text._fstat), (8 bytes).
    Removing bsp_debug_uart.o(.ARM.exidx.text.Debug_UART_Init), (8 bytes).
    Removing bsp_debug_uart.o(.ARM.exidx.text.debug_uart_callback), (8 bytes).
    Removing bsp_debug_uart.o(.ARM.exidx.text.fputc), (8 bytes).
    Removing bsp_debug_uart.o(.bss.errno), (4 bytes).
    Removing mpu6050.o(.text), (0 bytes).
    Removing mpu6050.o(.text.MPU_6050_callback), (16 bytes).
    Removing mpu6050.o(.ARM.exidx.text.MPU_6050_callback), (8 bytes).
    Removing mpu6050.o(.text.Init_I2C_Driver), (128 bytes).
    Removing mpu6050.o(.ARM.exidx.text.Init_I2C_Driver), (8 bytes).
    Removing mpu6050.o(.text.MPU6050_WriteReg), (244 bytes).
    Removing mpu6050.o(.ARM.exidx.text.MPU6050_WriteReg), (8 bytes).
    Removing mpu6050.o(.text.MPU6050_ReadRegs), (356 bytes).
    Removing mpu6050.o(.ARM.exidx.text.MPU6050_ReadRegs), (8 bytes).
    Removing mpu6050.o(.text.MPU6050_Init_Config), (140 bytes).
    Removing mpu6050.o(.ARM.exidx.text.MPU6050_Init_Config), (8 bytes).
    Removing mpu6050.o(.text.MPU6050_Calibrate), (560 bytes).
    Removing mpu6050.o(.ARM.exidx.text.MPU6050_Calibrate), (8 bytes).
    Removing mpu6050.o(.text.MPU6050_Read_SixAxis), (440 bytes).
    Removing mpu6050.o(.ARM.exidx.text.MPU6050_Read_SixAxis), (8 bytes).
    Removing mpu6050.o(.text.MPU6050_AHRS_Complementary), (636 bytes).
    Removing mpu6050.o(.ARM.exidx.text.MPU6050_AHRS_Complementary), (8 bytes).
    Removing mpu6050.o(.text.MPU6050_Init_Attitude), (516 bytes).
    Removing mpu6050.o(.ARM.exidx.text.MPU6050_Init_Attitude), (8 bytes).
    Removing mpu6050.o(.data.timeout_ms), (4 bytes).
    Removing mpu6050.o(.bss.Roll), (4 bytes).
    Removing mpu6050.o(.bss.Pitch), (4 bytes).
    Removing mpu6050.o(.bss.Yaw), (4 bytes).
    Removing mpu6050.o(.bss.last_time), (4 bytes).
    Removing mpu6050.o(.data.COMPLEMENTARY_COEFF), (4 bytes).
    Removing mpu6050.o(.bss.Accel_Offset), (12 bytes).
    Removing mpu6050.o(.bss.Gyro_Offset), (12 bytes).
    Removing mpu6050.o(.bss.MPU_6050_callback_event), (4 bytes).
    Removing mpu6050.o(.bss.tx_buf), (2 bytes).
    Removing mpu6050.o(.rodata.str1.1), (165 bytes).
    Removing mpu6050.o(.bss.MPU6050_AccelX), (2 bytes).
    Removing mpu6050.o(.bss.MPU6050_AccelY), (2 bytes).
    Removing mpu6050.o(.bss.MPU6050_AccelZ), (2 bytes).
    Removing mpu6050.o(.bss.MPU6050_Temp), (4 bytes).
    Removing mpu6050.o(.bss.MPU6050_GyroX), (2 bytes).
    Removing mpu6050.o(.bss.MPU6050_GyroY), (2 bytes).
    Removing mpu6050.o(.bss.MPU6050_GyroZ), (2 bytes).
    Removing mpu6050.o(.bss.AccelX_g), (4 bytes).
    Removing mpu6050.o(.bss.AccelY_g), (4 bytes).
    Removing mpu6050.o(.bss.AccelZ_g), (4 bytes).
    Removing mpu6050.o(.bss.GyroX_dps), (4 bytes).
    Removing mpu6050.o(.bss.GyroY_dps), (4 bytes).
    Removing mpu6050.o(.bss.GyroZ_dps), (4 bytes).
    Removing hal_entry.o(.text), (0 bytes).
    Removing hal_entry.o(.text.hal_entry), (2 bytes).
    Removing hal_entry.o(.ARM.exidx.text.hal_entry), (8 bytes).
    Removing hal_entry.o(.ARM.exidx.text.R_BSP_WarmStart), (8 bytes).
    Removing debug_uart_entry.o(.text), (0 bytes).
    Removing debug_uart_entry.o(.ARM.exidx.text.debug_uart_entry), (8 bytes).
    Removing event_groups.o(.text), (0 bytes).
    Removing event_groups.o(.text.xEventGroupCreateStatic), (124 bytes).
    Removing event_groups.o(.ARM.exidx.text.xEventGroupCreateStatic), (8 bytes).
    Removing event_groups.o(.text.xEventGroupCreate), (28 bytes).
    Removing event_groups.o(.ARM.exidx.text.xEventGroupCreate), (8 bytes).
    Removing event_groups.o(.text.xEventGroupSync), (232 bytes).
    Removing event_groups.o(.ARM.exidx.text.xEventGroupSync), (8 bytes).
    Removing event_groups.o(.text.xEventGroupSetBits), (204 bytes).
    Removing event_groups.o(.ARM.exidx.text.xEventGroupSetBits), (8 bytes).
    Removing event_groups.o(.text.xEventGroupWaitBits), (330 bytes).
    Removing event_groups.o(.ARM.exidx.text.xEventGroupWaitBits), (8 bytes).
    Removing event_groups.o(.text.xEventGroupClearBits), (116 bytes).
    Removing event_groups.o(.ARM.exidx.text.xEventGroupClearBits), (8 bytes).
    Removing event_groups.o(.text.xEventGroupGetBitsFromISR), (18 bytes).
    Removing event_groups.o(.ARM.exidx.text.xEventGroupGetBitsFromISR), (8 bytes).
    Removing event_groups.o(.text.vEventGroupDelete), (108 bytes).
    Removing event_groups.o(.ARM.exidx.text.vEventGroupDelete), (8 bytes).
    Removing event_groups.o(.text.xEventGroupGetStaticBuffer), (80 bytes).
    Removing event_groups.o(.ARM.exidx.text.xEventGroupGetStaticBuffer), (8 bytes).
    Removing event_groups.o(.text.vEventGroupSetBitsCallback), (4 bytes).
    Removing event_groups.o(.ARM.exidx.text.vEventGroupSetBitsCallback), (8 bytes).
    Removing event_groups.o(.text.vEventGroupClearBitsCallback), (4 bytes).
    Removing event_groups.o(.ARM.exidx.text.vEventGroupClearBitsCallback), (8 bytes).
    Removing event_groups.o(.rodata.str1.1), (334 bytes).
    Removing list.o(.text), (0 bytes).
    Removing list.o(.ARM.exidx.text.vListInitialise), (8 bytes).
    Removing list.o(.ARM.exidx.text.vListInitialiseItem), (8 bytes).
    Removing list.o(.text.vListInsertEnd), (26 bytes).
    Removing list.o(.ARM.exidx.text.vListInsertEnd), (8 bytes).
    Removing list.o(.ARM.exidx.text.vListInsert), (8 bytes).
    Removing list.o(.ARM.exidx.text.uxListRemove), (8 bytes).
    Removing heap_4.o(.text), (0 bytes).
    Removing heap_4.o(.ARM.exidx.text.pvPortMalloc), (8 bytes).
    Removing heap_4.o(.ARM.exidx.text.prvInsertBlockIntoFreeList), (8 bytes).
    Removing heap_4.o(.ARM.exidx.text.vPortFree), (8 bytes).
    Removing heap_4.o(.text.xPortGetFreeHeapSize), (12 bytes).
    Removing heap_4.o(.ARM.exidx.text.xPortGetFreeHeapSize), (8 bytes).
    Removing heap_4.o(.text.xPortGetMinimumEverFreeHeapSize), (12 bytes).
    Removing heap_4.o(.ARM.exidx.text.xPortGetMinimumEverFreeHeapSize), (8 bytes).
    Removing heap_4.o(.text.vPortInitialiseBlocks), (2 bytes).
    Removing heap_4.o(.ARM.exidx.text.vPortInitialiseBlocks), (8 bytes).
    Removing heap_4.o(.text.pvPortCalloc), (36 bytes).
    Removing heap_4.o(.ARM.exidx.text.pvPortCalloc), (8 bytes).
    Removing heap_4.o(.text.vPortGetHeapStats), (148 bytes).
    Removing heap_4.o(.ARM.exidx.text.vPortGetHeapStats), (8 bytes).
    Removing queue.o(.text), (0 bytes).
    Removing queue.o(.ARM.exidx.text.xQueueGenericReset), (8 bytes).
    Removing queue.o(.ARM.exidx.text.xQueueGenericCreateStatic), (8 bytes).
    Removing queue.o(.text.xQueueGenericGetStaticBuffers), (88 bytes).
    Removing queue.o(.ARM.exidx.text.xQueueGenericGetStaticBuffers), (8 bytes).
    Removing queue.o(.text.xQueueGenericCreate), (90 bytes).
    Removing queue.o(.ARM.exidx.text.xQueueGenericCreate), (8 bytes).
    Removing queue.o(.ARM.exidx.text.xQueueCreateCountingSemaphoreStatic), (8 bytes).
    Removing queue.o(.text.xQueueCreateCountingSemaphore), (48 bytes).
    Removing queue.o(.ARM.exidx.text.xQueueCreateCountingSemaphore), (8 bytes).
    Removing queue.o(.ARM.exidx.text.xQueueGenericSend), (8 bytes).
    Removing queue.o(.ARM.exidx.text.prvCopyDataToQueue), (8 bytes).
    Removing queue.o(.ARM.exidx.text.prvUnlockQueue), (8 bytes).
    Removing queue.o(.text.xQueueGenericSendFromISR), (254 bytes).
    Removing queue.o(.ARM.exidx.text.xQueueGenericSendFromISR), (8 bytes).
    Removing queue.o(.text.xQueueGiveFromISR), (228 bytes).
    Removing queue.o(.ARM.exidx.text.xQueueGiveFromISR), (8 bytes).
    Removing queue.o(.ARM.exidx.text.xQueueReceive), (8 bytes).
    Removing queue.o(.ARM.exidx.text.xQueueSemaphoreTake), (8 bytes).
    Removing queue.o(.text.xQueuePeek), (404 bytes).
    Removing queue.o(.ARM.exidx.text.xQueuePeek), (8 bytes).
    Removing queue.o(.text.xQueueReceiveFromISR), (260 bytes).
    Removing queue.o(.ARM.exidx.text.xQueueReceiveFromISR), (8 bytes).
    Removing queue.o(.text.xQueuePeekFromISR), (172 bytes).
    Removing queue.o(.ARM.exidx.text.xQueuePeekFromISR), (8 bytes).
    Removing queue.o(.text.uxQueueMessagesWaiting), (44 bytes).
    Removing queue.o(.ARM.exidx.text.uxQueueMessagesWaiting), (8 bytes).
    Removing queue.o(.text.uxQueueSpacesAvailable), (48 bytes).
    Removing queue.o(.ARM.exidx.text.uxQueueSpacesAvailable), (8 bytes).
    Removing queue.o(.text.uxQueueMessagesWaitingFromISR), (30 bytes).
    Removing queue.o(.ARM.exidx.text.uxQueueMessagesWaitingFromISR), (8 bytes).
    Removing queue.o(.text.vQueueDelete), (76 bytes).
    Removing queue.o(.ARM.exidx.text.vQueueDelete), (8 bytes).
    Removing queue.o(.text.vQueueUnregisterQueue), (68 bytes).
    Removing queue.o(.ARM.exidx.text.vQueueUnregisterQueue), (8 bytes).
    Removing queue.o(.text.uxQueueGetQueueItemSize), (4 bytes).
    Removing queue.o(.ARM.exidx.text.uxQueueGetQueueItemSize), (8 bytes).
    Removing queue.o(.text.uxQueueGetQueueLength), (4 bytes).
    Removing queue.o(.ARM.exidx.text.uxQueueGetQueueLength), (8 bytes).
    Removing queue.o(.text.xQueueIsQueueEmptyFromISR), (36 bytes).
    Removing queue.o(.ARM.exidx.text.xQueueIsQueueEmptyFromISR), (8 bytes).
    Removing queue.o(.text.xQueueIsQueueFullFromISR), (40 bytes).
    Removing queue.o(.ARM.exidx.text.xQueueIsQueueFullFromISR), (8 bytes).
    Removing queue.o(.ARM.exidx.text.vQueueAddToRegistry), (8 bytes).
    Removing queue.o(.text.pcQueueGetName), (64 bytes).
    Removing queue.o(.ARM.exidx.text.pcQueueGetName), (8 bytes).
    Removing queue.o(.ARM.exidx.text.vQueueWaitForMessageRestricted), (8 bytes).
    Removing stream_buffer.o(.text), (0 bytes).
    Removing stream_buffer.o(.text.xStreamBufferGenericCreate), (192 bytes).
    Removing stream_buffer.o(.ARM.exidx.text.xStreamBufferGenericCreate), (8 bytes).
    Removing stream_buffer.o(.text.xStreamBufferGenericCreateStatic), (284 bytes).
    Removing stream_buffer.o(.ARM.exidx.text.xStreamBufferGenericCreateStatic), (8 bytes).
    Removing stream_buffer.o(.text.xStreamBufferGetStaticBuffers), (140 bytes).
    Removing stream_buffer.o(.ARM.exidx.text.xStreamBufferGetStaticBuffers), (8 bytes).
    Removing stream_buffer.o(.text.vStreamBufferDelete), (50 bytes).
    Removing stream_buffer.o(.ARM.exidx.text.vStreamBufferDelete), (8 bytes).
    Removing stream_buffer.o(.text.xStreamBufferReset), (94 bytes).
    Removing stream_buffer.o(.ARM.exidx.text.xStreamBufferReset), (8 bytes).
    Removing stream_buffer.o(.text.xStreamBufferSetTriggerLevel), (46 bytes).
    Removing stream_buffer.o(.ARM.exidx.text.xStreamBufferSetTriggerLevel), (8 bytes).
    Removing stream_buffer.o(.text.xStreamBufferSpacesAvailable), (62 bytes).
    Removing stream_buffer.o(.ARM.exidx.text.xStreamBufferSpacesAvailable), (8 bytes).
    Removing stream_buffer.o(.text.xStreamBufferBytesAvailable), (44 bytes).
    Removing stream_buffer.o(.ARM.exidx.text.xStreamBufferBytesAvailable), (8 bytes).
    Removing stream_buffer.o(.text.xStreamBufferSend), (460 bytes).
    Removing stream_buffer.o(.ARM.exidx.text.xStreamBufferSend), (8 bytes).
    Removing stream_buffer.o(.text.prvWriteMessageToBuffer), (72 bytes).
    Removing stream_buffer.o(.ARM.exidx.text.prvWriteMessageToBuffer), (8 bytes).
    Removing stream_buffer.o(.text.xStreamBufferSendFromISR), (184 bytes).
    Removing stream_buffer.o(.ARM.exidx.text.xStreamBufferSendFromISR), (8 bytes).
    Removing stream_buffer.o(.text.xStreamBufferReceive), (312 bytes).
    Removing stream_buffer.o(.ARM.exidx.text.xStreamBufferReceive), (8 bytes).
    Removing stream_buffer.o(.text.prvReadMessageFromBuffer), (70 bytes).
    Removing stream_buffer.o(.ARM.exidx.text.prvReadMessageFromBuffer), (8 bytes).
    Removing stream_buffer.o(.text.xStreamBufferNextMessageLengthBytes), (124 bytes).
    Removing stream_buffer.o(.ARM.exidx.text.xStreamBufferNextMessageLengthBytes), (8 bytes).
    Removing stream_buffer.o(.text.prvReadBytesFromBuffer), (140 bytes).
    Removing stream_buffer.o(.ARM.exidx.text.prvReadBytesFromBuffer), (8 bytes).
    Removing stream_buffer.o(.text.xStreamBufferReceiveFromISR), (154 bytes).
    Removing stream_buffer.o(.ARM.exidx.text.xStreamBufferReceiveFromISR), (8 bytes).
    Removing stream_buffer.o(.text.xStreamBufferIsEmpty), (40 bytes).
    Removing stream_buffer.o(.ARM.exidx.text.xStreamBufferIsEmpty), (8 bytes).
    Removing stream_buffer.o(.text.xStreamBufferIsFull), (80 bytes).
    Removing stream_buffer.o(.ARM.exidx.text.xStreamBufferIsFull), (8 bytes).
    Removing stream_buffer.o(.text.xStreamBufferSendCompletedFromISR), (80 bytes).
    Removing stream_buffer.o(.ARM.exidx.text.xStreamBufferSendCompletedFromISR), (8 bytes).
    Removing stream_buffer.o(.text.xStreamBufferReceiveCompletedFromISR), (80 bytes).
    Removing stream_buffer.o(.ARM.exidx.text.xStreamBufferReceiveCompletedFromISR), (8 bytes).
    Removing stream_buffer.o(.text.prvWriteBytesToBuffer), (216 bytes).
    Removing stream_buffer.o(.ARM.exidx.text.prvWriteBytesToBuffer), (8 bytes).
    Removing stream_buffer.o(.rodata.str1.1), (177 bytes).
    Removing tasks.o(.text), (0 bytes).
    Removing tasks.o(.ARM.exidx.text.xTaskCreateStatic), (8 bytes).
    Removing tasks.o(.ARM.exidx.text.prvInitialiseNewTask), (8 bytes).
    Removing tasks.o(.ARM.exidx.text.prvAddNewTaskToReadyList), (8 bytes).
    Removing tasks.o(.ARM.exidx.text.xTaskCreate), (8 bytes).
    Removing tasks.o(.text.vTaskDelete), (236 bytes).
    Removing tasks.o(.ARM.exidx.text.vTaskDelete), (8 bytes).
    Removing tasks.o(.ARM.exidx.text.prvDeleteTCB), (8 bytes).
    Removing tasks.o(.text.xTaskDelayUntil), (220 bytes).
    Removing tasks.o(.ARM.exidx.text.xTaskDelayUntil), (8 bytes).
    Removing tasks.o(.ARM.exidx.text.vTaskSuspendAll), (8 bytes).
    Removing tasks.o(.ARM.exidx.text.prvAddCurrentTaskToDelayedList), (8 bytes).
    Removing tasks.o(.ARM.exidx.text.xTaskResumeAll), (8 bytes).
    Removing tasks.o(.ARM.exidx.text.vTaskDelay), (8 bytes).
    Removing tasks.o(.text.uxTaskPriorityGet), (30 bytes).
    Removing tasks.o(.ARM.exidx.text.uxTaskPriorityGet), (8 bytes).
    Removing tasks.o(.text.uxTaskPriorityGetFromISR), (38 bytes).
    Removing tasks.o(.ARM.exidx.text.uxTaskPriorityGetFromISR), (8 bytes).
    Removing tasks.o(.text.vTaskPrioritySet), (244 bytes).
    Removing tasks.o(.ARM.exidx.text.vTaskPrioritySet), (8 bytes).
    Removing tasks.o(.text.vTaskSuspend), (236 bytes).
    Removing tasks.o(.ARM.exidx.text.vTaskSuspend), (8 bytes).
    Removing tasks.o(.ARM.exidx.text.vTaskSwitchContext), (8 bytes).
    Removing tasks.o(.text.vTaskResume), (180 bytes).
    Removing tasks.o(.ARM.exidx.text.vTaskResume), (8 bytes).
    Removing tasks.o(.text.xTaskResumeFromISR), (208 bytes).
    Removing tasks.o(.ARM.exidx.text.xTaskResumeFromISR), (8 bytes).
    Removing tasks.o(.ARM.exidx.text.vTaskStartScheduler), (8 bytes).
    Removing tasks.o(.ARM.exidx.text.prvIdleTask), (8 bytes).
    Removing tasks.o(.text.vTaskEndScheduler), (22 bytes).
    Removing tasks.o(.ARM.exidx.text.vTaskEndScheduler), (8 bytes).
    Removing tasks.o(.ARM.exidx.text.xTaskIncrementTick), (8 bytes).
    Removing tasks.o(.ARM.exidx.text.xTaskGetTickCount), (8 bytes).
    Removing tasks.o(.text.xTaskGetTickCountFromISR), (18 bytes).
    Removing tasks.o(.ARM.exidx.text.xTaskGetTickCountFromISR), (8 bytes).
    Removing tasks.o(.text.uxTaskGetNumberOfTasks), (12 bytes).
    Removing tasks.o(.ARM.exidx.text.uxTaskGetNumberOfTasks), (8 bytes).
    Removing tasks.o(.text.pcTaskGetName), (44 bytes).
    Removing tasks.o(.ARM.exidx.text.pcTaskGetName), (8 bytes).
    Removing tasks.o(.text.xTaskGetStaticBuffers), (132 bytes).
    Removing tasks.o(.ARM.exidx.text.xTaskGetStaticBuffers), (8 bytes).
    Removing tasks.o(.text.xTaskCatchUpTicks), (76 bytes).
    Removing tasks.o(.ARM.exidx.text.xTaskCatchUpTicks), (8 bytes).
    Removing tasks.o(.ARM.exidx.text.vTaskPlaceOnEventList), (8 bytes).
    Removing tasks.o(.text.vTaskPlaceOnUnorderedEventList), (142 bytes).
    Removing tasks.o(.ARM.exidx.text.vTaskPlaceOnUnorderedEventList), (8 bytes).
    Removing tasks.o(.ARM.exidx.text.vTaskPlaceOnEventListRestricted), (8 bytes).
    Removing tasks.o(.ARM.exidx.text.xTaskRemoveFromEventList), (8 bytes).
    Removing tasks.o(.text.vTaskRemoveFromUnorderedEventList), (234 bytes).
    Removing tasks.o(.ARM.exidx.text.vTaskRemoveFromUnorderedEventList), (8 bytes).
    Removing tasks.o(.text.vTaskSetTimeOutState), (66 bytes).
    Removing tasks.o(.ARM.exidx.text.vTaskSetTimeOutState), (8 bytes).
    Removing tasks.o(.ARM.exidx.text.vTaskInternalSetTimeOutState), (8 bytes).
    Removing tasks.o(.ARM.exidx.text.xTaskCheckForTimeOut), (8 bytes).
    Removing tasks.o(.ARM.exidx.text.vTaskMissedYield), (8 bytes).
    Removing tasks.o(.text.vTaskSetThreadLocalStoragePointer), (60 bytes).
    Removing tasks.o(.ARM.exidx.text.vTaskSetThreadLocalStoragePointer), (8 bytes).
    Removing tasks.o(.text.pvTaskGetThreadLocalStoragePointer), (28 bytes).
    Removing tasks.o(.ARM.exidx.text.pvTaskGetThreadLocalStoragePointer), (8 bytes).
    Removing tasks.o(.text.xTaskGetCurrentTaskHandle), (12 bytes).
    Removing tasks.o(.ARM.exidx.text.xTaskGetCurrentTaskHandle), (8 bytes).
    Removing tasks.o(.ARM.exidx.text.xTaskGetSchedulerState), (8 bytes).
    Removing tasks.o(.text.uxTaskResetEventItemValue), (26 bytes).
    Removing tasks.o(.ARM.exidx.text.uxTaskResetEventItemValue), (8 bytes).
    Removing tasks.o(.text.ulTaskGenericNotifyTake), (130 bytes).
    Removing tasks.o(.ARM.exidx.text.ulTaskGenericNotifyTake), (8 bytes).
    Removing tasks.o(.text.xTaskGenericNotifyWait), (168 bytes).
    Removing tasks.o(.ARM.exidx.text.xTaskGenericNotifyWait), (8 bytes).
    Removing tasks.o(.text.xTaskGenericNotify), (334 bytes).
    Removing tasks.o(.ARM.exidx.text.xTaskGenericNotify), (8 bytes).
    Removing tasks.o(.text.xTaskGenericNotifyFromISR), (396 bytes).
    Removing tasks.o(.ARM.exidx.text.xTaskGenericNotifyFromISR), (8 bytes).
    Removing tasks.o(.text.vTaskGenericNotifyGiveFromISR), (312 bytes).
    Removing tasks.o(.ARM.exidx.text.vTaskGenericNotifyGiveFromISR), (8 bytes).
    Removing tasks.o(.text.xTaskGenericNotifyStateClear), (70 bytes).
    Removing tasks.o(.ARM.exidx.text.xTaskGenericNotifyStateClear), (8 bytes).
    Removing tasks.o(.text.ulTaskGenericNotifyValueClear), (64 bytes).
    Removing tasks.o(.ARM.exidx.text.ulTaskGenericNotifyValueClear), (8 bytes).
    Removing timers.o(.text), (0 bytes).
    Removing timers.o(.ARM.exidx.text.xTimerCreateTimerTask), (8 bytes).
    Removing timers.o(.ARM.exidx.text.prvCheckForValidListAndQueue), (8 bytes).
    Removing timers.o(.ARM.exidx.text.prvTimerTask), (8 bytes).
    Removing timers.o(.text.xTimerCreate), (58 bytes).
    Removing timers.o(.ARM.exidx.text.xTimerCreate), (8 bytes).
    Removing timers.o(.text.prvInitialiseNewTimer), (112 bytes).
    Removing timers.o(.ARM.exidx.text.prvInitialiseNewTimer), (8 bytes).
    Removing timers.o(.text.xTimerCreateStatic), (124 bytes).
    Removing timers.o(.ARM.exidx.text.xTimerCreateStatic), (8 bytes).
    Removing timers.o(.text.xTimerGenericCommand), (106 bytes).
    Removing timers.o(.ARM.exidx.text.xTimerGenericCommand), (8 bytes).
    Removing timers.o(.text.xTimerGetTimerDaemonTaskHandle), (60 bytes).
    Removing timers.o(.ARM.exidx.text.xTimerGetTimerDaemonTaskHandle), (8 bytes).
    Removing timers.o(.text.xTimerGetPeriod), (30 bytes).
    Removing timers.o(.ARM.exidx.text.xTimerGetPeriod), (8 bytes).
    Removing timers.o(.text.vTimerSetReloadMode), (66 bytes).
    Removing timers.o(.ARM.exidx.text.vTimerSetReloadMode), (8 bytes).
    Removing timers.o(.text.xTimerGetReloadMode), (50 bytes).
    Removing timers.o(.ARM.exidx.text.xTimerGetReloadMode), (8 bytes).
    Removing timers.o(.text.uxTimerGetReloadMode), (4 bytes).
    Removing timers.o(.ARM.exidx.text.uxTimerGetReloadMode), (8 bytes).
    Removing timers.o(.text.xTimerGetExpiryTime), (30 bytes).
    Removing timers.o(.ARM.exidx.text.xTimerGetExpiryTime), (8 bytes).
    Removing timers.o(.text.xTimerGetStaticBuffer), (56 bytes).
    Removing timers.o(.ARM.exidx.text.xTimerGetStaticBuffer), (8 bytes).
    Removing timers.o(.text.pcTimerGetName), (30 bytes).
    Removing timers.o(.ARM.exidx.text.pcTimerGetName), (8 bytes).
    Removing timers.o(.text.xTimerIsTimerActive), (50 bytes).
    Removing timers.o(.ARM.exidx.text.xTimerIsTimerActive), (8 bytes).
    Removing timers.o(.text.pvTimerGetTimerID), (44 bytes).
    Removing timers.o(.ARM.exidx.text.pvTimerGetTimerID), (8 bytes).
    Removing timers.o(.text.vTimerSetTimerID), (46 bytes).
    Removing timers.o(.ARM.exidx.text.vTimerSetTimerID), (8 bytes).
    Removing timers.o(.ARM.exidx.text.prvSampleTimeNow), (8 bytes).
    Removing timers.o(.ARM.exidx.text.prvProcessExpiredTimer), (8 bytes).
    Removing timers.o(.ARM.exidx.text.prvReloadTimer), (8 bytes).
    Removing timers.o(.ARM.exidx.text.prvInsertTimerInActiveList), (8 bytes).
    Removing startup.o(.text), (0 bytes).
    Removing startup.o(.ARM.exidx.text.Reset_Handler), (8 bytes).
    Removing startup.o(.ARM.exidx.text.Default_Handler), (8 bytes).
    Removing system.o(.text), (0 bytes).
    Removing system.o(.ARM.exidx.text.SystemInit), (8 bytes).
    Removing system.o(.text.R_BSP_WarmStart), (2 bytes).
    Removing system.o(.ARM.exidx.text.R_BSP_WarmStart), (8 bytes).
    Removing bsp_clocks.o(.text), (0 bytes).
    Removing bsp_clocks.o(.text.bsp_prv_operating_mode_set), (68 bytes).
    Removing bsp_clocks.o(.ARM.exidx.text.bsp_prv_operating_mode_set), (8 bytes).
    Removing bsp_clocks.o(.text.bsp_prv_prepare_pll), (24 bytes).
    Removing bsp_clocks.o(.ARM.exidx.text.bsp_prv_prepare_pll), (8 bytes).
    Removing bsp_clocks.o(.ARM.exidx.text.SystemCoreClockUpdate), (8 bytes).
    Removing bsp_clocks.o(.text.prv_clock_dividers_set), (12 bytes).
    Removing bsp_clocks.o(.ARM.exidx.text.prv_clock_dividers_set), (8 bytes).
    Removing bsp_clocks.o(.text.bsp_prv_clock_set), (204 bytes).
    Removing bsp_clocks.o(.ARM.exidx.text.bsp_prv_clock_set), (8 bytes).
    Removing bsp_clocks.o(.ARM.exidx.text.bsp_clock_init), (8 bytes).
    Removing bsp_clocks.o(.text.R_BSP_SubClockStabilizeWait), (8 bytes).
    Removing bsp_clocks.o(.ARM.exidx.text.R_BSP_SubClockStabilizeWait), (8 bytes).
    Removing bsp_clocks.o(.ARM.exidx.text.R_BSP_SubClockStabilizeWaitAfterReset), (8 bytes).
    Removing bsp_clocks.o(.text.R_BSP_OctaclkUpdate), (78 bytes).
    Removing bsp_clocks.o(.ARM.exidx.text.R_BSP_OctaclkUpdate), (8 bytes).
    Removing bsp_clocks.o(.text.R_BSP_SourceClockHzGet), (14 bytes).
    Removing bsp_clocks.o(.ARM.exidx.text.R_BSP_SourceClockHzGet), (8 bytes).
    Removing bsp_clocks.o(.ARM.exidx.text.R_BSP_Init_RTC), (8 bytes).
    Removing bsp_common.o(.text), (0 bytes).
    Removing bsp_common.o(.ARM.exidx.text.bsp_init_internal), (8 bytes).
    Removing bsp_common.o(.text.R_FSP_VersionGet), (14 bytes).
    Removing bsp_common.o(.ARM.exidx.text.R_FSP_VersionGet), (8 bytes).
    Removing bsp_common.o(.ARM.exidx.text.__aeabi_assert), (8 bytes).
    Removing bsp_delay.o(.text), (0 bytes).
    Removing bsp_delay.o(.ARM.exidx.text.R_BSP_SoftwareDelay), (8 bytes).
    Removing bsp_delay.o(.ARM.exidx.text.bsp_prv_software_delay_loop), (8 bytes).
    Removing bsp_group_irq.o(.text), (0 bytes).
    Removing bsp_group_irq.o(.text.R_BSP_GroupIrqWrite), (18 bytes).
    Removing bsp_group_irq.o(.ARM.exidx.text.R_BSP_GroupIrqWrite), (8 bytes).
    Removing bsp_group_irq.o(.ARM.exidx.text.NMI_Handler), (8 bytes).
    Removing bsp_guard.o(.text), (0 bytes).
    Removing bsp_io.o(.text), (0 bytes).
    Removing bsp_irq.o(.text), (0 bytes).
    Removing bsp_irq.o(.ARM.exidx.text.bsp_irq_cfg), (8 bytes).
    Removing bsp_irq.o(.rodata.g_interrupt_event_link_select), (384 bytes).
    Removing bsp_macl.o(.text), (0 bytes).
    Removing bsp_register_protection.o(.text), (0 bytes).
    Removing bsp_register_protection.o(.ARM.exidx.text.R_BSP_RegisterProtectEnable), (8 bytes).
    Removing bsp_register_protection.o(.ARM.exidx.text.R_BSP_RegisterProtectDisable), (8 bytes).
    Removing bsp_rom_registers.o(.text), (0 bytes).
    Removing bsp_sbrk.o(.text), (0 bytes).
    Removing bsp_sdram.o(.text), (0 bytes).
    Removing bsp_security.o(.text), (0 bytes).
    Removing r_ioport.o(.text), (0 bytes).
    Removing r_ioport.o(.ARM.exidx.text.R_IOPORT_Open), (8 bytes).
    Removing r_ioport.o(.text.R_IOPORT_Close), (10 bytes).
    Removing r_ioport.o(.ARM.exidx.text.R_IOPORT_Close), (8 bytes).
    Removing r_ioport.o(.text.R_IOPORT_PinsCfg), (12 bytes).
    Removing r_ioport.o(.ARM.exidx.text.R_IOPORT_PinsCfg), (8 bytes).
    Removing r_ioport.o(.text.R_IOPORT_PinCfg), (178 bytes).
    Removing r_ioport.o(.ARM.exidx.text.R_IOPORT_PinCfg), (8 bytes).
    Removing r_ioport.o(.text.R_IOPORT_PinEventInputRead), (40 bytes).
    Removing r_ioport.o(.ARM.exidx.text.R_IOPORT_PinEventInputRead), (8 bytes).
    Removing r_ioport.o(.text.R_IOPORT_PinEventOutputWrite), (82 bytes).
    Removing r_ioport.o(.ARM.exidx.text.R_IOPORT_PinEventOutputWrite), (8 bytes).
    Removing r_ioport.o(.text.R_IOPORT_PinRead), (34 bytes).
    Removing r_ioport.o(.ARM.exidx.text.R_IOPORT_PinRead), (8 bytes).
    Removing r_ioport.o(.text.R_IOPORT_PinWrite), (40 bytes).
    Removing r_ioport.o(.ARM.exidx.text.R_IOPORT_PinWrite), (8 bytes).
    Removing r_ioport.o(.text.R_IOPORT_PortDirectionSet), (44 bytes).
    Removing r_ioport.o(.ARM.exidx.text.R_IOPORT_PortDirectionSet), (8 bytes).
    Removing r_ioport.o(.text.R_IOPORT_PortEventInputRead), (24 bytes).
    Removing r_ioport.o(.ARM.exidx.text.R_IOPORT_PortEventInputRead), (8 bytes).
    Removing r_ioport.o(.text.R_IOPORT_PortEventOutputWrite), (32 bytes).
    Removing r_ioport.o(.ARM.exidx.text.R_IOPORT_PortEventOutputWrite), (8 bytes).
    Removing r_ioport.o(.text.R_IOPORT_PortRead), (22 bytes).
    Removing r_ioport.o(.ARM.exidx.text.R_IOPORT_PortRead), (8 bytes).
    Removing r_ioport.o(.text.R_IOPORT_PortWrite), (32 bytes).
    Removing r_ioport.o(.ARM.exidx.text.R_IOPORT_PortWrite), (8 bytes).
    Removing r_ioport.o(.ARM.exidx.text.r_ioport_pins_config), (8 bytes).
    Removing r_ioport.o(.ARM.exidx.text.bsp_vbatt_init), (8 bytes).
    Removing r_ioport.o(.rodata.g_ioport_on_ioport), (52 bytes).
    Removing r_sci_uart.o(.text), (0 bytes).
    Removing r_sci_uart.o(.ARM.exidx.text.R_SCI_UART_Open), (8 bytes).
    Removing r_sci_uart.o(.text.R_SCI_UART_Read), (10 bytes).
    Removing r_sci_uart.o(.ARM.exidx.text.R_SCI_UART_Read), (8 bytes).
    Removing r_sci_uart.o(.ARM.exidx.text.R_SCI_UART_Write), (8 bytes).
    Removing r_sci_uart.o(.text.R_SCI_UART_BaudSet), (104 bytes).
    Removing r_sci_uart.o(.ARM.exidx.text.R_SCI_UART_BaudSet), (8 bytes).
    Removing r_sci_uart.o(.text.R_SCI_UART_InfoGet), (12 bytes).
    Removing r_sci_uart.o(.ARM.exidx.text.R_SCI_UART_InfoGet), (8 bytes).
    Removing r_sci_uart.o(.text.R_SCI_UART_Abort), (34 bytes).
    Removing r_sci_uart.o(.ARM.exidx.text.R_SCI_UART_Abort), (8 bytes).
    Removing r_sci_uart.o(.text.R_SCI_UART_CallbackSet), (14 bytes).
    Removing r_sci_uart.o(.ARM.exidx.text.R_SCI_UART_CallbackSet), (8 bytes).
    Removing r_sci_uart.o(.text.R_SCI_UART_Close), (166 bytes).
    Removing r_sci_uart.o(.ARM.exidx.text.R_SCI_UART_Close), (8 bytes).
    Removing r_sci_uart.o(.text.R_SCI_UART_ReadStop), (14 bytes).
    Removing r_sci_uart.o(.ARM.exidx.text.R_SCI_UART_ReadStop), (8 bytes).
    Removing r_sci_uart.o(.text.R_SCI_UART_BaudCalculate), (392 bytes).
    Removing r_sci_uart.o(.ARM.exidx.text.R_SCI_UART_BaudCalculate), (8 bytes).
    Removing r_sci_uart.o(.ARM.exidx.text.sci_uart_txi_isr), (8 bytes).
    Removing r_sci_uart.o(.ARM.exidx.text.r_sci_uart_call_callback), (8 bytes).
    Removing r_sci_uart.o(.ARM.exidx.text.sci_uart_rxi_isr), (8 bytes).
    Removing r_sci_uart.o(.ARM.exidx.text.sci_uart_tei_isr), (8 bytes).
    Removing r_sci_uart.o(.ARM.exidx.text.sci_uart_eri_isr), (8 bytes).
    Removing r_sci_uart.o(.rodata.g_uart_on_sci), (36 bytes).
    Removing r_sci_uart.o(.rodata.g_async_baud), (13 bytes).
    Removing r_sci_uart.o(.rodata.g_div_coefficient), (26 bytes).
    Removing port.o(.text), (0 bytes).
    Removing port.o(.ARM.exidx.text.SVC_Handler), (8 bytes).
    Removing port.o(.ARM.exidx.text.PendSV_Handler), (8 bytes).
    Removing port.o(.ARM.exidx.text.rm_freertos_port_restore_task_stackless), (8 bytes).
    Removing port.o(.ARM.exidx.text.SysTick_Handler), (8 bytes).
    Removing port.o(.ARM.exidx.text.vPortSVCHandler_C), (8 bytes).
    Removing port.o(.ARM.exidx.text.pxPortInitialiseStack), (8 bytes).
    Removing port.o(.ARM.exidx.text.prvTaskExitError), (8 bytes).
    Removing port.o(.ARM.exidx.text.xPortStartScheduler), (8 bytes).
    Removing port.o(.ARM.exidx.text.vPortSetupTimerInterrupt), (8 bytes).
    Removing port.o(.text.vPortEndScheduler), (4 bytes).
    Removing port.o(.ARM.exidx.text.vPortEndScheduler), (8 bytes).
    Removing port.o(.ARM.exidx.text.vPortEnterCritical), (8 bytes).
    Removing port.o(.ARM.exidx.text.vPortExitCritical), (8 bytes).
    Removing port.o(.ARM.exidx.text.rm_freertos_port_sleep_preserving_lpm), (8 bytes).
    Removing port.o(.ARM.exidx.text.vApplicationIdleHook), (8 bytes).
    Removing port.o(.text.vPortValidateInterruptPriority), (180 bytes).
    Removing port.o(.ARM.exidx.text.vPortValidateInterruptPriority), (8 bytes).
    Removing common_data.o(.text), (0 bytes).
    Removing common_data.o(.ARM.exidx.text.g_common_init), (8 bytes).
    Removing common_data.o(.rodata.g_ioport), (12 bytes).
    Removing debug_uart.o(.text), (0 bytes).
    Removing debug_uart.o(.ARM.exidx.text.debug_uart_create), (8 bytes).
    Removing debug_uart.o(.ARM.exidx.text.debug_uart_func), (8 bytes).
    Removing hal_data.o(.text), (0 bytes).
    Removing hal_data.o(.ARM.exidx.text.g_hal_init), (8 bytes).
    Removing hal_data.o(.rodata.MPU_6050_cfg_extend), (6 bytes).
    Removing hal_data.o(.rodata.MPU_6050_cfg), (56 bytes).
    Removing hal_data.o(.bss.MPU_6050_ctrl), (72 bytes).
    Removing hal_data.o(.rodata.MPU_6050), (12 bytes).
    Removing hal_data.o(.rodata.Debug_UART), (12 bytes).
    Removing main.o(.text), (0 bytes).
    Removing main.o(.ARM.exidx.text.rtos_startup_err_callback_internal), (8 bytes).
    Removing main.o(.ARM.exidx.text.rtos_startup_common_init), (8 bytes).
    Removing main.o(.ARM.exidx.text.main), (8 bytes).
    Removing main.o(.ARM.exidx.text.vApplicationGetIdleTaskMemory), (8 bytes).
    Removing main.o(.ARM.exidx.text.vApplicationGetTimerTaskMemory), (8 bytes).
    Removing main.o(.ARM.use_no_argv), (4 bytes).
    Removing pin_data.o(.text), (0 bytes).
    Removing vector_data.o(.text), (0 bytes).
    Removing f2d.o(.text), (38 bytes).
    Removing d2f.o(.text), (56 bytes).
    Removing fepilogue.o(.text), (110 bytes).
    Removing dneg.o(.text), (6 bytes).
    Removing cdcmple.o(.text), (48 bytes).

466 unused section(s) (total 19683 bytes) removed from the image.
