Component: Arm Compiler for Embedded 6.23 Tool: armlink [5f102400]

==============================================================================

Section Cross References

    bsp_debug_uart.o(.text._isatty) refers to bsp_debug_uart.o(.bss.errno) for errno
    bsp_debug_uart.o(.ARM.exidx.text._isatty) refers to bsp_debug_uart.o(.text._isatty) for [Anonymous Symbol]
    bsp_debug_uart.o(.text._close) refers to bsp_debug_uart.o(.bss.errno) for errno
    bsp_debug_uart.o(.ARM.exidx.text._close) refers to bsp_debug_uart.o(.text._close) for [Anonymous Symbol]
    bsp_debug_uart.o(.text._lseek) refers to bsp_debug_uart.o(.bss.errno) for errno
    bsp_debug_uart.o(.ARM.exidx.text._lseek) refers to bsp_debug_uart.o(.text._lseek) for [Anonymous Symbol]
    bsp_debug_uart.o(.text._fstat) refers to bsp_debug_uart.o(.bss.errno) for errno
    bsp_debug_uart.o(.ARM.exidx.text._fstat) refers to bsp_debug_uart.o(.text._fstat) for [Anonymous Symbol]
    bsp_debug_uart.o(.text.Debug_UART_Init) refers to hal_data.o(.bss.Debug_UART_ctrl) for Debug_UART_ctrl
    bsp_debug_uart.o(.text.Debug_UART_Init) refers to hal_data.o(.rodata.Debug_UART_cfg) for Debug_UART_cfg
    bsp_debug_uart.o(.text.Debug_UART_Init) refers to r_sci_uart.o(.text.R_SCI_UART_Open) for R_SCI_UART_Open
    bsp_debug_uart.o(.text.Debug_UART_Init) refers to bsp_common.o(.text.__aeabi_assert) for __aeabi_assert
    bsp_debug_uart.o(.ARM.exidx.text.Debug_UART_Init) refers to bsp_debug_uart.o(.text.Debug_UART_Init) for [Anonymous Symbol]
    bsp_debug_uart.o(.text.debug_uart_callback) refers to hal_data.o(.bss.Debug_UART_ctrl) for Debug_UART_ctrl
    bsp_debug_uart.o(.text.debug_uart_callback) refers to r_sci_uart.o(.text.R_SCI_UART_Write) for R_SCI_UART_Write
    bsp_debug_uart.o(.text.debug_uart_callback) refers to bsp_debug_uart.o(.bss.uart_receive_complete_flag) for uart_receive_complete_flag
    bsp_debug_uart.o(.text.debug_uart_callback) refers to bsp_debug_uart.o(.bss.uart_send_complete_flag) for uart_send_complete_flag
    bsp_debug_uart.o(.ARM.exidx.text.debug_uart_callback) refers to bsp_debug_uart.o(.text.debug_uart_callback) for [Anonymous Symbol]
    bsp_debug_uart.o(.text.fputc) refers to hal_data.o(.bss.Debug_UART_ctrl) for Debug_UART_ctrl
    bsp_debug_uart.o(.text.fputc) refers to r_sci_uart.o(.text.R_SCI_UART_Write) for R_SCI_UART_Write
    bsp_debug_uart.o(.text.fputc) refers to bsp_debug_uart.o(.bss.uart_send_complete_flag) for uart_send_complete_flag
    bsp_debug_uart.o(.ARM.exidx.text.fputc) refers to bsp_debug_uart.o(.text.fputc) for [Anonymous Symbol]
    hal_entry.o(.ARM.exidx.text.hal_entry) refers to hal_entry.o(.text.hal_entry) for [Anonymous Symbol]
    hal_entry.o(.text.R_BSP_WarmStart) refers to common_data.o(.bss.g_ioport_ctrl) for g_ioport_ctrl
    hal_entry.o(.text.R_BSP_WarmStart) refers to pin_data.o(.rodata.g_bsp_pin_cfg) for g_bsp_pin_cfg
    hal_entry.o(.text.R_BSP_WarmStart) refers to r_ioport.o(.text.R_IOPORT_Open) for R_IOPORT_Open
    hal_entry.o(.ARM.exidx.text.R_BSP_WarmStart) refers to hal_entry.o(.text.R_BSP_WarmStart) for [Anonymous Symbol]
    debug_uart_entry.o(.text.debug_uart_entry) refers to bsp_debug_uart.o(.text.Debug_UART_Init) for Debug_UART_Init
    debug_uart_entry.o(.text.debug_uart_entry) refers to printfb.o(i.__0printf$bare) for __2printf
    debug_uart_entry.o(.text.debug_uart_entry) refers to tasks.o(.text.vTaskDelay) for vTaskDelay
    debug_uart_entry.o(.ARM.exidx.text.debug_uart_entry) refers to debug_uart_entry.o(.text.debug_uart_entry) for [Anonymous Symbol]
    event_groups.o(.text.xEventGroupCreateStatic) refers to list.o(.text.vListInitialise) for vListInitialise
    event_groups.o(.text.xEventGroupCreateStatic) refers to event_groups.o(.rodata.str1.1) for .L.str.1
    event_groups.o(.text.xEventGroupCreateStatic) refers to bsp_common.o(.text.__aeabi_assert) for __aeabi_assert
    event_groups.o(.ARM.exidx.text.xEventGroupCreateStatic) refers to event_groups.o(.text.xEventGroupCreateStatic) for [Anonymous Symbol]
    event_groups.o(.text.xEventGroupCreate) refers to heap_4.o(.text.pvPortMalloc) for pvPortMalloc
    event_groups.o(.text.xEventGroupCreate) refers to list.o(.text.vListInitialise) for vListInitialise
    event_groups.o(.ARM.exidx.text.xEventGroupCreate) refers to event_groups.o(.text.xEventGroupCreate) for [Anonymous Symbol]
    event_groups.o(.text.xEventGroupSync) refers to tasks.o(.text.xTaskGetSchedulerState) for xTaskGetSchedulerState
    event_groups.o(.text.xEventGroupSync) refers to tasks.o(.text.vTaskSuspendAll) for vTaskSuspendAll
    event_groups.o(.text.xEventGroupSync) refers to event_groups.o(.text.xEventGroupSetBits) for xEventGroupSetBits
    event_groups.o(.text.xEventGroupSync) refers to tasks.o(.text.vTaskPlaceOnUnorderedEventList) for vTaskPlaceOnUnorderedEventList
    event_groups.o(.text.xEventGroupSync) refers to tasks.o(.text.xTaskResumeAll) for xTaskResumeAll
[...]
    _skip_restore_ns_context                 0x000017a2   Number         0  port.o(.text.rm_freertos_port_restore_task_stackless)
    [Anonymous Symbol]                       0x000017ac   Section        0  port.o(.text.rm_freertos_port_sleep_preserving_lpm)
    [Anonymous Symbol]                       0x0000181c   Section        0  main.o(.text.rtos_startup_common_init)
    [Anonymous Symbol]                       0x0000187e   Section        0  main.o(.text.rtos_startup_err_callback_internal)
    [Anonymous Symbol]                       0x00001882   Section        0  r_sci_uart.o(.text.sci_uart_eri_isr)
    [Anonymous Symbol]                       0x000018ec   Section        0  r_sci_uart.o(.text.sci_uart_rxi_isr)
    [Anonymous Symbol]                       0x00001974   Section        0  r_sci_uart.o(.text.sci_uart_tei_isr)
    [Anonymous Symbol]                       0x000019be   Section        0  r_sci_uart.o(.text.sci_uart_txi_isr)
    [Anonymous Symbol]                       0x00001a46   Section        0  list.o(.text.uxListRemove)
    [Anonymous Symbol]                       0x00001a68   Section        0  main.o(.text.vApplicationGetIdleTaskMemory)
    [Anonymous Symbol]                       0x00001a82   Section        0  main.o(.text.vApplicationGetTimerTaskMemory)
    [Anonymous Symbol]                       0x00001a9c   Section        0  port.o(.text.vApplicationIdleHook)
    [Anonymous Symbol]                       0x00001ab4   Section        0  list.o(.text.vListInitialise)
    [Anonymous Symbol]                       0x00001aca   Section        0  list.o(.text.vListInitialiseItem)
    [Anonymous Symbol]                       0x00001ad0   Section        0  list.o(.text.vListInsert)
    [Anonymous Symbol]                       0x00001b0a   Section        0  port.o(.text.vPortEnterCritical)
    [Anonymous Symbol]                       0x00001b58   Section        0  port.o(.text.vPortExitCritical)
    [Anonymous Symbol]                       0x00001ba4   Section        0  heap_4.o(.text.vPortFree)
    __tagsym$$used.0                         0x00001c40   Number         0  port.o(.text.vPortSVCHandler_C)
    [Anonymous Symbol]                       0x00001c40   Section        0  port.o(.text.vPortSVCHandler_C)
    [Anonymous Symbol]                       0x00001c7c   Section        0  port.o(.text.vPortSetupTimerInterrupt)
    [Anonymous Symbol]                       0x00001cc4   Section        0  queue.o(.text.vQueueAddToRegistry)
    [Anonymous Symbol]                       0x00001d22   Section        0  queue.o(.text.vQueueWaitForMessageRestricted)
    [Anonymous Symbol]                       0x00001d68   Section        0  tasks.o(.text.vTaskDelay)
    [Anonymous Symbol]                       0x00001dbc   Section        0  tasks.o(.text.vTaskInternalSetTimeOutState)
    [Anonymous Symbol]                       0x00001dd6   Section        0  tasks.o(.text.vTaskMissedYield)
    [Anonymous Symbol]                       0x00001de4   Section        0  tasks.o(.text.vTaskPlaceOnEventList)
    [Anonymous Symbol]                       0x00001e1e   Section        0  tasks.o(.text.vTaskPlaceOnEventListRestricted)
    [Anonymous Symbol]                       0x00001e90   Section        0  tasks.o(.text.vTaskStartScheduler)
    [Anonymous Symbol]                       0x00001f44   Section        0  tasks.o(.text.vTaskSuspendAll)
    [Anonymous Symbol]                       0x00001f54   Section        0  tasks.o(.text.vTaskSwitchContext)
    [Anonymous Symbol]                       0x00001ff0   Section        0  port.o(.text.xPortStartScheduler)
    [Anonymous Symbol]                       0x0000202c   Section        0  queue.o(.text.xQueueCreateCountingSemaphoreStatic)
    [Anonymous Symbol]                       0x0000206c   Section        0  queue.o(.text.xQueueGenericCreateStatic)
    [Anonymous Symbol]                       0x00002114   Section        0  queue.o(.text.xQueueGenericReset)
    [Anonymous Symbol]                       0x000021e0   Section        0  queue.o(.text.xQueueGenericSend)
    [Anonymous Symbol]                       0x00002388   Section        0  queue.o(.text.xQueueReceive)
    [Anonymous Symbol]                       0x00002524   Section        0  queue.o(.text.xQueueSemaphoreTake)
    [Anonymous Symbol]                       0x00002698   Section        0  tasks.o(.text.xTaskCheckForTimeOut)
    [Anonymous Symbol]                       0x00002734   Section        0  tasks.o(.text.xTaskCreate)
    [Anonymous Symbol]                       0x00002790   Section        0  tasks.o(.text.xTaskCreateStatic)
    [Anonymous Symbol]                       0x0000286c   Section        0  tasks.o(.text.xTaskGetSchedulerState)
    [Anonymous Symbol]                       0x00002890   Section        0  tasks.o(.text.xTaskGetTickCount)
    [Anonymous Symbol]                       0x0000289c   Section        0  tasks.o(.text.xTaskIncrementTick)
    [Anonymous Symbol]                       0x00002a42   Section        0  tasks.o(.text.xTaskRemoveFromEventList)
    [Anonymous Symbol]                       0x00002b34   Section        0  tasks.o(.text.xTaskResumeAll)
    [Anonymous Symbol]                       0x00002cb4   Section        0  timers.o(.text.xTimerCreateTimerTask)
    i.__0printf$bare                         0x00002d30   Section        0  printfb.o(i.__0printf$bare)
    _printf_core                             0x00002d41   Thumb Code    34  printfb.o(i._printf_core)
    i._printf_core                           0x00002d40   Section        0  printfb.o(i._printf_core)
    g_prcr_masks                             0x00002dd4   Data           8  bsp_register_protection.o(.rodata.cst8)
    [Anonymous Symbol]                       0x00002dd4   Section        0  bsp_register_protection.o(.rodata.cst8)
    __tagsym$$used.1                         0x00002f8c   Number         0  bsp_security.o(.rodata.gp_start_of_nonsecure_callable_flash)
    __tagsym$$used.4                         0x00002f90   Number         0  bsp_security.o(.rodata.gp_start_of_nonsecure_callable_ram)
    __tagsym$$used.6                         0x00002f94   Number         0  bsp_security.o(.rodata.gp_start_of_nonsecure_data_flash)
    __tagsym$$used.0                         0x00002f98   Number         0  bsp_security.o(.rodata.gp_start_of_nonsecure_flash)
    __tagsym$$used.3                         0x00002f9c   Number         0  bsp_security.o(.rodata.gp_start_of_nonsecure_ram)
    __tagsym$$used.7                         0x00002fa0   Number         0  bsp_security.o(.rodata.gp_start_of_secure_data_flash)
    __tagsym$$used.2                         0x00002fa4   Number         0  bsp_security.o(.rodata.gp_start_of_secure_flash)
    __tagsym$$used.5                         0x00002fa8   Number         0  bsp_security.o(.rodata.gp_start_of_secure_ram)
    .L.str.3                                 0x00002fac   Data         115  heap_4.o(.rodata.str1.1)
    [Anonymous Symbol]                       0x00002fac   Section        0  heap_4.o(.rodata.str1.1)
    .L.str.1                                 0x0000301f   Data          75  heap_4.o(.rodata.str1.1)
    [Anonymous Symbol]                       0x0000306a   Section        0  queue.o(.rodata.str1.1)
    .L.str.10                                0x000030b7   Data          83  queue.o(.rodata.str1.1)
    .L.str.9                                 0x0000310a   Data          77  queue.o(.rodata.str1.1)
    .L.str.15                                0x00003157   Data          80  queue.o(.rodata.str1.1)
    .L.str.8                                 0x000031a7   Data          77  queue.o(.rodata.str1.1)
    .L.str.11                                0x000031ab   Data          34  queue.o(.rodata.str1.1)
    .L.str.13                                0x000031e6   Data          77  queue.o(.rodata.str1.1)
    .L.str.14                                0x0000325e   Data          12  queue.o(.rodata.str1.1)
    .L.str.12                                0x0000326a   Data          25  queue.o(.rodata.str1.1)
    .L.str.1                                 0x00003283   Data          57  queue.o(.rodata.str1.1)
    .L.str.16                                0x0000328f   Data          72  queue.o(.rodata.str1.1)
    .L.str.7                                 0x000032bc   Data           8  queue.o(.rodata.str1.1)
    .L.str.5                                 0x000032c4   Data          11  queue.o(.rodata.str1.1)
    .L.str                                   0x000032cf   Data           8  queue.o(.rodata.str1.1)
    .L.str.19                                0x000032d0   Data           7  queue.o(.rodata.str1.1)
    .L.str.15                                0x000032d7   Data         118  tasks.o(.rodata.str1.1)
    [Anonymous Symbol]                       0x000032d7   Section        0  tasks.o(.rodata.str1.1)
    .L.str.8                                 0x0000333b   Data          14  tasks.o(.rodata.str1.1)
    .L.str.18                                0x000033e0   Data          15  tasks.o(.rodata.str1.1)
    .L.str.11                                0x000033ef   Data          43  tasks.o(.rodata.str1.1)
    .L.str.22                                0x0000340f   Data          20  tasks.o(.rodata.str1.1)
    .L.str.4                                 0x0000341a   Data          43  tasks.o(.rodata.str1.1)
    .L.str.23                                0x00003423   Data          22  tasks.o(.rodata.str1.1)
    .L.str.24                                0x00003439   Data          14  tasks.o(.rodata.str1.1)
    .L.str.1                                 0x00003445   Data          57  tasks.o(.rodata.str1.1)
    .L.str.25                                0x00003447   Data          31  tasks.o(.rodata.str1.1)
    .L.str.26                                0x00003466   Data          53  tasks.o(.rodata.str1.1)
    .L.str.17                                0x0000348c   Data          12  tasks.o(.rodata.str1.1)
    .L.str.19                                0x00003498   Data          10  tasks.o(.rodata.str1.1)
    .L.str.27                                0x0000349b   Data          21  tasks.o(.rodata.str1.1)
    .L.str.2                                 0x000034b0   Data          58  timers.o(.rodata.str1.1)
    [Anonymous Symbol]                       0x000034b0   Section        0  timers.o(.rodata.str1.1)
    .L.str.5                                 0x000034ea   Data           7  timers.o(.rodata.str1.1)
    .L.str.2                                 0x000034f1   Data          70  port.o(.rodata.str1.1)
    [Anonymous Symbol]                       0x000034f1   Section        0  port.o(.rodata.str1.1)
    .L.str.1                                 0x00003537   Data          52  port.o(.rodata.str1.1)
    __tagsym$$used.0                         0x00003570   Number         0  bsp_common.o(.version)
    g_fsp_version                            0x00003570   Data           4  bsp_common.o(.version)
    [Anonymous Symbol]                       0x00003570   Section        0  bsp_common.o(.version)
    __tagsym$$used.1                         0x00003574   Number         0  bsp_common.o(.version)
    g_fsp_version_string                     0x00003574   Data           6  bsp_common.o(.version)
    [Anonymous Symbol]                       0x00003574   Section        0  bsp_common.o(.version)
    __tagsym$$used.2                         0x0000357a   Number         0  bsp_common.o(.version)
    g_fsp_version_build_string               0x0000357a   Data          68  bsp_common.o(.version)
    [Anonymous Symbol]                       0x0000357a   Section        0  bsp_common.o(.version)
    __tagsym$$used.0                         0x0100a100   Number         0  bsp_rom_registers.o(.option_setting_ofs0)
    g_bsp_rom_ofs0                           0x0100a100   Data           4  bsp_rom_registers.o(.option_setting_ofs0)
    [Anonymous Symbol]                       0x0100a100   Section        0  bsp_rom_registers.o(.option_setting_ofs0)
    __tagsym$$used.1                         0x0100a110   Number         0  bsp_rom_registers.o(.option_setting_dualsel)
    g_bsp_rom_dualsel                        0x0100a110   Data           4  bsp_rom_registers.o(.option_setting_dualsel)
    [Anonymous Symbol]                       0x0100a110   Section        0  bsp_rom_registers.o(.option_setting_dualsel)
    __tagsym$$used.2                         0x0100a134   Number         0  bsp_rom_registers.o(.option_setting_sas)
    g_bsp_rom_sas                            0x0100a134   Data           4  bsp_rom_registers.o(.option_setting_sas)
    [Anonymous Symbol]                       0x0100a134   Section        0  bsp_rom_registers.o(.option_setting_sas)
    __tagsym$$used.3                         0x0100a200   Number         0  bsp_rom_registers.o(.option_setting_ofs1_sec)
    g_bsp_rom_ofs1_sec                       0x0100a200   Data           4  bsp_rom_registers.o(.option_setting_ofs1_sec)
    [Anonymous Symbol]                       0x0100a200   Section        0  bsp_rom_registers.o(.option_setting_ofs1_sec)
    __tagsym$$used.4                         0x0100a210   Number         0  bsp_rom_registers.o(.option_setting_banksel_sec)
    g_bsp_rom_banksel_sec                    0x0100a210   Data           4  bsp_rom_registers.o(.option_setting_banksel_sec)
    [Anonymous Symbol]                       0x0100a210   Section        0  bsp_rom_registers.o(.option_setting_banksel_sec)
    __tagsym$$used.5                         0x0100a240   Number         0  bsp_rom_registers.o(.option_setting_bps_sec0)
    g_bsp_rom_bps_sec0                       0x0100a240   Data           4  bsp_rom_registers.o(.option_setting_bps_sec0)
    [Anonymous Symbol]                       0x0100a240   Section        0  bsp_rom_registers.o(.option_setting_bps_sec0)
    __tagsym$$used.6                         0x0100a244   Number         0  bsp_rom_registers.o(.option_setting_bps_sec1)
    g_bsp_rom_bps_sec1                       0x0100a244   Data           4  bsp_rom_registers.o(.option_setting_bps_sec1)
    [Anonymous Symbol]                       0x0100a244   Section        0  bsp_rom_registers.o(.option_setting_bps_sec1)
    __tagsym$$used.7                         0x0100a248   Number         0  bsp_rom_registers.o(.option_setting_bps_sec2)
    g_bsp_rom_bps_sec2                       0x0100a248   Data           4  bsp_rom_registers.o(.option_setting_bps_sec2)
    [Anonymous Symbol]                       0x0100a248   Section        0  bsp_rom_registers.o(.option_setting_bps_sec2)
    __tagsym$$used.8                         0x0100a24c   Number         0  bsp_rom_registers.o(.option_setting_bps_sec3)
    g_bsp_rom_bps_sec3                       0x0100a24c   Data           4  bsp_rom_registers.o(.option_setting_bps_sec3)
    [Anonymous Symbol]                       0x0100a24c   Section        0  bsp_rom_registers.o(.option_setting_bps_sec3)
    __tagsym$$used.9                         0x0100a260   Number         0  bsp_rom_registers.o(.option_setting_pbps_sec0)
    g_bsp_rom_pbps_sec0                      0x0100a260   Data           4  bsp_rom_registers.o(.option_setting_pbps_sec0)
    [Anonymous Symbol]                       0x0100a260   Section        0  bsp_rom_registers.o(.option_setting_pbps_sec0)
    __tagsym$$used.10                        0x0100a264   Number         0  bsp_rom_registers.o(.option_setting_pbps_sec1)
    g_bsp_rom_pbps_sec1                      0x0100a264   Data           4  bsp_rom_registers.o(.option_setting_pbps_sec1)
    [Anonymous Symbol]                       0x0100a264   Section        0  bsp_rom_registers.o(.option_setting_pbps_sec1)
    __tagsym$$used.11                        0x0100a268   Number         0  bsp_rom_registers.o(.option_setting_pbps_sec2)
    g_bsp_rom_pbps_sec2                      0x0100a268   Data           4  bsp_rom_registers.o(.option_setting_pbps_sec2)
    [Anonymous Symbol]                       0x0100a268   Section        0  bsp_rom_registers.o(.option_setting_pbps_sec2)
    __tagsym$$used.12                        0x0100a26c   Number         0  bsp_rom_registers.o(.option_setting_pbps_sec3)
    g_bsp_rom_pbps_sec3                      0x0100a26c   Data           4  bsp_rom_registers.o(.option_setting_pbps_sec3)
    [Anonymous Symbol]                       0x0100a26c   Section        0  bsp_rom_registers.o(.option_setting_pbps_sec3)
    __tagsym$$used.13                        0x0100a280   Number         0  bsp_rom_registers.o(.option_setting_ofs1_sel)
    g_bsp_rom_ofs1_sel                       0x0100a280   Data           4  bsp_rom_registers.o(.option_setting_ofs1_sel)
    [Anonymous Symbol]                       0x0100a280   Section        0  bsp_rom_registers.o(.option_setting_ofs1_sel)
    __tagsym$$used.14                        0x0100a290   Number         0  bsp_rom_registers.o(.option_setting_banksel_sel)
    g_bsp_rom_banksel_sel                    0x0100a290   Data           4  bsp_rom_registers.o(.option_setting_banksel_sel)
    [Anonymous Symbol]                       0x0100a290   Section        0  bsp_rom_registers.o(.option_setting_banksel_sel)
    __tagsym$$used.15                        0x0100a2c0   Number         0  bsp_rom_registers.o(.option_setting_bps_sel0)
    g_bsp_rom_bps_sel0                       0x0100a2c0   Data           4  bsp_rom_registers.o(.option_setting_bps_sel0)
    [Anonymous Symbol]                       0x0100a2c0   Section        0  bsp_rom_registers.o(.option_setting_bps_sel0)
    __tagsym$$used.16                        0x0100a2c4   Number         0  bsp_rom_registers.o(.option_setting_bps_sel1)
    g_bsp_rom_bps_sel1                       0x0100a2c4   Data           4  bsp_rom_registers.o(.option_setting_bps_sel1)
    [Anonymous Symbol]                       0x0100a2c4   Section        0  bsp_rom_registers.o(.option_setting_bps_sel1)
    __tagsym$$used.17                        0x0100a2c8   Number         0  bsp_rom_registers.o(.option_setting_bps_sel2)
    g_bsp_rom_bps_sel2                       0x0100a2c8   Data           4  bsp_rom_registers.o(.option_setting_bps_sel2)
    [Anonymous Symbol]                       0x0100a2c8   Section        0  bsp_rom_registers.o(.option_setting_bps_sel2)
    __tagsym$$used.18                        0x0100a2cc   Number         0  bsp_rom_registers.o(.option_setting_bps_sel3)
    g_bsp_rom_bps_sel3                       0x0100a2cc   Data           4  bsp_rom_registers.o(.option_setting_bps_sel3)
    [Anonymous Symbol]                       0x0100a2cc   Section        0  bsp_rom_registers.o(.option_setting_bps_sel3)
    .data                                    0x20000000   Section        4  stdout.o(.data)
    g_mask_level_before_disable              0x200000dc   Data           4  port.o(.bss.g_mask_level_before_disable)
    [Anonymous Symbol]                       0x200000dc   Section        0  port.o(.bss.g_mask_level_before_disable)
    prvCheckForValidListAndQueue.ucStaticTimerQueueStorage 0x2000026c   Data         120  timers.o(.bss.prvCheckForValidListAndQueue.ucStaticTimerQueueStorage)
    [Anonymous Symbol]                       0x2000026c   Section        0  timers.o(.bss.prvCheckForValidListAndQueue.ucStaticTimerQueueStorage)
    prvCheckForValidListAndQueue.xStaticTimerQueue 0x200002e4   Data          72  timers.o(.bss.prvCheckForValidListAndQueue.xStaticTimerQueue)
    [Anonymous Symbol]                       0x200002e4   Section        0  timers.o(.bss.prvCheckForValidListAndQueue.xStaticTimerQueue)
    prvSampleTimeNow.xLastTime               0x2000032c   Data           4  timers.o(.bss.prvSampleTimeNow.xLastTime)
    [Anonymous Symbol]                       0x2000032c   Section        0  timers.o(.bss.prvSampleTimeNow.xLastTime)
    pxCurrentTimerList                       0x20000334   Data           4  timers.o(.bss.pxCurrentTimerList)
    [Anonymous Symbol]                       0x20000334   Section        0  timers.o(.bss.pxCurrentTimerList)
    pxDelayedTaskList                        0x20000338   Data           4  tasks.o(.bss.pxDelayedTaskList)
    [Anonymous Symbol]                       0x20000338   Section        0  tasks.o(.bss.pxDelayedTaskList)
    pxEnd                                    0x2000033c   Data           4  heap_4.o(.bss.pxEnd)
    [Anonymous Symbol]                       0x2000033c   Section        0  heap_4.o(.bss.pxEnd)
    pxOverflowDelayedTaskList                0x20000340   Data           4  tasks.o(.bss.pxOverflowDelayedTaskList)
    [Anonymous Symbol]                       0x20000340   Section        0  tasks.o(.bss.pxOverflowDelayedTaskList)
    pxOverflowTimerList                      0x20000344   Data           4  timers.o(.bss.pxOverflowTimerList)
    [Anonymous Symbol]                       0x20000344   Section        0  timers.o(.bss.pxOverflowTimerList)
    pxReadyTasksLists                        0x20000348   Data         100  tasks.o(.bss.pxReadyTasksLists)
    [Anonymous Symbol]                       0x20000348   Section        0  tasks.o(.bss.pxReadyTasksLists)
    ucHeap                                   0x200003ae   Data       10240  heap_4.o(.bss.ucHeap)
    [Anonymous Symbol]                       0x200003ae   Section        0  heap_4.o(.bss.ucHeap)
    uxCriticalNesting                        0x20002bb0   Data           4  port.o(.bss.uxCriticalNesting)
    [Anonymous Symbol]                       0x20002bb0   Section        0  port.o(.bss.uxCriticalNesting)
    uxCurrentNumberOfTasks                   0x20002bb4   Data           4  tasks.o(.bss.uxCurrentNumberOfTasks)
    [Anonymous Symbol]                       0x20002bb4   Section        0  tasks.o(.bss.uxCurrentNumberOfTasks)
    uxDeletedTasksWaitingCleanUp             0x20002bb8   Data           4  tasks.o(.bss.uxDeletedTasksWaitingCleanUp)
    [Anonymous Symbol]                       0x20002bb8   Section        0  tasks.o(.bss.uxDeletedTasksWaitingCleanUp)
    uxSchedulerSuspended                     0x20002bbc   Data           4  tasks.o(.bss.uxSchedulerSuspended)
    [Anonymous Symbol]                       0x20002bbc   Section        0  tasks.o(.bss.uxSchedulerSuspended)
    uxTaskNumber                             0x20002bc0   Data           4  tasks.o(.bss.uxTaskNumber)
    [Anonymous Symbol]                       0x20002bc0   Section        0  tasks.o(.bss.uxTaskNumber)
    uxTopReadyPriority                       0x20002bc4   Data           4  tasks.o(.bss.uxTopReadyPriority)
    [Anonymous Symbol]                       0x20002bc4   Section        0  tasks.o(.bss.uxTopReadyPriority)
    vApplicationGetIdleTaskMemory.uxIdleTaskStack 0x20002bc8   Data         512  main.o(.bss.vApplicationGetIdleTaskMemory.uxIdleTaskStack)
    [Anonymous Symbol]                       0x20002bc8   Section        0  main.o(.bss.vApplicationGetIdleTaskMemory.uxIdleTaskStack)
    vApplicationGetIdleTaskMemory.xIdleTaskTCB 0x20002dc8   Data          96  main.o(.bss.vApplicationGetIdleTaskMemory.xIdleTaskTCB)
    [Anonymous Symbol]                       0x20002dc8   Section        0  main.o(.bss.vApplicationGetIdleTaskMemory.xIdleTaskTCB)
    vApplicationGetTimerTaskMemory.uxTimerTaskStack 0x20002e28   Data         512  main.o(.bss.vApplicationGetTimerTaskMemory.uxTimerTaskStack)
    [Anonymous Symbol]                       0x20002e28   Section        0  main.o(.bss.vApplicationGetTimerTaskMemory.uxTimerTaskStack)
    vApplicationGetTimerTaskMemory.xTimerTaskTCB 0x20003028   Data          96  main.o(.bss.vApplicationGetTimerTaskMemory.xTimerTaskTCB)
    [Anonymous Symbol]                       0x20003028   Section        0  main.o(.bss.vApplicationGetTimerTaskMemory.xTimerTaskTCB)
    xActiveTimerList1                        0x20003088   Data          20  timers.o(.bss.xActiveTimerList1)
    [Anonymous Symbol]                       0x20003088   Section        0  timers.o(.bss.xActiveTimerList1)
    xActiveTimerList2                        0x2000309c   Data          20  timers.o(.bss.xActiveTimerList2)
    [Anonymous Symbol]                       0x2000309c   Section        0  timers.o(.bss.xActiveTimerList2)
    xDelayedTaskList1                        0x200030b0   Data          20  tasks.o(.bss.xDelayedTaskList1)
    [Anonymous Symbol]                       0x200030b0   Section        0  tasks.o(.bss.xDelayedTaskList1)
    xDelayedTaskList2                        0x200030c4   Data          20  tasks.o(.bss.xDelayedTaskList2)
    [Anonymous Symbol]                       0x200030c4   Section        0  tasks.o(.bss.xDelayedTaskList2)
    xFreeBytesRemaining                      0x200030d8   Data           4  heap_4.o(.bss.xFreeBytesRemaining)
    [Anonymous Symbol]                       0x200030d8   Section        0  heap_4.o(.bss.xFreeBytesRemaining)
    xIdleTaskHandle                          0x200030dc   Data           4  tasks.o(.bss.xIdleTaskHandle)
    [Anonymous Symbol]                       0x200030dc   Section        0  tasks.o(.bss.xIdleTaskHandle)
    xMinimumEverFreeBytesRemaining           0x200030e0   Data           4  heap_4.o(.bss.xMinimumEverFreeBytesRemaining)
    [Anonymous Symbol]                       0x200030e0   Section        0  heap_4.o(.bss.xMinimumEverFreeBytesRemaining)
    xNextTaskUnblockTime                     0x200030e4   Data           4  tasks.o(.bss.xNextTaskUnblockTime)
    [Anonymous Symbol]                       0x200030e4   Section        0  tasks.o(.bss.xNextTaskUnblockTime)
    xNumOfOverflows                          0x200030e8   Data           4  tasks.o(.bss.xNumOfOverflows)
    [Anonymous Symbol]                       0x200030e8   Section        0  tasks.o(.bss.xNumOfOverflows)
    xNumberOfSuccessfulAllocations           0x200030ec   Data           4  heap_4.o(.bss.xNumberOfSuccessfulAllocations)
    [Anonymous Symbol]                       0x200030ec   Section        0  heap_4.o(.bss.xNumberOfSuccessfulAllocations)
    xNumberOfSuccessfulFrees                 0x200030f0   Data           4  heap_4.o(.bss.xNumberOfSuccessfulFrees)
    [Anonymous Symbol]                       0x200030f0   Section        0  heap_4.o(.bss.xNumberOfSuccessfulFrees)
    xPendedTicks                             0x200030f4   Data           4  tasks.o(.bss.xPendedTicks)
    [Anonymous Symbol]                       0x200030f4   Section        0  tasks.o(.bss.xPendedTicks)
    xPendingReadyList                        0x200030f8   Data          20  tasks.o(.bss.xPendingReadyList)
    [Anonymous Symbol]                       0x200030f8   Section        0  tasks.o(.bss.xPendingReadyList)
    xSchedulerRunning                        0x2000315c   Data           4  tasks.o(.bss.xSchedulerRunning)
    [Anonymous Symbol]                       0x2000315c   Section        0  tasks.o(.bss.xSchedulerRunning)
    xStart                                   0x20003160   Data           8  heap_4.o(.bss.xStart)
    [Anonymous Symbol]                       0x20003160   Section        0  heap_4.o(.bss.xStart)
    xSuspendedTaskList                       0x20003168   Data          20  tasks.o(.bss.xSuspendedTaskList)
    [Anonymous Symbol]                       0x20003168   Section        0  tasks.o(.bss.xSuspendedTaskList)
    xTasksWaitingTermination                 0x2000317c   Data          20  tasks.o(.bss.xTasksWaitingTermination)
    [Anonymous Symbol]                       0x2000317c   Section        0  tasks.o(.bss.xTasksWaitingTermination)
    xTickCount                               0x20003190   Data           4  tasks.o(.bss.xTickCount)
    [Anonymous Symbol]                       0x20003190   Section        0  tasks.o(.bss.xTickCount)
    xTimerQueue                              0x20003194   Data           4  timers.o(.bss.xTimerQueue)
    [Anonymous Symbol]                       0x20003194   Section        0  timers.o(.bss.xTimerQueue)
    xTimerTaskHandle                         0x20003198   Data           4  timers.o(.bss.xTimerTaskHandle)
    [Anonymous Symbol]                       0x20003198   Section        0  timers.o(.bss.xTimerTaskHandle)
    xYieldPending                            0x2000319c   Data           4  tasks.o(.bss.xYieldPending)
    [Anonymous Symbol]                       0x2000319c   Section        0  tasks.o(.bss.xYieldPending)
    __tagsym$$used.0                         0x200031a0   Number         0  bsp_clocks.o(.bss.noinit)
    g_clock_freq                             0x200031a0   Data          28  bsp_clocks.o(.bss.noinit)
    [Anonymous Symbol]                       0x200031a0   Section        0  bsp_clocks.o(.bss.noinit)
    __tagsym$$used.2                         0x200031c0   Number         0  startup.o(.bss.heap)
    g_heap                                   0x200031c0   Data        4096  startup.o(.bss.heap)
    [Anonymous Symbol]                       0x200031c0   Section        0  startup.o(.bss.heap)
    __tagsym$$used.0                         0x200041c0   Number         0  startup.o(.bss.stack)
    g_main_stack                             0x200041c0   Data        1024  startup.o(.bss.stack)
    [Anonymous Symbol]                       0x200041c0   Section        0  startup.o(.bss.stack)

    Global Symbols

    Symbol Name                              Value     Ov Type        Size  Object(Section)

    BuildAttributes$$THM_ISAv4$E$P$D$K$B$S$7EM$8M$VFPi5$EXTD16$VFPS$VFMA$PE$A:L22UL41UL21$X:L11$S22US41US21$IEEE1$IW$USESV6$~STKCKD$USESV7$WCHAR32$ENUMINT$~SHL$OSPACE$ROPI$MICROLIB$REQ8$PRES8$EABIv2 0x00000000   Number         0  anon$$obj.o ABSOLUTE
    Image$$__tz_FLASH_S$$Base                0x00000000   Number         0  anon$$obj.o ABSOLUTE
    __Vectors                                0x00000000   Data          64  startup.o(.fixed_vectors)
    Image$$DATA$$Length                      0x00000008   Number         0  anon$$obj.o ABSOLUTE
    g_vector_table                           0x00000040   Data         384  vector_data.o(.application_vectors)
    Image$$INIT_ARRAY$$Base                  0x000001c0   Number         0  anon$$obj.o ABSOLUTE
    Image$$INIT_ARRAY$$Limit                 0x000001c0   Number         0  anon$$obj.o ABSOLUTE
    __aeabi_memcpy                           0x000001c1   Thumb Code    36  memcpya.o(.text)
    __aeabi_memcpy4                          0x000001c1   Thumb Code     0  memcpya.o(.text)
    __aeabi_memcpy8                          0x000001c1   Thumb Code     0  memcpya.o(.text)
    __aeabi_memset                           0x000001e5   Thumb Code    14  memseta.o(.text)
    __aeabi_memset4                          0x000001e5   Thumb Code     0  memseta.o(.text)
    __aeabi_memset8                          0x000001e5   Thumb Code     0  memseta.o(.text)
    __aeabi_memclr                           0x000001f3   Thumb Code     4  memseta.o(.text)
    __aeabi_memclr4                          0x000001f3   Thumb Code     0  memseta.o(.text)
    __aeabi_memclr8                          0x000001f3   Thumb Code     0  memseta.o(.text)
    _memset$wrapper                          0x000001f7   Thumb Code    18  memseta.o(.text)
    Debug_UART_Init                          0x00000209   Thumb Code    36  bsp_debug_uart.o(.text.Debug_UART_Init)
    BusFault_Handler                         0x00000259   Thumb Code     4  startup.o(.text.Default_Handler)
    DebugMon_Handler                         0x00000259   Thumb Code     4  startup.o(.text.Default_Handler)
    Default_Handler                          0x00000259   Thumb Code     4  startup.o(.text.Default_Handler)
    HardFault_Handler                        0x00000259   Thumb Code     4  startup.o(.text.Default_Handler)
    MemManage_Handler                        0x00000259   Thumb Code     4  startup.o(.text.Default_Handler)
    SecureFault_Handler                      0x00000259   Thumb Code     4  startup.o(.text.Default_Handler)
    UsageFault_Handler                       0x00000259   Thumb Code     4  startup.o(.text.Default_Handler)
    NMI_Handler                              0x0000025d   Thumb Code    68  bsp_group_irq.o(.text.NMI_Handler)
    PendSV_Handler                           0x000002a1   Thumb Code    64  port.o(.text.PendSV_Handler)
    R_BSP_Init_RTC                           0x000002e5   Thumb Code    88  bsp_clocks.o(.text.R_BSP_Init_RTC)
    R_BSP_RegisterProtectDisable             0x0000033d   Thumb Code    78  bsp_register_protection.o(.text.R_BSP_RegisterProtectDisable)
    R_BSP_RegisterProtectEnable              0x0000038b   Thumb Code    82  bsp_register_protection.o(.text.R_BSP_RegisterProtectEnable)
    R_BSP_SoftwareDelay                      0x000003dd   Thumb Code    88  bsp_delay.o(.text.R_BSP_SoftwareDelay)
    R_BSP_SubClockStabilizeWaitAfterReset    0x00000435   Thumb Code     2  bsp_clocks.o(.text.R_BSP_SubClockStabilizeWaitAfterReset)
    R_BSP_WarmStart                          0x00000437   Thumb Code    26  hal_entry.o(.text.R_BSP_WarmStart)
    R_IOPORT_Open                            0x00000451   Thumb Code    22  r_ioport.o(.text.R_IOPORT_Open)
    R_SCI_UART_Open                          0x00000467   Thumb Code   828  r_sci_uart.o(.text.R_SCI_UART_Open)
    R_SCI_UART_Write                         0x000007a3   Thumb Code    76  r_sci_uart.o(.text.R_SCI_UART_Write)
    Reset_Handler                            0x000007f1   Thumb Code    10  startup.o(.text.Reset_Handler)
    SVC_Handler                              0x000007fd   Thumb Code    18  port.o(.text.SVC_Handler)
    SysTick_Handler                          0x00000815   Thumb Code    38  port.o(.text.SysTick_Handler)
    SystemCoreClockUpdate                    0x0000083b   Thumb Code    44  bsp_clocks.o(.text.SystemCoreClockUpdate)
    SystemInit                               0x00000869   Thumb Code   232  system.o(.text.SystemInit)
    __aeabi_assert                           0x00000951   Thumb Code     6  bsp_common.o(.text.__aeabi_assert)
    bsp_clock_init                           0x00000959   Thumb Code   316  bsp_clocks.o(.text.bsp_clock_init)
    bsp_init                                 0x00000a95   Thumb Code     2  bsp_common.o(.text.bsp_init_internal)
    bsp_init_internal                        0x00000a95   Thumb Code     2  bsp_common.o(.text.bsp_init_internal)
    bsp_irq_cfg                              0x00000a99   Thumb Code   150  bsp_irq.o(.text.bsp_irq_cfg)
    bsp_prv_software_delay_loop              0x00000b2f   Thumb Code     8  bsp_delay.o(.text.bsp_prv_software_delay_loop)
    debug_uart_callback                      0x00000bc9   Thumb Code    56  bsp_debug_uart.o(.text.debug_uart_callback)
    debug_uart_create                        0x00000c01   Thumb Code    84  debug_uart.o(.text.debug_uart_create)
    debug_uart_entry                         0x00000c61   Thumb Code    24  debug_uart_entry.o(.text.debug_uart_entry)
    fputc                                    0x00000c99   Thumb Code    48  bsp_debug_uart.o(.text.fputc)
    g_common_init                            0x00000cc9   Thumb Code     2  common_data.o(.text.g_common_init)
    g_hal_init                               0x00000ccb   Thumb Code     4  hal_data.o(.text.g_hal_init)
    main                                     0x00000ccf   Thumb Code    74  main.o(.text.main)
    pvPortMalloc                             0x000014ad   Thumb Code   324  heap_4.o(.text.pvPortMalloc)
    pxPortInitialiseStack                    0x00001661   Thumb Code    40  port.o(.text.pxPortInitialiseStack)
    rm_freertos_port_restore_task_stackless  0x00001789   Thumb Code    32  port.o(.text.rm_freertos_port_restore_task_stackless)
    rm_freertos_port_sleep_preserving_lpm    0x000017ad   Thumb Code   110  port.o(.text.rm_freertos_port_sleep_preserving_lpm)
    rtos_startup_common_init                 0x0000181d   Thumb Code    98  main.o(.text.rtos_startup_common_init)
    rtos_startup_err_callback                0x0000187f   Thumb Code     4  main.o(.text.rtos_startup_err_callback_internal)
    rtos_startup_err_callback_internal       0x0000187f   Thumb Code     4  main.o(.text.rtos_startup_err_callback_internal)
    sci_uart_eri_isr                         0x00001883   Thumb Code   106  r_sci_uart.o(.text.sci_uart_eri_isr)
    sci_uart_rxi_isr                         0x000018ed   Thumb Code   136  r_sci_uart.o(.text.sci_uart_rxi_isr)
    sci_uart_tei_isr                         0x00001975   Thumb Code    74  r_sci_uart.o(.text.sci_uart_tei_isr)
    sci_uart_txi_isr                         0x000019bf   Thumb Code   136  r_sci_uart.o(.text.sci_uart_txi_isr)
    uxListRemove                             0x00001a47   Thumb Code    34  list.o(.text.uxListRemove)
    vApplicationGetIdleTaskMemory            0x00001a69   Thumb Code    26  main.o(.text.vApplicationGetIdleTaskMemory)
    vApplicationGetTimerTaskMemory           0x00001a83   Thumb Code    26  main.o(.text.vApplicationGetTimerTaskMemory)
    vApplicationIdleHook                     0x00001a9d   Thumb Code    24  port.o(.text.vApplicationIdleHook)
    vListInitialise                          0x00001ab5   Thumb Code    22  list.o(.text.vListInitialise)
    vListInitialiseItem                      0x00001acb   Thumb Code     6  list.o(.text.vListInitialiseItem)
    vListInsert                              0x00001ad1   Thumb Code    58  list.o(.text.vListInsert)
    vPortEnterCritical                       0x00001b0b   Thumb Code    76  port.o(.text.vPortEnterCritical)
    vPortExitCritical                        0x00001b59   Thumb Code    56  port.o(.text.vPortExitCritical)
    vPortFree                                0x00001ba5   Thumb Code   124  heap_4.o(.text.vPortFree)
    vPortSVCHandler_C                        0x00001c41   Thumb Code    40  port.o(.text.vPortSVCHandler_C)
    vPortSetupTimerInterrupt                 0x00001c7d   Thumb Code    70  port.o(.text.vPortSetupTimerInterrupt)
    vQueueAddToRegistry                      0x00001cc5   Thumb Code    94  queue.o(.text.vQueueAddToRegistry)
    vQueueWaitForMessageRestricted           0x00001d23   Thumb Code    70  queue.o(.text.vQueueWaitForMessageRestricted)
    vTaskDelay                               0x00001d69   Thumb Code    84  tasks.o(.text.vTaskDelay)
    vTaskInternalSetTimeOutState             0x00001dbd   Thumb Code    26  tasks.o(.text.vTaskInternalSetTimeOutState)
    vTaskMissedYield                         0x00001dd7   Thumb Code    14  tasks.o(.text.vTaskMissedYield)
    vTaskPlaceOnEventList                    0x00001de5   Thumb Code    58  tasks.o(.text.vTaskPlaceOnEventList)
    vTaskPlaceOnEventListRestricted          0x00001e1f   Thumb Code   114  tasks.o(.text.vTaskPlaceOnEventListRestricted)
    vTaskStartScheduler                      0x00001e91   Thumb Code   152  tasks.o(.text.vTaskStartScheduler)
    vTaskSuspendAll                          0x00001f45   Thumb Code    16  tasks.o(.text.vTaskSuspendAll)
    vTaskSwitchContext                       0x00001f55   Thumb Code   140  tasks.o(.text.vTaskSwitchContext)
    xPortStartScheduler                      0x00001ff1   Thumb Code    60  port.o(.text.xPortStartScheduler)
    xQueueCreateCountingSemaphoreStatic      0x0000202d   Thumb Code    64  queue.o(.text.xQueueCreateCountingSemaphoreStatic)
    xQueueGenericCreateStatic                0x0000206d   Thumb Code   124  queue.o(.text.xQueueGenericCreateStatic)
    xQueueGenericReset                       0x00002115   Thumb Code   168  queue.o(.text.xQueueGenericReset)
    xQueueGenericSend                        0x000021e1   Thumb Code   424  queue.o(.text.xQueueGenericSend)
    xQueueReceive                            0x00002389   Thumb Code   410  queue.o(.text.xQueueReceive)
    xQueueSemaphoreTake                      0x00002525   Thumb Code   370  queue.o(.text.xQueueSemaphoreTake)
    xTaskCheckForTimeOut                     0x00002699   Thumb Code   140  tasks.o(.text.xTaskCheckForTimeOut)
    xTaskCreate                              0x00002735   Thumb Code    90  tasks.o(.text.xTaskCreate)
    xTaskCreateStatic                        0x00002791   Thumb Code   152  tasks.o(.text.xTaskCreateStatic)
    xTaskGetSchedulerState                   0x0000286d   Thumb Code    36  tasks.o(.text.xTaskGetSchedulerState)
    xTaskGetTickCount                        0x00002891   Thumb Code    12  tasks.o(.text.xTaskGetTickCount)
    xTaskIncrementTick                       0x0000289d   Thumb Code   422  tasks.o(.text.xTaskIncrementTick)
    xTaskRemoveFromEventList                 0x00002a43   Thumb Code   242  tasks.o(.text.xTaskRemoveFromEventList)
    xTaskResumeAll                           0x00002b35   Thumb Code   382  tasks.o(.text.xTaskResumeAll)
    xTimerCreateTimerTask                    0x00002cb5   Thumb Code   108  timers.o(.text.xTimerCreateTimerTask)
    __0printf$bare                           0x00002d31   Thumb Code     8  printfb.o(i.__0printf$bare)
    __1printf$bare                           0x00002d31   Thumb Code     0  printfb.o(i.__0printf$bare)
    __2printf                                0x00002d31   Thumb Code     0  printfb.o(i.__0printf$bare)
    Debug_UART_cfg                           0x00002d64   Data          68  hal_data.o(.rodata.Debug_UART_cfg)
    Debug_UART_cfg_extend                    0x00002da8   Data          44  hal_data.o(.rodata.Debug_UART_cfg_extend)
    debug_uart_parameters                    0x00002ddc   Data           4  debug_uart.o(.rodata.debug_uart_parameters)
    g_bsp_pin_cfg                            0x00002de0   Data          12  pin_data.o(.rodata.g_bsp_pin_cfg)
    g_bsp_pin_cfg_data                       0x00002dec   Data          32  pin_data.o(.rodata.g_bsp_pin_cfg_data)
    g_interrupt_event_link_select            0x00002e0c   Data         384  vector_data.o(.rodata.g_interrupt_event_link_select)
    gp_start_of_nonsecure_callable_flash     0x00002f8c   Data           4  bsp_security.o(.rodata.gp_start_of_nonsecure_callable_flash)
    gp_start_of_nonsecure_callable_ram       0x00002f90   Data           4  bsp_security.o(.rodata.gp_start_of_nonsecure_callable_ram)
    gp_start_of_nonsecure_data_flash         0x00002f94   Data           4  bsp_security.o(.rodata.gp_start_of_nonsecure_data_flash)
    gp_start_of_nonsecure_flash              0x00002f98   Data           4  bsp_security.o(.rodata.gp_start_of_nonsecure_flash)
    gp_start_of_nonsecure_ram                0x00002f9c   Data           4  bsp_security.o(.rodata.gp_start_of_nonsecure_ram)
    gp_start_of_secure_data_flash            0x00002fa0   Data           4  bsp_security.o(.rodata.gp_start_of_secure_data_flash)
    gp_start_of_secure_flash                 0x00002fa4   Data           4  bsp_security.o(.rodata.gp_start_of_secure_flash)
    gp_start_of_secure_ram                   0x00002fa8   Data           4  bsp_security.o(.rodata.gp_start_of_secure_ram)
    Image$$BSS$$ZI$$Length                   0x00003198   Number         0  anon$$obj.o ABSOLUTE
    uxTopUsedPriority                        0x0000356c   Data           4  tasks.o(.rodata.uxTopUsedPriority)
    Load$$DATA$$Base                         0x000035c0   Number         0  anon$$obj.o ABSOLUTE
    Image$$__tz_FLASH_C$$Base                0x00007c00   Number         0  anon$$obj.o ABSOLUTE
    Image$$__tz_FLASH_N$$Base                0x00008000   Number         0  anon$$obj.o ABSOLUTE
    Image$$__tz_DATA_FLASH_N$$Base           0x08000000   Number         0  anon$$obj.o ABSOLUTE
    Image$$__tz_DATA_FLASH_S$$Base           0x08000000   Number         0  anon$$obj.o ABSOLUTE
    Image$$DATA$$Base                        0x20000000   Number         0  anon$$obj.o ABSOLUTE
    Image$$__tz_RAM_S$$Base                  0x20000000   Number         0  anon$$obj.o ABSOLUTE
    __stdout                                 0x20000000   Data           4  stdout.o(.data)
    Debug_UART_baud_setting                  0x20000004   Data           4  hal_data.o(.data.Debug_UART_baud_setting)
    Debug_UART_ctrl                          0x20000008   Data          48  hal_data.o(.bss.Debug_UART_ctrl)
    Image$$BSS$$ZI$$Base                     0x20000008   Number         0  anon$$obj.o ABSOLUTE
    SystemCoreClock                          0x20000038   Data           4  system.o(.bss.SystemCoreClock)
    debug_uart                               0x2000003c   Data           4  debug_uart.o(.bss.debug_uart)
    g_bsp_group_irq_sources                  0x20000040   Data          64  bsp_group_irq.o(.bss.g_bsp_group_irq_sources)
    g_fsp_common_initialized                 0x20000080   Data           1  main.o(.bss.g_fsp_common_initialized)
    g_fsp_common_initialized_semaphore       0x20000084   Data           4  main.o(.bss.g_fsp_common_initialized_semaphore)
    g_fsp_common_initialized_semaphore_memory 0x20000088   Data          72  main.o(.bss.g_fsp_common_initialized_semaphore_memory)
    g_fsp_common_thread_count                0x200000d0   Data           4  main.o(.bss.g_fsp_common_thread_count)
    g_ioport_ctrl                            0x200000d4   Data           8  common_data.o(.bss.g_ioport_ctrl)
    g_protect_counters                       0x200000e0   Data           8  bsp_register_protection.o(.bss.g_protect_counters)
    g_protect_pfswe_counter                  0x200000e8   Data           4  bsp_io.o(.bss.g_protect_pfswe_counter)
    gp_renesas_isr_context                   0x200000ec   Data         384  bsp_irq.o(.bss.gp_renesas_isr_context)
    pxCurrentTCB                             0x20000330   Data           4  tasks.o(.bss.pxCurrentTCB)
    uart_receive_complete_flag               0x200003ac   Data           1  bsp_debug_uart.o(.bss.uart_receive_complete_flag)
    uart_send_complete_flag                  0x200003ad   Data           1  bsp_debug_uart.o(.bss.uart_send_complete_flag)
    xQueueRegistry                           0x2000310c   Data          80  queue.o(.bss.xQueueRegistry)
    Image$$__tz_RAM_C$$Base                  0x20080000   Number         0  anon$$obj.o ABSOLUTE
    Image$$__tz_RAM_N$$Base                  0x20080000   Number         0  anon$$obj.o ABSOLUTE



==============================================================================

Memory Map of the image

  Image Entry point : 0x000007f1

  Load Region LOAD_REGION_FLASH (Base: 0x00000000, Size: 0x000035c8, Max: 0x00100000, ABSOLUTE)

    Execution Region __tz_FLASH_S (Exec base: 0x00000000, Load base: 0x00000000, Size: 0x00000000, Max: 0x00000000, ABSOLUTE)

    Exec Addr    Load Addr    Size         Type   Attr      Idx    E Section Name        Object

    0x00000000        -       0x00000000   Zero   RW            1    __tz_FLASH_S.bss    anon$$obj.o


    Execution Region VECTORS (Exec base: 0x00000000, Load base: 0x00000000, Size: 0x000001c0, Max: 0xffffffff, ABSOLUTE, FIXED)

    Exec Addr    Load Addr    Size         Type   Attr      Idx    E Section Name        Object

    0x00000000   0x00000000   0x00000040   Data   RO          480    .fixed_vectors      startup.o
    0x00000040   0x00000040   0x00000180   Data   RO          839    .application_vectors  vector_data.o


    Execution Region MCUBOOT_SCE9_KEY (Exec base: 0x000001c0, Load base: 0x000001c0, Size: 0x00000000, Max: 0xffffffff, ABSOLUTE, FIXED)

    **** No section assigned to this execution region ****


    Execution Region INIT_ARRAY (Exec base: 0x000001c0, Load base: 0x000001c0, Size: 0x00000000, Max: 0xffffffff, ABSOLUTE, FIXED)

    **** No section assigned to this execution region ****


    Execution Region USB_DESC_FS (Exec base: 0x000001c0, Load base: 0x000001c0, Size: 0x00000000, Max: 0xffffffff, ABSOLUTE, FIXED)

    **** No section assigned to this execution region ****


    Execution Region RO_CODE_DATA (Exec base: 0x000001c0, Load base: 0x000001c0, Size: 0x00003400, Max: 0xffffffff, ABSOLUTE, FIXED)

    Exec Addr    Load Addr    Size         Type   Attr      Idx    E Section Name        Object

    0x000001c0   0x000001c0   0x00000024   Code   RO          849    .text               mc_w.l(memcpya.o)
    0x000001e4   0x000001e4   0x00000024   Code   RO          851    .text               mc_w.l(memseta.o)
    0x00000208   0x00000208   0x00000050   Code   RO           48    .text.Debug_UART_Init  bsp_debug_uart.o
    0x00000258   0x00000258   0x00000004   Code   RO          477    .text.Default_Handler  startup.o
    0x0000025c   0x0000025c   0x00000044   Code   RO          564    .text.NMI_Handler   bsp_group_irq.o
    0x000002a0   0x000002a0   0x00000044   Code   RO          729    .text.PendSV_Handler  port.o
    0x000002e4   0x000002e4   0x00000058   Code   RO          522    .text.R_BSP_Init_RTC  bsp_clocks.o
    0x0000033c   0x0000033c   0x0000004e   Code   RO          596    .text.R_BSP_RegisterProtectDisable  bsp_register_protection.o
    0x0000038a   0x0000038a   0x00000052   Code   RO          594    .text.R_BSP_RegisterProtectEnable  bsp_register_protection.o
    0x000003dc   0x000003dc   0x00000058   Code   RO          550    .text.R_BSP_SoftwareDelay  bsp_delay.o
    0x00000434   0x00000434   0x00000002   Code   RO          516    .text.R_BSP_SubClockStabilizeWaitAfterReset  bsp_clocks.o
    0x00000436   0x00000436   0x0000001a   Code   RO           67    .text.R_BSP_WarmStart  hal_entry.o
    0x00000450   0x00000450   0x00000016   Code   RO          647    .text.R_IOPORT_Open  r_ioport.o
    0x00000466   0x00000466   0x0000033c   Code   RO          686    .text.R_SCI_UART_Open  r_sci_uart.o
    0x000007a2   0x000007a2   0x0000004c   Code   RO          690    .text.R_SCI_UART_Write  r_sci_uart.o
    0x000007ee   0x000007ee   0x00000002   PAD
    0x000007f0   0x000007f0   0x0000000a   Code   RO          475  * .text.Reset_Handler  startup.o
    0x000007fa   0x000007fa   0x00000002   PAD
    0x000007fc   0x000007fc   0x00000018   Code   RO          727    .text.SVC_Handler   port.o
    0x00000814   0x00000814   0x00000026   Code   RO          733    .text.SysTick_Handler  port.o
    0x0000083a   0x0000083a   0x0000002c   Code   RO          506    .text.SystemCoreClockUpdate  bsp_clocks.o
    0x00000866   0x00000866   0x00000002   PAD
    0x00000868   0x00000868   0x000000e8   Code   RO          489    .text.SystemInit    system.o
    0x00000950   0x00000950   0x00000006   Code   RO          537    .text.__aeabi_assert  bsp_common.o
    0x00000956   0x00000956   0x00000002   PAD
    0x00000958   0x00000958   0x0000013c   Code   RO          512    .text.bsp_clock_init  bsp_clocks.o
    0x00000a94   0x00000a94   0x00000002   Code   RO          533    .text.bsp_init_internal  bsp_common.o
    0x00000a96   0x00000a96   0x00000002   PAD
    0x00000a98   0x00000a98   0x00000096   Code   RO          582    .text.bsp_irq_cfg   bsp_irq.o
    0x00000b2e   0x00000b2e   0x00000008   Code   RO          552    .text.bsp_prv_software_delay_loop  bsp_delay.o
    0x00000b36   0x00000b36   0x00000002   PAD
    0x00000b38   0x00000b38   0x00000090   Code   RO          675    .text.bsp_vbatt_init  r_ioport.o
    0x00000bc8   0x00000bc8   0x00000038   Code   RO           50    .text.debug_uart_callback  bsp_debug_uart.o
    0x00000c00   0x00000c00   0x00000060   Code   RO          778    .text.debug_uart_create  debug_uart.o
    0x00000c60   0x00000c60   0x00000024   Code   RO           77    .text.debug_uart_entry  debug_uart_entry.o
    0x00000c84   0x00000c84   0x00000012   Code   RO          780    .text.debug_uart_func  debug_uart.o
    0x00000c96   0x00000c96   0x00000002   PAD
    0x00000c98   0x00000c98   0x00000030   Code   RO           52    .text.fputc         bsp_debug_uart.o
    0x00000cc8   0x00000cc8   0x00000002   Code   RO          768    .text.g_common_init  common_data.o
    0x00000cca   0x00000cca   0x00000004   Code   RO          792    .text.g_hal_init    hal_data.o
    0x00000cce   0x00000cce   0x0000004a   Code   RO          809    .text.main          main.o
    0x00000d18   0x00000d18   0x0000009a   Code   RO          300    .text.prvAddCurrentTaskToDelayedList  tasks.o
    0x00000db2   0x00000db2   0x00000002   PAD
    0x00000db4   0x00000db4   0x00000128   Code   RO          288    .text.prvAddNewTaskToReadyList  tasks.o
    0x00000edc   0x00000edc   0x0000007c   Code   RO          415    .text.prvCheckForValidListAndQueue  timers.o
    0x00000f58   0x00000f58   0x00000062   Code   RO          181    .text.prvCopyDataToQueue  queue.o
    0x00000fba   0x00000fba   0x00000002   PAD
    0x00000fbc   0x00000fbc   0x0000006c   Code   RO          294    .text.prvDeleteTCB  tasks.o
    0x00001028   0x00001028   0x00000070   Code   RO          322    .text.prvIdleTask   tasks.o
    0x00001098   0x00001098   0x0000009c   Code   RO          286    .text.prvInitialiseNewTask  tasks.o
    0x00001134   0x00001134   0x00000056   Code   RO          137    .text.prvInsertBlockIntoFreeList  heap_4.o
    0x0000118a   0x0000118a   0x00000040   Code   RO          455    .text.prvInsertTimerInActiveList  timers.o
    0x000011ca   0x000011ca   0x00000040   Code   RO          451    .text.prvProcessExpiredTimer  timers.o
    0x0000120a   0x0000120a   0x00000002   PAD
    0x0000120c   0x0000120c   0x0000002e   Code   RO          453    .text.prvReloadTimer  timers.o
    0x0000123a   0x0000123a   0x00000002   PAD
    0x0000123c   0x0000123c   0x00000056   Code   RO          449    .text.prvSampleTimeNow  timers.o
    0x00001292   0x00001292   0x00000002   PAD
    0x00001294   0x00001294   0x00000006   Code   RO          739    .text.prvTaskExitError  port.o
    0x0000129a   0x0000129a   0x00000002   PAD
    0x0000129c   0x0000129c   0x0000019c   Code   RO          417    .text.prvTimerTask  timers.o
    0x00001438   0x00001438   0x00000072   Code   RO          183    .text.prvUnlockQueue  queue.o
    0x000014aa   0x000014aa   0x00000002   PAD
    0x000014ac   0x000014ac   0x000001b4   Code   RO          135    .text.pvPortMalloc  heap_4.o
    0x00001660   0x00001660   0x00000028   Code   RO          737    .text.pxPortInitialiseStack  port.o
    0x00001688   0x00001688   0x000000c0   Code   RO          673    .text.r_ioport_pins_config  r_ioport.o
    0x00001748   0x00001748   0x00000040   Code   RO          708    .text.r_sci_uart_call_callback  r_sci_uart.o
    0x00001788   0x00001788   0x00000024   Code   RO          731    .text.rm_freertos_port_restore_task_stackless  port.o
    0x000017ac   0x000017ac   0x0000006e   Code   RO          751    .text.rm_freertos_port_sleep_preserving_lpm  port.o
    0x0000181a   0x0000181a   0x00000002   PAD
    0x0000181c   0x0000181c   0x00000062   Code   RO          807    .text.rtos_startup_common_init  main.o
    0x0000187e   0x0000187e   0x00000004   Code   RO          805    .text.rtos_startup_err_callback_internal  main.o
    0x00001882   0x00001882   0x0000006a   Code   RO          714    .text.sci_uart_eri_isr  r_sci_uart.o
    0x000018ec   0x000018ec   0x00000088   Code   RO          710    .text.sci_uart_rxi_isr  r_sci_uart.o
    0x00001974   0x00001974   0x0000004a   Code   RO          712    .text.sci_uart_tei_isr  r_sci_uart.o
    0x000019be   0x000019be   0x00000088   Code   RO          706    .text.sci_uart_txi_isr  r_sci_uart.o
    0x00001a46   0x00001a46   0x00000022   Code   RO          125    .text.uxListRemove  list.o
    0x00001a68   0x00001a68   0x0000001a   Code   RO          811    .text.vApplicationGetIdleTaskMemory  main.o
    0x00001a82   0x00001a82   0x0000001a   Code   RO          813    .text.vApplicationGetTimerTaskMemory  main.o
    0x00001a9c   0x00001a9c   0x00000018   Code   RO          753    .text.vApplicationIdleHook  port.o
    0x00001ab4   0x00001ab4   0x00000016   Code   RO          117    .text.vListInitialise  list.o
    0x00001aca   0x00001aca   0x00000006   Code   RO          119    .text.vListInitialiseItem  list.o
    0x00001ad0   0x00001ad0   0x0000003a   Code   RO          123    .text.vListInsert   list.o
    0x00001b0a   0x00001b0a   0x0000004c   Code   RO          747    .text.vPortEnterCritical  port.o
    0x00001b56   0x00001b56   0x00000002   PAD
    0x00001b58   0x00001b58   0x0000004c   Code   RO          749    .text.vPortExitCritical  port.o
    0x00001ba4   0x00001ba4   0x0000009c   Code   RO          139    .text.vPortFree     heap_4.o
    0x00001c40   0x00001c40   0x0000003c   Code   RO          735    .text.vPortSVCHandler_C  port.o
    0x00001c7c   0x00001c7c   0x00000046   Code   RO          743    .text.vPortSetupTimerInterrupt  port.o
    0x00001cc2   0x00001cc2   0x00000002   PAD
    0x00001cc4   0x00001cc4   0x0000005e   Code   RO          217    .text.vQueueAddToRegistry  queue.o
    0x00001d22   0x00001d22   0x00000046   Code   RO          221    .text.vQueueWaitForMessageRestricted  queue.o
    0x00001d68   0x00001d68   0x00000054   Code   RO          304    .text.vTaskDelay    tasks.o
    0x00001dbc   0x00001dbc   0x0000001a   Code   RO          352    .text.vTaskInternalSetTimeOutState  tasks.o
    0x00001dd6   0x00001dd6   0x0000000e   Code   RO          356    .text.vTaskMissedYield  tasks.o
    0x00001de4   0x00001de4   0x0000003a   Code   RO          340    .text.vTaskPlaceOnEventList  tasks.o
    0x00001e1e   0x00001e1e   0x00000072   Code   RO          344    .text.vTaskPlaceOnEventListRestricted  tasks.o
    0x00001e90   0x00001e90   0x000000b4   Code   RO          320    .text.vTaskStartScheduler  tasks.o
    0x00001f44   0x00001f44   0x00000010   Code   RO          298    .text.vTaskSuspendAll  tasks.o
    0x00001f54   0x00001f54   0x0000009c   Code   RO          314    .text.vTaskSwitchContext  tasks.o
    0x00001ff0   0x00001ff0   0x0000003c   Code   RO          741    .text.xPortStartScheduler  port.o
    0x0000202c   0x0000202c   0x00000040   Code   RO          175    .text.xQueueCreateCountingSemaphoreStatic  queue.o
    0x0000206c   0x0000206c   0x000000a8   Code   RO          169    .text.xQueueGenericCreateStatic  queue.o
    0x00002114   0x00002114   0x000000cc   Code   RO          167    .text.xQueueGenericReset  queue.o
    0x000021e0   0x000021e0   0x000001a8   Code   RO          179    .text.xQueueGenericSend  queue.o
    0x00002388   0x00002388   0x0000019a   Code   RO          189    .text.xQueueReceive  queue.o
    0x00002522   0x00002522   0x00000002   PAD
    0x00002524   0x00002524   0x00000172   Code   RO          191    .text.xQueueSemaphoreTake  queue.o
    0x00002696   0x00002696   0x00000002   PAD
    0x00002698   0x00002698   0x0000009c   Code   RO          354    .text.xTaskCheckForTimeOut  tasks.o
    0x00002734   0x00002734   0x0000005a   Code   RO          290    .text.xTaskCreate   tasks.o
    0x0000278e   0x0000278e   0x00000002   PAD
    0x00002790   0x00002790   0x000000dc   Code   RO          284    .text.xTaskCreateStatic  tasks.o
    0x0000286c   0x0000286c   0x00000024   Code   RO          364    .text.xTaskGetSchedulerState  tasks.o
    0x00002890   0x00002890   0x0000000c   Code   RO          328    .text.xTaskGetTickCount  tasks.o
    0x0000289c   0x0000289c   0x000001a6   Code   RO          326    .text.xTaskIncrementTick  tasks.o
    0x00002a42   0x00002a42   0x000000f2   Code   RO          346    .text.xTaskRemoveFromEventList  tasks.o
    0x00002b34   0x00002b34   0x0000017e   Code   RO          302    .text.xTaskResumeAll  tasks.o
    0x00002cb2   0x00002cb2   0x00000002   PAD
    0x00002cb4   0x00002cb4   0x0000007c   Code   RO          413    .text.xTimerCreateTimerTask  timers.o
    0x00002d30   0x00002d30   0x00000010   Code   RO          856    i.__0printf$bare    mc_w.l(printfb.o)
    0x00002d40   0x00002d40   0x00000022   Code   RO          863    i._printf_core      mc_w.l(printfb.o)
    0x00002d62   0x00002d62   0x00000002   PAD
    0x00002d64   0x00002d64   0x00000044   Data   RO          796    .rodata.Debug_UART_cfg  hal_data.o
    0x00002da8   0x00002da8   0x0000002c   Data   RO          795    .rodata.Debug_UART_cfg_extend  hal_data.o
    0x00002dd4   0x00002dd4   0x00000008   Data   RO          599    .rodata.cst8        bsp_register_protection.o
    0x00002ddc   0x00002ddc   0x00000004   Data   RO          782    .rodata.debug_uart_parameters  debug_uart.o
    0x00002de0   0x00002de0   0x0000000c   Data   RO          833    .rodata.g_bsp_pin_cfg  pin_data.o
    0x00002dec   0x00002dec   0x00000020   Data   RO          832    .rodata.g_bsp_pin_cfg_data  pin_data.o
    0x00002e0c   0x00002e0c   0x00000180   Data   RO          840    .rodata.g_interrupt_event_link_select  vector_data.o
    0x00002f8c   0x00002f8c   0x00000004   Data   RO          635    .rodata.gp_start_of_nonsecure_callable_flash  bsp_security.o
    0x00002f90   0x00002f90   0x00000004   Data   RO          638    .rodata.gp_start_of_nonsecure_callable_ram  bsp_security.o
    0x00002f94   0x00002f94   0x00000004   Data   RO          640    .rodata.gp_start_of_nonsecure_data_flash  bsp_security.o
    0x00002f98   0x00002f98   0x00000004   Data   RO          634    .rodata.gp_start_of_nonsecure_flash  bsp_security.o
    0x00002f9c   0x00002f9c   0x00000004   Data   RO          637    .rodata.gp_start_of_nonsecure_ram  bsp_security.o
    0x00002fa0   0x00002fa0   0x00000004   Data   RO          641    .rodata.gp_start_of_secure_data_flash  bsp_security.o
    0x00002fa4   0x00002fa4   0x00000004   Data   RO          636    .rodata.gp_start_of_secure_flash  bsp_security.o
    0x00002fa8   0x00002fa8   0x00000004   Data   RO          639    .rodata.gp_start_of_secure_ram  bsp_security.o
    0x00002fac   0x00002fac   0x000000be   Data   RO          154    .rodata.str1.1      heap_4.o
    0x0000306a   0x0000306a   0x0000026d   Data   RO          223    .rodata.str1.1      queue.o
    0x000032d7   0x000032d7   0x000001d9   Data   RO          384    .rodata.str1.1      tasks.o
    0x000034b0   0x000034b0   0x00000041   Data   RO          459    .rodata.str1.1      timers.o
    0x000034f1   0x000034f1   0x0000007a   Data   RO          757    .rodata.str1.1      port.o
    0x0000356b   0x0000356b   0x00000001   PAD
    0x0000356c   0x0000356c   0x00000004   Data   RO          383    .rodata.uxTopUsedPriority  tasks.o
    0x00003570   0x00003570   0x00000004   Data   RO          539    .version            bsp_common.o
    0x00003574   0x00003574   0x00000006   Data   RO          540    .version            bsp_common.o
    0x0000357a   0x0000357a   0x00000044   Data   RO          541    .version            bsp_common.o


    Execution Region __tz_RAM_S (Exec base: 0x20000000, Load base: 0x000035c0, Size: 0x00000000, Max: 0x00000000, ABSOLUTE)

    Exec Addr    Load Addr    Size         Type   Attr      Idx    E Section Name        Object

    0x20000000        -       0x00000000   Zero   RW            2    __tz_RAM_S.bss      anon$$obj.o


    Execution Region DTC_VECTOR_TABLE (Exec base: 0x20000000, Load base: 0x000035c0, Size: 0x00000000, Max: 0x00080000, ABSOLUTE, UNINIT)

    **** No section assigned to this execution region ****


    Execution Region DATA (Exec base: 0x20000000, Load base: 0x000035c0, Size: 0x00000008, Max: 0xffffffff, ABSOLUTE)

    Exec Addr    Load Addr    Size         Type   Attr      Idx    E Section Name        Object

    0x20000000   0x000035c0   0x00000004   Data   RW         1115    .data               mc_w.l(stdout.o)
    0x20000004   0x000035c4   0x00000004   Data   RW          794    .data.Debug_UART_baud_setting  hal_data.o


    Execution Region BSS (Exec base: 0x20000008, Load base: 0x000035c8, Size: 0x00003198, Max: 0xffffffff, ABSOLUTE)

    Exec Addr    Load Addr    Size         Type   Attr      Idx    E Section Name        Object

    0x20000008        -       0x00000030   Zero   RW          797    .bss.Debug_UART_ctrl  hal_data.o
    0x20000038        -       0x00000004   Zero   RW          493    .bss.SystemCoreClock  system.o
    0x2000003c        -       0x00000004   Zero   RW          783    .bss.debug_uart     debug_uart.o
    0x20000040        -       0x00000040   Zero   RW          566    .bss.g_bsp_group_irq_sources  bsp_group_irq.o
    0x20000080        -       0x00000001   Zero   RW          816    .bss.g_fsp_common_initialized  main.o
    0x20000081   0x000035c8   0x00000003   PAD
    0x20000084        -       0x00000004   Zero   RW          815    .bss.g_fsp_common_initialized_semaphore  main.o
    0x20000088        -       0x00000048   Zero   RW          818    .bss.g_fsp_common_initialized_semaphore_memory  main.o
    0x200000d0        -       0x00000004   Zero   RW          817    .bss.g_fsp_common_thread_count  main.o
    0x200000d4        -       0x00000008   Zero   RW          770    .bss.g_ioport_ctrl  common_data.o
    0x200000dc        -       0x00000004   Zero   RW          759    .bss.g_mask_level_before_disable  port.o
    0x200000e0        -       0x00000008   Zero   RW          598    .bss.g_protect_counters  bsp_register_protection.o
    0x200000e8        -       0x00000004   Zero   RW          576    .bss.g_protect_pfswe_counter  bsp_io.o
    0x200000ec        -       0x00000180   Zero   RW          585    .bss.gp_renesas_isr_context  bsp_irq.o
    0x2000026c        -       0x00000078   Zero   RW          466    .bss.prvCheckForValidListAndQueue.ucStaticTimerQueueStorage  timers.o
    0x200002e4        -       0x00000048   Zero   RW          465    .bss.prvCheckForValidListAndQueue.xStaticTimerQueue  timers.o
    0x2000032c        -       0x00000004   Zero   RW          462    .bss.prvSampleTimeNow.xLastTime  timers.o
    0x20000330        -       0x00000004   Zero   RW          382    .bss.pxCurrentTCB   tasks.o
    0x20000334        -       0x00000004   Zero   RW          460    .bss.pxCurrentTimerList  timers.o
    0x20000338        -       0x00000004   Zero   RW          400    .bss.pxDelayedTaskList  tasks.o
    0x2000033c        -       0x00000004   Zero   RW          151    .bss.pxEnd          heap_4.o
    0x20000340        -       0x00000004   Zero   RW          401    .bss.pxOverflowDelayedTaskList  tasks.o
    0x20000344        -       0x00000004   Zero   RW          461    .bss.pxOverflowTimerList  timers.o
    0x20000348        -       0x00000064   Zero   RW          392    .bss.pxReadyTasksLists  tasks.o
    0x200003ac        -       0x00000001   Zero   RW           55    .bss.uart_receive_complete_flag  bsp_debug_uart.o
    0x200003ad        -       0x00000001   Zero   RW           54    .bss.uart_send_complete_flag  bsp_debug_uart.o
    0x200003ae        -       0x00002800   Zero   RW          158    .bss.ucHeap         heap_4.o
    0x20002bae   0x000035c8   0x00000002   PAD
    0x20002bb0        -       0x00000004   Zero   RW          758    .bss.uxCriticalNesting  port.o
    0x20002bb4        -       0x00000004   Zero   RW          388    .bss.uxCurrentNumberOfTasks  tasks.o
    0x20002bb8        -       0x00000004   Zero   RW          387    .bss.uxDeletedTasksWaitingCleanUp  tasks.o
    0x20002bbc        -       0x00000004   Zero   RW          390    .bss.uxSchedulerSuspended  tasks.o
    0x20002bc0        -       0x00000004   Zero   RW          385    .bss.uxTaskNumber   tasks.o
    0x20002bc4        -       0x00000004   Zero   RW          393    .bss.uxTopReadyPriority  tasks.o
    0x20002bc8        -       0x00000200   Zero   RW          820    .bss.vApplicationGetIdleTaskMemory.uxIdleTaskStack  main.o
    0x20002dc8        -       0x00000060   Zero   RW          819    .bss.vApplicationGetIdleTaskMemory.xIdleTaskTCB  main.o
    0x20002e28        -       0x00000200   Zero   RW          822    .bss.vApplicationGetTimerTaskMemory.uxTimerTaskStack  main.o
    0x20003028        -       0x00000060   Zero   RW          821    .bss.vApplicationGetTimerTaskMemory.xTimerTaskTCB  main.o
    0x20003088        -       0x00000014   Zero   RW          463    .bss.xActiveTimerList1  timers.o
    0x2000309c        -       0x00000014   Zero   RW          464    .bss.xActiveTimerList2  timers.o
    0x200030b0        -       0x00000014   Zero   RW          403    .bss.xDelayedTaskList1  tasks.o
    0x200030c4        -       0x00000014   Zero   RW          404    .bss.xDelayedTaskList2  tasks.o
    0x200030d8        -       0x00000004   Zero   RW          152    .bss.xFreeBytesRemaining  heap_4.o
    0x200030dc        -       0x00000004   Zero   RW          397    .bss.xIdleTaskHandle  tasks.o
    0x200030e0        -       0x00000004   Zero   RW          155    .bss.xMinimumEverFreeBytesRemaining  heap_4.o
    0x200030e4        -       0x00000004   Zero   RW          398    .bss.xNextTaskUnblockTime  tasks.o
    0x200030e8        -       0x00000004   Zero   RW          402    .bss.xNumOfOverflows  tasks.o
    0x200030ec        -       0x00000004   Zero   RW          156    .bss.xNumberOfSuccessfulAllocations  heap_4.o
    0x200030f0        -       0x00000004   Zero   RW          157    .bss.xNumberOfSuccessfulFrees  heap_4.o
    0x200030f4        -       0x00000004   Zero   RW          399    .bss.xPendedTicks   tasks.o
    0x200030f8        -       0x00000014   Zero   RW          396    .bss.xPendingReadyList  tasks.o
    0x2000310c        -       0x00000050   Zero   RW          224    .bss.xQueueRegistry  queue.o
    0x2000315c        -       0x00000004   Zero   RW          389    .bss.xSchedulerRunning  tasks.o
    0x20003160        -       0x00000008   Zero   RW          153    .bss.xStart         heap_4.o
    0x20003168        -       0x00000014   Zero   RW          394    .bss.xSuspendedTaskList  tasks.o
    0x2000317c        -       0x00000014   Zero   RW          386    .bss.xTasksWaitingTermination  tasks.o
    0x20003190        -       0x00000004   Zero   RW          391    .bss.xTickCount     tasks.o
    0x20003194        -       0x00000004   Zero   RW          457    .bss.xTimerQueue    timers.o
    0x20003198        -       0x00000004   Zero   RW          458    .bss.xTimerTaskHandle  timers.o
    0x2000319c        -       0x00000004   Zero   RW          395    .bss.xYieldPending  tasks.o


    Execution Region NOINIT (Exec base: 0x200031a0, Load base: 0x000035c8, Size: 0x0000001c, Max: 0xffffffff, ABSOLUTE, UNINIT)

    Exec Addr    Load Addr    Size         Type   Attr      Idx    E Section Name        Object

    0x200031a0        -       0x0000001c   Zero   RW          524    .bss.noinit         bsp_clocks.o


    Execution Region ARM_LIB_HEAP (Exec base: 0x200031c0, Load base: 0x000035c8, Size: 0x00001000, Max: 0xffffffff, ABSOLUTE, UNINIT)

    Exec Addr    Load Addr    Size         Type   Attr      Idx    E Section Name        Object

    0x200031c0        -       0x00001000   Zero   RW          481    .bss.heap           startup.o


    Execution Region ARM_LIB_STACK (Exec base: 0x200041c0, Load base: 0x000035c8, Size: 0x00000000, Max: 0x00000000, ABSOLUTE, UNINIT)

    Exec Addr    Load Addr    Size         Type   Attr      Idx    E Section Name        Object

    0x200041c0        -       0x00000000   Zero   RW            3    ARM_LIB_STACK.bss   anon$$obj.o


    Execution Region STACK (Exec base: 0x200041c0, Load base: 0x000035c8, Size: 0x00000400, Max: 0xffffffff, ABSOLUTE, UNINIT)

    Exec Addr    Load Addr    Size         Type   Attr      Idx    E Section Name        Object

    0x200041c0        -       0x00000400   Zero   RW          479    .bss.stack          startup.o


    Execution Region RAM_END (Exec base: 0x200045c0, Load base: 0x000035c8, Size: 0x00000004, Max: 0x00000004, ABSOLUTE)

    Exec Addr    Load Addr    Size         Type   Attr      Idx    E Section Name        Object

    0x200045c0        -       0x00000004   Zero   RW            4    RAM_END.bss         anon$$obj.o


    Execution Region __tz_RAM_C (Exec base: 0x20080000, Load base: 0x000035c8, Size: 0x00000000, Max: 0x00000000, ABSOLUTE)

    Exec Addr    Load Addr    Size         Type   Attr      Idx    E Section Name        Object

    0x20080000        -       0x00000000   Zero   RW            5    __tz_RAM_C.bss      anon$$obj.o


    Execution Region __tz_RAM_N (Exec base: 0x20080000, Load base: 0x000035c8, Size: 0x00000000, Max: 0x00000000, ABSOLUTE)

    Exec Addr    Load Addr    Size         Type   Attr      Idx    E Section Name        Object

    0x20080000        -       0x00000000   Zero   RW            6    __tz_RAM_N.bss      anon$$obj.o


    Execution Region RAM_LIMIT (Exec base: 0x20080000, Load base: 0x000035c8, Size: 0x00000004, Max: 0x00000004, ABSOLUTE)

    Exec Addr    Load Addr    Size         Type   Attr      Idx    E Section Name        Object

    0x20080000        -       0x00000004   Zero   RW            7    RAM_LIMIT.bss       anon$$obj.o


    Execution Region OSPI_DEVICE_0_NO_LOAD (Exec base: 0x68000000, Load base: 0x000035c8, Size: 0x00000000, Max: 0xffffffff, ABSOLUTE, UNINIT)

    **** No section assigned to this execution region ****


    Execution Region OSPI_DEVICE_1_NO_LOAD (Exec base: 0x70000000, Load base: 0x000035c8, Size: 0x00000000, Max: 0xffffffff, ABSOLUTE, UNINIT)

    **** No section assigned to this execution region ****



  Load Region LOAD_REGION_NSC_FLASH (Base: 0x00007c00, Size: 0x00000000, Max: 0xffffffff, ABSOLUTE)

    Execution Region __tz_FLASH_C (Exec base: 0x00007c00, Load base: 0x00007c00, Size: 0x00000000, Max: 0x00000000, ABSOLUTE)

    Exec Addr    Load Addr    Size         Type   Attr      Idx    E Section Name        Object

    0x00007c00        -       0x00000000   Zero   RW            8    __tz_FLASH_C.bss    anon$$obj.o


    Execution Region EXEC_NSCR (Exec base: 0x00007c00, Load base: 0x00007c00, Size: 0x00000000, Max: 0xffffffff, ABSOLUTE, FIXED)

    **** No section assigned to this execution region ****


    Execution Region __tz_FLASH_N (Exec base: 0x00008000, Load base: 0x00007c00, Size: 0x00000000, Max: 0x00000000, ABSOLUTE)

    Exec Addr    Load Addr    Size         Type   Attr      Idx    E Section Name        Object

    0x00008000        -       0x00000000   Zero   RW            9    __tz_FLASH_N.bss    anon$$obj.o



  Load Region LOAD_REGION_ID_CODE (Base: 0x00000000, Size: 0x00000000, Max: 0x00000004, ABSOLUTE)

    Execution Region __tz_ID_CODE_S (Exec base: 0x00000000, Load base: 0x00000000, Size: 0x00000000, Max: 0x00000000, ABSOLUTE)

    Exec Addr    Load Addr    Size         Type   Attr      Idx    E Section Name        Object

    0x00000000        -       0x00000000   Zero   RW           10    __tz_ID_CODE_S.bss  anon$$obj.o


    Execution Region __tz_ID_CODE_N (Exec base: 0x00000000, Load base: 0x00000000, Size: 0x00000000, Max: 0x00000000, ABSOLUTE)

    Exec Addr    Load Addr    Size         Type   Attr      Idx    E Section Name        Object

    0x00000000        -       0x00000000   Zero   RW           11    __tz_ID_CODE_N.bss  anon$$obj.o



  Load Region LOAD_REGION_OPTION_SETTING (Base: 0x0100a100, Size: 0x00000080, Max: 0x00000100, ABSOLUTE)

    Execution Region __tz_OPTION_SETTING_S (Exec base: 0x0100a100, Load base: 0x0100a100, Size: 0x00000000, Max: 0x00000000, ABSOLUTE)

    Exec Addr    Load Addr    Size         Type   Attr      Idx    E Section Name        Object

    0x0100a100        -       0x00000000   Zero   RW           12    __tz_OPTION_SETTING_S.bss  anon$$obj.o


    Execution Region OFS0 (Exec base: 0x0100a100, Load base: 0x0100a100, Size: 0x00000004, Max: 0xffffffff, ABSOLUTE, FIXED)

    Exec Addr    Load Addr    Size         Type   Attr      Idx    E Section Name        Object

    0x0100a100   0x0100a100   0x00000004   Data   RO          608    .option_setting_ofs0  bsp_rom_registers.o


    Execution Region UNUSED_0 (Exec base: 0x0100a104, Load base: 0x0100a104, Size: 0x00000000, Max: 0x00000000, ABSOLUTE, FIXED)

    Exec Addr    Load Addr    Size         Type   Attr      Idx    E Section Name        Object

    0x0100a104        -       0x00000000   Zero   RW           13    UNUSED_0.bss        anon$$obj.o


    Execution Region OFS2 (Exec base: 0x0100a104, Load base: 0x0100a104, Size: 0x00000000, Max: 0xffffffff, ABSOLUTE, FIXED)

    **** No section assigned to this execution region ****


    Execution Region UNUSED_1 (Exec base: 0x0100a104, Load base: 0x0100a104, Size: 0x0000000c, Max: 0x0000000c, ABSOLUTE, FIXED)

    Exec Addr    Load Addr    Size         Type   Attr      Idx    E Section Name        Object

    0x0100a104        -       0x0000000c   Zero   RW           14    UNUSED_1.bss        anon$$obj.o


    Execution Region DUALSEL (Exec base: 0x0100a110, Load base: 0x0100a110, Size: 0x00000004, Max: 0xffffffff, ABSOLUTE, FIXED)

    Exec Addr    Load Addr    Size         Type   Attr      Idx    E Section Name        Object

    0x0100a110   0x0100a110   0x00000004   Data   RO          609    .option_setting_dualsel  bsp_rom_registers.o


    Execution Region UNUSED_2 (Exec base: 0x0100a114, Load base: 0x0100a114, Size: 0x00000020, Max: 0x00000020, ABSOLUTE, FIXED)

    Exec Addr    Load Addr    Size         Type   Attr      Idx    E Section Name        Object

    0x0100a114        -       0x00000020   Zero   RW           15    UNUSED_2.bss        anon$$obj.o


    Execution Region SAS (Exec base: 0x0100a134, Load base: 0x0100a134, Size: 0x00000004, Max: 0xffffffff, ABSOLUTE, FIXED)

    Exec Addr    Load Addr    Size         Type   Attr      Idx    E Section Name        Object

    0x0100a134   0x0100a134   0x00000004   Data   RO          610    .option_setting_sas  bsp_rom_registers.o


    Execution Region UNUSED_3 (Exec base: 0x0100a138, Load base: 0x0100a138, Size: 0x00000048, Max: 0x00000048, ABSOLUTE, FIXED)

    Exec Addr    Load Addr    Size         Type   Attr      Idx    E Section Name        Object

    0x0100a138        -       0x00000048   Zero   RW           16    UNUSED_3.bss        anon$$obj.o


    Execution Region __tz_OPTION_SETTING_N (Exec base: 0x0100a180, Load base: 0x0100a180, Size: 0x00000000, Max: 0x00000000, ABSOLUTE)

    Exec Addr    Load Addr    Size         Type   Attr      Idx    E Section Name        Object

    0x0100a180        -       0x00000000   Zero   RW           17    __tz_OPTION_SETTING_N.bss  anon$$obj.o



  Load Region LOAD_REGION_OPTION_SETTING_S (Base: 0x0100a200, Size: 0x00000100, Max: 0x00000100, ABSOLUTE)

    Execution Region __tz_OPTION_SETTING_S_S (Exec base: 0x0100a200, Load base: 0x0100a200, Size: 0x00000000, Max: 0x00000000, ABSOLUTE)

    Exec Addr    Load Addr    Size         Type   Attr      Idx    E Section Name        Object

    0x0100a200        -       0x00000000   Zero   RW           18    __tz_OPTION_SETTING_S_S.bss  anon$$obj.o


    Execution Region OFS1_SEC (Exec base: 0x0100a200, Load base: 0x0100a200, Size: 0x00000004, Max: 0xffffffff, ABSOLUTE, FIXED)

    Exec Addr    Load Addr    Size         Type   Attr      Idx    E Section Name        Object

    0x0100a200   0x0100a200   0x00000004   Data   RO          611    .option_setting_ofs1_sec  bsp_rom_registers.o


    Execution Region UNUSED_7 (Exec base: 0x0100a204, Load base: 0x0100a204, Size: 0x00000000, Max: 0x00000000, ABSOLUTE, FIXED)

    Exec Addr    Load Addr    Size         Type   Attr      Idx    E Section Name        Object

    0x0100a204        -       0x00000000   Zero   RW           19    UNUSED_7.bss        anon$$obj.o


    Execution Region OFS3_SEC (Exec base: 0x0100a204, Load base: 0x0100a204, Size: 0x00000000, Max: 0xffffffff, ABSOLUTE, FIXED)

    **** No section assigned to this execution region ****


    Execution Region UNUSED_8 (Exec base: 0x0100a204, Load base: 0x0100a204, Size: 0x0000000c, Max: 0x0000000c, ABSOLUTE, FIXED)

    Exec Addr    Load Addr    Size         Type   Attr      Idx    E Section Name        Object

    0x0100a204        -       0x0000000c   Zero   RW           20    UNUSED_8.bss        anon$$obj.o


    Execution Region BANKSEL_SEC (Exec base: 0x0100a210, Load base: 0x0100a210, Size: 0x00000004, Max: 0xffffffff, ABSOLUTE, FIXED)

    Exec Addr    Load Addr    Size         Type   Attr      Idx    E Section Name        Object

    0x0100a210   0x0100a210   0x00000004   Data   RO          612    .option_setting_banksel_sec  bsp_rom_registers.o


    Execution Region UNUSED_9 (Exec base: 0x0100a214, Load base: 0x0100a214, Size: 0x0000002c, Max: 0x0000002c, ABSOLUTE, FIXED)

    Exec Addr    Load Addr    Size         Type   Attr      Idx    E Section Name        Object

    0x0100a214        -       0x0000002c   Zero   RW           21    UNUSED_9.bss        anon$$obj.o


    Execution Region BPS_SEC (Exec base: 0x0100a240, Load base: 0x0100a240, Size: 0x00000010, Max: 0xffffffff, ABSOLUTE, FIXED)

    Exec Addr    Load Addr    Size         Type   Attr      Idx    E Section Name        Object

    0x0100a240   0x0100a240   0x00000004   Data   RO          613    .option_setting_bps_sec0  bsp_rom_registers.o
    0x0100a244   0x0100a244   0x00000004   Data   RO          614    .option_setting_bps_sec1  bsp_rom_registers.o
    0x0100a248   0x0100a248   0x00000004   Data   RO          615    .option_setting_bps_sec2  bsp_rom_registers.o
    0x0100a24c   0x0100a24c   0x00000004   Data   RO          616    .option_setting_bps_sec3  bsp_rom_registers.o


    Execution Region UNUSED_10 (Exec base: 0x0100a250, Load base: 0x0100a250, Size: 0x00000010, Max: 0x00000010, ABSOLUTE, FIXED)

    Exec Addr    Load Addr    Size         Type   Attr      Idx    E Section Name        Object

    0x0100a250        -       0x00000010   Zero   RW           22    UNUSED_10.bss       anon$$obj.o


    Execution Region PBPS_SEC (Exec base: 0x0100a260, Load base: 0x0100a260, Size: 0x00000010, Max: 0xffffffff, ABSOLUTE, FIXED)

    Exec Addr    Load Addr    Size         Type   Attr      Idx    E Section Name        Object

    0x0100a260   0x0100a260   0x00000004   Data   RO          617    .option_setting_pbps_sec0  bsp_rom_registers.o
    0x0100a264   0x0100a264   0x00000004   Data   RO          618    .option_setting_pbps_sec1  bsp_rom_registers.o
    0x0100a268   0x0100a268   0x00000004   Data   RO          619    .option_setting_pbps_sec2  bsp_rom_registers.o
    0x0100a26c   0x0100a26c   0x00000004   Data   RO          620    .option_setting_pbps_sec3  bsp_rom_registers.o


    Execution Region UNUSED_11 (Exec base: 0x0100a270, Load base: 0x0100a270, Size: 0x00000010, Max: 0x00000010, ABSOLUTE, FIXED)

    Exec Addr    Load Addr    Size         Type   Attr      Idx    E Section Name        Object

    0x0100a270        -       0x00000010   Zero   RW           23    UNUSED_11.bss       anon$$obj.o


    Execution Region OFS1_SEL (Exec base: 0x0100a280, Load base: 0x0100a280, Size: 0x00000004, Max: 0xffffffff, ABSOLUTE, FIXED)

    Exec Addr    Load Addr    Size         Type   Attr      Idx    E Section Name        Object

    0x0100a280   0x0100a280   0x00000004   Data   RO          621    .option_setting_ofs1_sel  bsp_rom_registers.o


    Execution Region UNUSED_12 (Exec base: 0x0100a284, Load base: 0x0100a284, Size: 0x00000000, Max: 0x00000000, ABSOLUTE, FIXED)

    Exec Addr    Load Addr    Size         Type   Attr      Idx    E Section Name        Object

    0x0100a284        -       0x00000000   Zero   RW           24    UNUSED_12.bss       anon$$obj.o


    Execution Region OFS3_SEL (Exec base: 0x0100a284, Load base: 0x0100a284, Size: 0x00000000, Max: 0xffffffff, ABSOLUTE, FIXED)

    **** No section assigned to this execution region ****


    Execution Region UNUSED_13 (Exec base: 0x0100a284, Load base: 0x0100a284, Size: 0x0000000c, Max: 0x0000000c, ABSOLUTE, FIXED)

    Exec Addr    Load Addr    Size         Type   Attr      Idx    E Section Name        Object

    0x0100a284        -       0x0000000c   Zero   RW           25    UNUSED_13.bss       anon$$obj.o


    Execution Region BANKSEL_SEL (Exec base: 0x0100a290, Load base: 0x0100a290, Size: 0x00000004, Max: 0xffffffff, ABSOLUTE, FIXED)

    Exec Addr    Load Addr    Size         Type   Attr      Idx    E Section Name        Object

    0x0100a290   0x0100a290   0x00000004   Data   RO          622    .option_setting_banksel_sel  bsp_rom_registers.o


    Execution Region UNUSED_14 (Exec base: 0x0100a294, Load base: 0x0100a294, Size: 0x0000002c, Max: 0x0000002c, ABSOLUTE, FIXED)

    Exec Addr    Load Addr    Size         Type   Attr      Idx    E Section Name        Object

    0x0100a294        -       0x0000002c   Zero   RW           26    UNUSED_14.bss       anon$$obj.o


    Execution Region BPS_SEL (Exec base: 0x0100a2c0, Load base: 0x0100a2c0, Size: 0x00000010, Max: 0xffffffff, ABSOLUTE, FIXED)

    Exec Addr    Load Addr    Size         Type   Attr      Idx    E Section Name        Object

    0x0100a2c0   0x0100a2c0   0x00000004   Data   RO          623    .option_setting_bps_sel0  bsp_rom_registers.o
    0x0100a2c4   0x0100a2c4   0x00000004   Data   RO          624    .option_setting_bps_sel1  bsp_rom_registers.o
    0x0100a2c8   0x0100a2c8   0x00000004   Data   RO          625    .option_setting_bps_sel2  bsp_rom_registers.o
    0x0100a2cc   0x0100a2cc   0x00000004   Data   RO          626    .option_setting_bps_sel3  bsp_rom_registers.o


    Execution Region UNUSED_15 (Exec base: 0x0100a2d0, Load base: 0x0100a2d0, Size: 0x00000030, Max: 0x00000030, ABSOLUTE, FIXED)

    Exec Addr    Load Addr    Size         Type   Attr      Idx    E Section Name        Object

    0x0100a2d0        -       0x00000030   Zero   RW           27    UNUSED_15.bss       anon$$obj.o


    Execution Region __tz_OPTION_SETTING_S_N (Exec base: 0x0100a300, Load base: 0x0100a300, Size: 0x00000000, Max: 0x00000000, ABSOLUTE)

    Exec Addr    Load Addr    Size         Type   Attr      Idx    E Section Name        Object

    0x0100a300        -       0x00000000   Zero   RW           28    __tz_OPTION_SETTING_S_N.bss  anon$$obj.o



  Load Region LOAD_REGION_DATA_FLASH (Base: 0x08000000, Size: 0x00000000, Max: 0x00002000, ABSOLUTE)

    Execution Region __tz_DATA_FLASH_S (Exec base: 0x08000000, Load base: 0x08000000, Size: 0x00000000, Max: 0x00000000, ABSOLUTE)

    Exec Addr    Load Addr    Size         Type   Attr      Idx    E Section Name        Object

    0x08000000        -       0x00000000   Zero   RW           29    __tz_DATA_FLASH_S.bss  anon$$obj.o


    Execution Region DATA_FLASH (Exec base: 0x08000000, Load base: 0x08000000, Size: 0x00000000, Max: 0xffffffff, ABSOLUTE)

    **** No section assigned to this execution region ****


    Execution Region __tz_DATA_FLASH_N (Exec base: 0x08000000, Load base: 0x08000000, Size: 0x00000000, Max: 0x00000000, ABSOLUTE)

    Exec Addr    Load Addr    Size         Type   Attr      Idx    E Section Name        Object

    0x08000000        -       0x00000000   Zero   RW           30    __tz_DATA_FLASH_N.bss  anon$$obj.o



  Load Region LOAD_REGION_QSPI_FLASH (Base: 0x60000000, Size: 0x00000000, Max: 0x04000000, ABSOLUTE)

    Execution Region __tz_QSPI_FLASH_S (Exec base: 0x60000000, Load base: 0x60000000, Size: 0x00000000, Max: 0x00000000, ABSOLUTE)

    Exec Addr    Load Addr    Size         Type   Attr      Idx    E Section Name        Object

    0x60000000        -       0x00000000   Zero   RW           31    __tz_QSPI_FLASH_S.bss  anon$$obj.o


    Execution Region QSPI_FLASH (Exec base: 0x60000000, Load base: 0x60000000, Size: 0x00000000, Max: 0xffffffff, ABSOLUTE, FIXED)

    **** No section assigned to this execution region ****


    Execution Region __tz_QSPI_FLASH_N (Exec base: 0x60000000, Load base: 0x60000000, Size: 0x00000000, Max: 0x00000000, ABSOLUTE)

    Exec Addr    Load Addr    Size         Type   Attr      Idx    E Section Name        Object

    0x60000000        -       0x00000000   Zero   RW           32    __tz_QSPI_FLASH_N.bss  anon$$obj.o



  Load Region LOAD_REGION_OSPI_DEVICE_0 (Base: 0x68000000, Size: 0x00000000, Max: 0x08000000, ABSOLUTE)

    Execution Region __tz_OSPI_DEVICE_0_S (Exec base: 0x68000000, Load base: 0x68000000, Size: 0x00000000, Max: 0x00000000, ABSOLUTE)

    Exec Addr    Load Addr    Size         Type   Attr      Idx    E Section Name        Object

    0x68000000        -       0x00000000   Zero   RW           33    __tz_OSPI_DEVICE_0_S.bss  anon$$obj.o


    Execution Region OSPI_DEVICE_0 (Exec base: 0x68000000, Load base: 0x68000000, Size: 0x00000000, Max: 0xffffffff, ABSOLUTE, FIXED)

    **** No section assigned to this execution region ****


    Execution Region __tz_OSPI_DEVICE_0_N (Exec base: 0x68000000, Load base: 0x68000000, Size: 0x00000000, Max: 0x00000000, ABSOLUTE)

    Exec Addr    Load Addr    Size         Type   Attr      Idx    E Section Name        Object

    0x68000000        -       0x00000000   Zero   RW           34    __tz_OSPI_DEVICE_0_N.bss  anon$$obj.o



  Load Region LOAD_REGION_OSPI_DEVICE_1 (Base: 0x70000000, Size: 0x00000000, Max: 0x10000000, ABSOLUTE)

    Execution Region __tz_OSPI_DEVICE_1_S (Exec base: 0x70000000, Load base: 0x70000000, Size: 0x00000000, Max: 0x00000000, ABSOLUTE)

    Exec Addr    Load Addr    Size         Type   Attr      Idx    E Section Name        Object

    0x70000000        -       0x00000000   Zero   RW           35    __tz_OSPI_DEVICE_1_S.bss  anon$$obj.o


    Execution Region OSPI_DEVICE_1 (Exec base: 0x70000000, Load base: 0x70000000, Size: 0x00000000, Max: 0xffffffff, ABSOLUTE, FIXED)

    **** No section assigned to this execution region ****


    Execution Region __tz_OSPI_DEVICE_1_N (Exec base: 0x70000000, Load base: 0x70000000, Size: 0x00000000, Max: 0x00000000, ABSOLUTE)

    Exec Addr    Load Addr    Size         Type   Attr      Idx    E Section Name        Object

    0x70000000        -       0x00000000   Zero   RW           36    __tz_OSPI_DEVICE_1_N.bss  anon$$obj.o



  Load Region LOAD_REGION_SDRAM (Base: 0x80010000, Size: 0x00000000, Max: 0x00000000, ABSOLUTE)

    Execution Region __tz_SDRAM_S (Exec base: 0x80010000, Load base: 0x80010000, Size: 0x00000000, Max: 0x00000000, ABSOLUTE)

    Exec Addr    Load Addr    Size         Type   Attr      Idx    E Section Name        Object

    0x80010000        -       0x00000000   Zero   RW           37    __tz_SDRAM_S.bss    anon$$obj.o


    Execution Region SDRAM (Exec base: 0x80010000, Load base: 0x80010000, Size: 0x00000000, Max: 0xffffffff, ABSOLUTE, FIXED)

    **** No section assigned to this execution region ****


    Execution Region __tz_SDRAM_N (Exec base: 0x80010000, Load base: 0x80010000, Size: 0x00000000, Max: 0x00000000, ABSOLUTE)

    Exec Addr    Load Addr    Size         Type   Attr      Idx    E Section Name        Object

    0x80010000        -       0x00000000   Zero   RW           38    __tz_SDRAM_N.bss    anon$$obj.o


==============================================================================

Image component sizes


      Code (inc. data)   RO Data    RW Data    ZI Data      Debug   Object Name

       450          0          0          0         28      34040   bsp_clocks.o
         8          0         78          0          0       9827   bsp_common.o
       184         44          0          0          2      12617   bsp_debug_uart.o
        96          0          0          0          0       1648   bsp_delay.o
        68          0          0          0         64      13909   bsp_group_irq.o
         0          0          0          0          4        475   bsp_io.o
       150          0          0          0        384      18060   bsp_irq.o
       160          0          8          0          8      21782   bsp_register_protection.o
         0          0         76          0          0       1138   bsp_rom_registers.o
         0          0         32          0          0        836   bsp_security.o
         2          0          0          0          8      17620   common_data.o
       114         12          4          0          4       1437   debug_uart.o
        36         12          0          0          0        551   debug_uart_entry.o
         4          0        112          4         48      30889   hal_data.o
        26          0          0          0          0      16686   hal_entry.o
       678        144        190          0      10268       5175   heap_4.o
       120          0          0          0          0       2179   list.o
       228          0          0          0       1297       3320   main.o
         0          0         44          0          0       7980   pin_data.o
       688         52        122          0          8      27542   port.o
      2016         80        621          0         80      21521   queue.o
       358         12          0          0          0      51664   r_ioport.o
      1420          0          0          0          0      71386   r_sci_uart.o
        14          0         64          0       5120        944   startup.o
       232          0          0          0          4       6479   system.o
      3034        200        477          0        260      29063   tasks.o
       920         74         65          0        252      14048   timers.o
         0          0        768          0          0       9578   vector_data.o

    ----------------------------------------------------------------------
     11048        630       2664          4      18160     432394   Object Totals
         0          0          0          0        316          0   (incl. Generated)
        42          0          3          0          5          0   (incl. Padding)

    ----------------------------------------------------------------------

      Code (inc. data)   RO Data    RW Data    ZI Data      Debug   Library Member Name

        36          0          0          0          0         68   memcpya.o
        36          0          0          0          0        108   memseta.o
        50          8          0          0          0        152   printfb.o
         0          0          0          4          0          0   stdout.o

    ----------------------------------------------------------------------
       124          8          0          4          0        328   Library Totals
         2          0          0          0          0          0   (incl. Padding)

    ----------------------------------------------------------------------

      Code (inc. data)   RO Data    RW Data    ZI Data      Debug   Library Name

       122          8          0          4          0        328   mc_w.l

    ----------------------------------------------------------------------
       124          8          0          4          0        328   Library Totals

    ----------------------------------------------------------------------

==============================================================================


      Code (inc. data)   RO Data    RW Data    ZI Data      Debug   

     11172        638       2664          8      18160     432178   Grand Totals
     11172        638       2664          8      18160     432178   ELF Image Totals
     11172        638       2664          8          0          0   ROM Totals

==============================================================================

    Total RO  Size (Code + RO Data)                13836 (  13.51kB)
    Total RW  Size (RW Data + ZI Data)             18168 (  17.74kB)
    Total ROM Size (Code + RO Data + RW Data)      13844 (  13.52kB)

==============================================================================

